running egg_info
writing ../build/marlin_ros/marlin_ros.egg-info/PKG-INFO
writing dependency_links to ../build/marlin_ros/marlin_ros.egg-info/dependency_links.txt
writing entry points to ../build/marlin_ros/marlin_ros.egg-info/entry_points.txt
writing requirements to ../build/marlin_ros/marlin_ros.egg-info/requires.txt
writing top-level names to ../build/marlin_ros/marlin_ros.egg-info/top_level.txt
reading manifest file '../build/marlin_ros/marlin_ros.egg-info/SOURCES.txt'
writing manifest file '../build/marlin_ros/marlin_ros.egg-info/SOURCES.txt'
running build
running build_py
running install
running install_lib
running install_data
copying launch/marlin_controller.launch.yaml -> /home/svevqx/delta_bot/software/ros_ws_delta/src/install/marlin_ros/share/marlin_ros/launch
running install_egg_info
removing '/home/svevqx/delta_bot/software/ros_ws_delta/src/install/marlin_ros/lib/python3.12/site-packages/marlin_ros-0.1.0-py3.12.egg-info' (and everything under it)
Copying ../build/marlin_ros/marlin_ros.egg-info to /home/svevqx/delta_bot/software/ros_ws_delta/src/install/marlin_ros/lib/python3.12/site-packages/marlin_ros-0.1.0-py3.12.egg-info
running install_scripts
Installing marlin_node script to /home/svevqx/delta_bot/software/ros_ws_delta/src/install/marlin_ros/lib/marlin_ros
writing list of installed files to '/home/svevqx/delta_bot/software/ros_ws_delta/src/build/marlin_ros/install.log'
