-- The C compiler identification is GNU 13.3.0
-- The CXX compiler identification is GNU 13.3.0
-- Detecting C compiler ABI info
-- Detecting C compiler ABI info - done
-- Check for working C compiler: /usr/bin/cc - skipped
-- Detecting C compile features
-- Detecting C compile features - done
-- Detecting CXX compiler ABI info
-- Detecting CXX compiler ABI info - done
-- Check for working CXX compiler: /usr/bin/c++ - skipped
-- Detecting CXX compile features
-- Detecting CXX compile features - done
-- Found ament_cmake: 2.5.3 (/opt/ros/jazzy/share/ament_cmake/cmake)
-- Found Python3: /usr/bin/python3 (found version "3.12.3") found components: Interpreter 
-- Found rclcpp: 28.1.6 (/opt/ros/jazzy/share/rclcpp/cmake)
-- Found rosidl_generator_c: 4.6.5 (/opt/ros/jazzy/share/rosidl_generator_c/cmake)
-- Found rosidl_generator_cpp: 4.6.5 (/opt/ros/jazzy/share/rosidl_generator_cpp/cmake)
-- Using all available rosidl_typesupport_c: rosidl_typesupport_fastrtps_c;rosidl_typesupport_introspection_c
-- Using all available rosidl_typesupport_cpp: rosidl_typesupport_fastrtps_cpp;rosidl_typesupport_introspection_cpp
-- Found rmw_implementation_cmake: 7.3.1 (/opt/ros/jazzy/share/rmw_implementation_cmake/cmake)
-- Found rmw_fastrtps_cpp: 8.4.1 (/opt/ros/jazzy/share/rmw_fastrtps_cpp/cmake)
-- Found OpenSSL: /usr/lib/x86_64-linux-gnu/libcrypto.so (found version "3.0.13")  
-- Found FastRTPS: /opt/ros/jazzy/include (Required is at least version "2.13") 
-- Using RMW implementation 'rmw_fastrtps_cpp' as default
-- Found std_msgs: 5.3.5 (/opt/ros/jazzy/share/std_msgs/cmake)
-- Found std_srvs: 5.3.5 (/opt/ros/jazzy/share/std_srvs/cmake)
-- Found rosidl_default_generators: 1.6.0 (/opt/ros/jazzy/share/rosidl_default_generators/cmake)
-- Found rosidl_adapter: 4.6.5 (/opt/ros/jazzy/share/rosidl_adapter/cmake)
-- Found ament_lint_auto: 0.17.1 (/opt/ros/jazzy/share/ament_lint_auto/cmake)
-- Added test 'cppcheck' to perform static code analysis on C / C++ code
-- Configured cppcheck include dirs: /home/svevqx/delta_bot/software/ros_ws_delta/src/serial/include
-- Configured cppcheck exclude dirs and/or files: 
-- Added test 'flake8' to check Python code syntax and style conventions
-- Configured 'flake8' exclude dirs and/or files: 
-- Added test 'lint_cmake' to check CMake code style
-- Added test 'pep257' to check Python code against some of the docstring style conventions in PEP 257
-- Added test 'uncrustify' to check C / C++ code style
-- Configured uncrustify additional arguments: 
-- Added test 'xmllint' to check XML markup files
-- Configuring done (7.1s)
-- Generating done (0.1s)
-- Build files have been written to: /home/svevqx/delta_bot/software/ros_ws_delta/src/build/remote_serial
[  5%] [32mBuilding CXX object CMakeFiles/remote_serial_native.dir/src/worker.cpp.o[0m
[ 11%] [32mBuilding CXX object CMakeFiles/remote_serial_standalone.dir/src/main.cpp.o[0m
[ 17%] [32mBuilding CXX object CMakeFiles/remote_serial_native.dir/src/node.cpp.o[0m
[ 23%] [32mBuilding CXX object CMakeFiles/remote_serial_standalone.dir/src/node.cpp.o[0m
[ 29%] [32mBuilding CXX object CMakeFiles/remote_serial_standalone.dir/src/worker.cpp.o[0m
[ 35%] [32mBuilding CXX object CMakeFiles/remote_serial_native.dir/src/implementation.cpp.o[0m
[ 41%] [32mBuilding CXX object CMakeFiles/remote_serial_standalone.dir/src/port.cpp.o[0m
[ 47%] [32mBuilding CXX object CMakeFiles/remote_serial_standalone.dir/src/implementation.cpp.o[0m
[ 52%] [32mBuilding CXX object CMakeFiles/remote_serial_native.dir/src/interface.cpp.o[0m
[ 58%] [32mBuilding CXX object CMakeFiles/remote_serial_native.dir/src/port.cpp.o[0m
[ 64%] [32mBuilding CXX object CMakeFiles/remote_serial_native.dir/src/interface_remote.cpp.o[0m
[ 70%] [32mBuilding CXX object CMakeFiles/remote_serial_standalone.dir/src/interface_remote.cpp.o[0m
[ 76%] [32mBuilding CXX object CMakeFiles/remote_serial_native.dir/src/factory.cpp.o[0m
[ 82%] [32mBuilding CXX object CMakeFiles/remote_serial_standalone.dir/src/factory.cpp.o[0m
[ 88%] [32m[1mLinking CXX static library libremote_serial_native.a[0m
[ 88%] Built target remote_serial_native
[ 94%] [32mBuilding CXX object CMakeFiles/remote_serial_standalone.dir/src/interface.cpp.o[0m
[100%] [32m[1mLinking CXX executable remote_serial_standalone[0m
[100%] Built target remote_serial_standalone
-- Install configuration: ""
-- Installing: /home/svevqx/delta_bot/software/ros_ws_delta/src/install/remote_serial/lib/remote_serial/remote_serial_standalone
-- Set non-toolchain portion of runtime path of "/home/svevqx/delta_bot/software/ros_ws_delta/src/install/remote_serial/lib/remote_serial/remote_serial_standalone" to ""
-- Installing: /home/svevqx/delta_bot/software/ros_ws_delta/src/install/remote_serial/share/remote_serial/environment/library_path.sh
-- Installing: /home/svevqx/delta_bot/software/ros_ws_delta/src/install/remote_serial/share/remote_serial/environment/library_path.dsv
-- Installing: /home/svevqx/delta_bot/software/ros_ws_delta/src/install/remote_serial/lib/libremote_serial_native.a
-- Installing: /home/svevqx/delta_bot/software/ros_ws_delta/src/install/remote_serial/include/remote_serial
-- Installing: /home/svevqx/delta_bot/software/ros_ws_delta/src/install/remote_serial/include/remote_serial/port.hpp
-- Installing: /home/svevqx/delta_bot/software/ros_ws_delta/src/install/remote_serial/include/remote_serial/utils.hpp
-- Installing: /home/svevqx/delta_bot/software/ros_ws_delta/src/install/remote_serial/include/remote_serial/worker.hpp
-- Installing: /home/svevqx/delta_bot/software/ros_ws_delta/src/install/remote_serial/include/remote_serial/node.hpp
-- Installing: /home/svevqx/delta_bot/software/ros_ws_delta/src/install/remote_serial/include/remote_serial/factory.hpp
-- Installing: /home/svevqx/delta_bot/software/ros_ws_delta/src/install/remote_serial/include/remote_serial/implementation.hpp
-- Installing: /home/svevqx/delta_bot/software/ros_ws_delta/src/install/remote_serial/include/remote_serial/interface_remote.hpp
-- Installing: /home/svevqx/delta_bot/software/ros_ws_delta/src/install/remote_serial/include/remote_serial/interface.hpp
-- Installing: /home/svevqx/delta_bot/software/ros_ws_delta/src/install/remote_serial/share/ament_index/resource_index/package_run_dependencies/remote_serial
-- Installing: /home/svevqx/delta_bot/software/ros_ws_delta/src/install/remote_serial/share/ament_index/resource_index/parent_prefix_path/remote_serial
-- Installing: /home/svevqx/delta_bot/software/ros_ws_delta/src/install/remote_serial/share/remote_serial/environment/ament_prefix_path.sh
-- Installing: /home/svevqx/delta_bot/software/ros_ws_delta/src/install/remote_serial/share/remote_serial/environment/ament_prefix_path.dsv
-- Installing: /home/svevqx/delta_bot/software/ros_ws_delta/src/install/remote_serial/share/remote_serial/environment/path.sh
-- Installing: /home/svevqx/delta_bot/software/ros_ws_delta/src/install/remote_serial/share/remote_serial/environment/path.dsv
-- Installing: /home/svevqx/delta_bot/software/ros_ws_delta/src/install/remote_serial/share/remote_serial/local_setup.bash
-- Installing: /home/svevqx/delta_bot/software/ros_ws_delta/src/install/remote_serial/share/remote_serial/local_setup.sh
-- Installing: /home/svevqx/delta_bot/software/ros_ws_delta/src/install/remote_serial/share/remote_serial/local_setup.zsh
-- Installing: /home/svevqx/delta_bot/software/ros_ws_delta/src/install/remote_serial/share/remote_serial/local_setup.dsv
-- Installing: /home/svevqx/delta_bot/software/ros_ws_delta/src/install/remote_serial/share/remote_serial/package.dsv
-- Installing: /home/svevqx/delta_bot/software/ros_ws_delta/src/install/remote_serial/share/ament_index/resource_index/packages/remote_serial
-- Installing: /home/svevqx/delta_bot/software/ros_ws_delta/src/install/remote_serial/share/remote_serial/cmake/remote_serial_native_libraryExport.cmake
-- Installing: /home/svevqx/delta_bot/software/ros_ws_delta/src/install/remote_serial/share/remote_serial/cmake/remote_serial_native_libraryExport-noconfig.cmake
-- Installing: /home/svevqx/delta_bot/software/ros_ws_delta/src/install/remote_serial/share/remote_serial/cmake/ament_cmake_export_targets-extras.cmake
-- Installing: /home/svevqx/delta_bot/software/ros_ws_delta/src/install/remote_serial/share/remote_serial/cmake/ament_cmake_export_dependencies-extras.cmake
-- Installing: /home/svevqx/delta_bot/software/ros_ws_delta/src/install/remote_serial/share/remote_serial/cmake/ament_cmake_export_include_directories-extras.cmake
-- Installing: /home/svevqx/delta_bot/software/ros_ws_delta/src/install/remote_serial/share/remote_serial/cmake/remote_serialConfig.cmake
-- Installing: /home/svevqx/delta_bot/software/ros_ws_delta/src/install/remote_serial/share/remote_serial/cmake/remote_serialConfig-version.cmake
-- Installing: /home/svevqx/delta_bot/software/ros_ws_delta/src/install/remote_serial/share/remote_serial/package.xml
