[0.180s] DEBUG:colcon:Command line arguments: ['/usr/bin/colcon', 'build', '--packages-select', 'rock_detector']
[0.180s] DEBUG:colcon:Parsed command line arguments: Namespace(log_base=None, log_level=None, verb_name='build', build_base='build', install_base='install', merge_install=False, symlink_install=False, test_result_base=None, continue_on_error=False, executor='parallel', parallel_workers=4, event_handlers=None, ignore_user_meta=False, metas=['./colcon.meta'], base_paths=['.'], packages_ignore=None, packages_ignore_regex=None, paths=None, packages_up_to=None, packages_up_to_regex=None, packages_above=None, packages_above_and_dependencies=None, packages_above_depth=None, packages_select_by_dep=None, packages_skip_by_dep=None, packages_skip_up_to=None, packages_select_build_failed=False, packages_skip_build_finished=False, packages_select_test_failures=False, packages_skip_test_passed=False, packages_select=['rock_detector'], packages_skip=None, packages_select_regex=None, packages_skip_regex=None, packages_start=None, packages_end=None, allow_overriding=[], cmake_args=None, cmake_target=None, cmake_target_skip_unavailable=False, cmake_clean_cache=False, cmake_clean_first=False, cmake_force_configure=False, ament_cmake_args=None, catkin_cmake_args=None, catkin_skip_building_tests=False, mixin_files=None, mixin=None, verb_parser=<colcon_mixin.mixin.mixin_argument.MixinArgumentDecorator object at 0x7848c2ba65a0>, verb_extension=<colcon_core.verb.build.BuildVerb object at 0x7848c2cc20f0>, main=<bound method BuildVerb.main of <colcon_core.verb.build.BuildVerb object at 0x7848c2cc20f0>>, mixin_verb=('build',))
[0.240s] Level 1:colcon.colcon_core.package_discovery:discover_packages(colcon_meta) check parameters
[0.240s] Level 1:colcon.colcon_core.package_discovery:discover_packages(recursive) check parameters
[0.240s] Level 1:colcon.colcon_core.package_discovery:discover_packages(ignore) check parameters
[0.240s] Level 1:colcon.colcon_core.package_discovery:discover_packages(path) check parameters
[0.240s] Level 1:colcon.colcon_core.package_discovery:discover_packages(colcon_meta) discover
[0.240s] Level 1:colcon.colcon_core.package_discovery:discover_packages(recursive) discover
[0.241s] INFO:colcon.colcon_core.package_discovery:Crawling recursively for packages in '/home/svevqx/delta_bot/software/ros_ws_delta/src'
[0.241s] Level 1:colcon.colcon_core.package_identification:_identify(.) by extensions ['ignore', 'ignore_ament_install']
[0.241s] Level 1:colcon.colcon_core.package_identification:_identify(.) by extension 'ignore'
[0.241s] Level 1:colcon.colcon_core.package_identification:_identify(.) by extension 'ignore_ament_install'
[0.241s] Level 1:colcon.colcon_core.package_identification:_identify(.) by extensions ['colcon_pkg']
[0.241s] Level 1:colcon.colcon_core.package_identification:_identify(.) by extension 'colcon_pkg'
[0.241s] Level 1:colcon.colcon_core.package_identification:_identify(.) by extensions ['colcon_meta']
[0.241s] Level 1:colcon.colcon_core.package_identification:_identify(.) by extension 'colcon_meta'
[0.241s] Level 1:colcon.colcon_core.package_identification:_identify(.) by extensions ['ros']
[0.241s] Level 1:colcon.colcon_core.package_identification:_identify(.) by extension 'ros'
[0.280s] Level 1:colcon.colcon_core.package_identification:_identify(.) by extensions ['cmake', 'python']
[0.280s] Level 1:colcon.colcon_core.package_identification:_identify(.) by extension 'cmake'
[0.280s] Level 1:colcon.colcon_core.package_identification:_identify(.) by extension 'python'
[0.280s] Level 1:colcon.colcon_core.package_identification:_identify(.) by extensions ['python_setup_py']
[0.280s] Level 1:colcon.colcon_core.package_identification:_identify(.) by extension 'python_setup_py'
[0.281s] Level 1:colcon.colcon_core.package_identification:_identify(arducam_rclpy_tof_pointcloud) by extensions ['ignore', 'ignore_ament_install']
[0.281s] Level 1:colcon.colcon_core.package_identification:_identify(arducam_rclpy_tof_pointcloud) by extension 'ignore'
[0.281s] Level 1:colcon.colcon_core.package_identification:_identify(arducam_rclpy_tof_pointcloud) by extension 'ignore_ament_install'
[0.281s] Level 1:colcon.colcon_core.package_identification:_identify(arducam_rclpy_tof_pointcloud) by extensions ['colcon_pkg']
[0.281s] Level 1:colcon.colcon_core.package_identification:_identify(arducam_rclpy_tof_pointcloud) by extension 'colcon_pkg'
[0.281s] Level 1:colcon.colcon_core.package_identification:_identify(arducam_rclpy_tof_pointcloud) by extensions ['colcon_meta']
[0.281s] Level 1:colcon.colcon_core.package_identification:_identify(arducam_rclpy_tof_pointcloud) by extension 'colcon_meta'
[0.281s] Level 1:colcon.colcon_core.package_identification:_identify(arducam_rclpy_tof_pointcloud) by extensions ['ros']
[0.281s] Level 1:colcon.colcon_core.package_identification:_identify(arducam_rclpy_tof_pointcloud) by extension 'ros'
[0.285s] DEBUG:colcon.colcon_core.package_identification:Package 'arducam_rclpy_tof_pointcloud' with type 'ros.ament_python' and name 'arducam_rclpy_tof_pointcloud'
[0.285s] Level 1:colcon.colcon_core.package_identification:_identify(build) by extensions ['ignore', 'ignore_ament_install']
[0.285s] Level 1:colcon.colcon_core.package_identification:_identify(build) by extension 'ignore'
[0.285s] Level 1:colcon.colcon_core.package_identification:_identify(build) ignored
[0.285s] Level 1:colcon.colcon_core.package_identification:_identify(delta_ros) by extensions ['ignore', 'ignore_ament_install']
[0.285s] Level 1:colcon.colcon_core.package_identification:_identify(delta_ros) by extension 'ignore'
[0.285s] Level 1:colcon.colcon_core.package_identification:_identify(delta_ros) by extension 'ignore_ament_install'
[0.286s] Level 1:colcon.colcon_core.package_identification:_identify(delta_ros) by extensions ['colcon_pkg']
[0.286s] Level 1:colcon.colcon_core.package_identification:_identify(delta_ros) by extension 'colcon_pkg'
[0.286s] Level 1:colcon.colcon_core.package_identification:_identify(delta_ros) by extensions ['colcon_meta']
[0.286s] Level 1:colcon.colcon_core.package_identification:_identify(delta_ros) by extension 'colcon_meta'
[0.286s] Level 1:colcon.colcon_core.package_identification:_identify(delta_ros) by extensions ['ros']
[0.286s] Level 1:colcon.colcon_core.package_identification:_identify(delta_ros) by extension 'ros'
[0.287s] DEBUG:colcon.colcon_core.package_identification:Package 'delta_ros' with type 'ros.ament_python' and name 'delta_ros'
[0.287s] Level 1:colcon.colcon_core.package_identification:_identify(grbl_ros) by extensions ['ignore', 'ignore_ament_install']
[0.287s] Level 1:colcon.colcon_core.package_identification:_identify(grbl_ros) by extension 'ignore'
[0.287s] Level 1:colcon.colcon_core.package_identification:_identify(grbl_ros) by extension 'ignore_ament_install'
[0.287s] Level 1:colcon.colcon_core.package_identification:_identify(grbl_ros) by extensions ['colcon_pkg']
[0.287s] Level 1:colcon.colcon_core.package_identification:_identify(grbl_ros) by extension 'colcon_pkg'
[0.287s] Level 1:colcon.colcon_core.package_identification:_identify(grbl_ros) by extensions ['colcon_meta']
[0.287s] Level 1:colcon.colcon_core.package_identification:_identify(grbl_ros) by extension 'colcon_meta'
[0.287s] Level 1:colcon.colcon_core.package_identification:_identify(grbl_ros) by extensions ['ros']
[0.287s] Level 1:colcon.colcon_core.package_identification:_identify(grbl_ros) by extension 'ros'
[0.288s] DEBUG:colcon.colcon_core.package_identification:Package 'grbl_ros' with type 'ros.ament_python' and name 'grbl_ros'
[0.288s] Level 1:colcon.colcon_core.package_identification:_identify(install) by extensions ['ignore', 'ignore_ament_install']
[0.289s] Level 1:colcon.colcon_core.package_identification:_identify(install) by extension 'ignore'
[0.289s] Level 1:colcon.colcon_core.package_identification:_identify(install) ignored
[0.289s] Level 1:colcon.colcon_core.package_identification:_identify(log) by extensions ['ignore', 'ignore_ament_install']
[0.289s] Level 1:colcon.colcon_core.package_identification:_identify(log) by extension 'ignore'
[0.289s] Level 1:colcon.colcon_core.package_identification:_identify(log) ignored
[0.289s] Level 1:colcon.colcon_core.package_identification:_identify(multiple_object_tracking_lidar_ros2) by extensions ['ignore', 'ignore_ament_install']
[0.289s] Level 1:colcon.colcon_core.package_identification:_identify(multiple_object_tracking_lidar_ros2) by extension 'ignore'
[0.289s] Level 1:colcon.colcon_core.package_identification:_identify(multiple_object_tracking_lidar_ros2) by extension 'ignore_ament_install'
[0.289s] Level 1:colcon.colcon_core.package_identification:_identify(multiple_object_tracking_lidar_ros2) by extensions ['colcon_pkg']
[0.289s] Level 1:colcon.colcon_core.package_identification:_identify(multiple_object_tracking_lidar_ros2) by extension 'colcon_pkg'
[0.289s] Level 1:colcon.colcon_core.package_identification:_identify(multiple_object_tracking_lidar_ros2) by extensions ['colcon_meta']
[0.290s] Level 1:colcon.colcon_core.package_identification:_identify(multiple_object_tracking_lidar_ros2) by extension 'colcon_meta'
[0.290s] Level 1:colcon.colcon_core.package_identification:_identify(multiple_object_tracking_lidar_ros2) by extensions ['ros']
[0.290s] Level 1:colcon.colcon_core.package_identification:_identify(multiple_object_tracking_lidar_ros2) by extension 'ros'
[0.291s] DEBUG:colcon.colcon_core.package_identification:Package 'multiple_object_tracking_lidar_ros2' with type 'ros.ament_cmake' and name 'multiple_object_tracking_lidar'
[0.291s] Level 1:colcon.colcon_core.package_identification:_identify(rock_detector) by extensions ['ignore', 'ignore_ament_install']
[0.291s] Level 1:colcon.colcon_core.package_identification:_identify(rock_detector) by extension 'ignore'
[0.291s] Level 1:colcon.colcon_core.package_identification:_identify(rock_detector) by extension 'ignore_ament_install'
[0.291s] Level 1:colcon.colcon_core.package_identification:_identify(rock_detector) by extensions ['colcon_pkg']
[0.291s] Level 1:colcon.colcon_core.package_identification:_identify(rock_detector) by extension 'colcon_pkg'
[0.291s] Level 1:colcon.colcon_core.package_identification:_identify(rock_detector) by extensions ['colcon_meta']
[0.291s] Level 1:colcon.colcon_core.package_identification:_identify(rock_detector) by extension 'colcon_meta'
[0.291s] Level 1:colcon.colcon_core.package_identification:_identify(rock_detector) by extensions ['ros']
[0.291s] Level 1:colcon.colcon_core.package_identification:_identify(rock_detector) by extension 'ros'
[0.292s] DEBUG:colcon.colcon_core.package_identification:Package 'rock_detector' with type 'ros.ament_cmake' and name 'rock_detector'
[0.292s] Level 1:colcon.colcon_core.package_identification:_identify(serial) by extensions ['ignore', 'ignore_ament_install']
[0.293s] Level 1:colcon.colcon_core.package_identification:_identify(serial) by extension 'ignore'
[0.293s] Level 1:colcon.colcon_core.package_identification:_identify(serial) by extension 'ignore_ament_install'
[0.293s] Level 1:colcon.colcon_core.package_identification:_identify(serial) by extensions ['colcon_pkg']
[0.293s] Level 1:colcon.colcon_core.package_identification:_identify(serial) by extension 'colcon_pkg'
[0.293s] Level 1:colcon.colcon_core.package_identification:_identify(serial) by extensions ['colcon_meta']
[0.293s] Level 1:colcon.colcon_core.package_identification:_identify(serial) by extension 'colcon_meta'
[0.293s] Level 1:colcon.colcon_core.package_identification:_identify(serial) by extensions ['ros']
[0.293s] Level 1:colcon.colcon_core.package_identification:_identify(serial) by extension 'ros'
[0.294s] DEBUG:colcon.colcon_core.package_identification:Package 'serial' with type 'ros.ament_cmake' and name 'remote_serial'
[0.294s] Level 1:colcon.colcon_core.package_discovery:discover_packages(recursive) using defaults
[0.294s] Level 1:colcon.colcon_core.package_discovery:discover_packages(ignore) discover
[0.294s] Level 1:colcon.colcon_core.package_discovery:discover_packages(ignore) using defaults
[0.294s] Level 1:colcon.colcon_core.package_discovery:discover_packages(path) discover
[0.294s] Level 1:colcon.colcon_core.package_discovery:discover_packages(path) using defaults
[0.324s] INFO:colcon.colcon_core.package_selection:Skipping not selected package 'arducam_rclpy_tof_pointcloud' in 'arducam_rclpy_tof_pointcloud'
[0.324s] INFO:colcon.colcon_core.package_selection:Skipping not selected package 'delta_ros' in 'delta_ros'
[0.324s] INFO:colcon.colcon_core.package_selection:Skipping not selected package 'grbl_ros' in 'grbl_ros'
[0.324s] INFO:colcon.colcon_core.package_selection:Skipping not selected package 'multiple_object_tracking_lidar' in 'multiple_object_tracking_lidar_ros2'
[0.324s] INFO:colcon.colcon_core.package_selection:Skipping not selected package 'remote_serial' in 'serial'
[0.325s] Level 1:colcon.colcon_core.package_discovery:discover_packages(prefix_path) check parameters
[0.325s] Level 1:colcon.colcon_core.package_discovery:discover_packages(prefix_path) discover
[0.330s] DEBUG:colcon.colcon_installed_package_information.package_discovery:Found 8 installed packages in /home/svevqx/delta_bot/software/ros_ws_delta/install
[0.331s] DEBUG:colcon.colcon_installed_package_information.package_discovery:Found 27 installed packages in /home/svevqx/ros2_ws/install
[0.334s] DEBUG:colcon.colcon_installed_package_information.package_discovery:Found 333 installed packages in /opt/ros/jazzy
[0.338s] Level 1:colcon.colcon_core.package_discovery:discover_packages(prefix_path) using defaults
[0.427s] Level 5:colcon.colcon_core.verb:set package 'rock_detector' build argument 'cmake_args' from command line to 'None'
[0.427s] Level 5:colcon.colcon_core.verb:set package 'rock_detector' build argument 'cmake_target' from command line to 'None'
[0.427s] Level 5:colcon.colcon_core.verb:set package 'rock_detector' build argument 'cmake_target_skip_unavailable' from command line to 'False'
[0.427s] Level 5:colcon.colcon_core.verb:set package 'rock_detector' build argument 'cmake_clean_cache' from command line to 'False'
[0.427s] Level 5:colcon.colcon_core.verb:set package 'rock_detector' build argument 'cmake_clean_first' from command line to 'False'
[0.427s] Level 5:colcon.colcon_core.verb:set package 'rock_detector' build argument 'cmake_force_configure' from command line to 'False'
[0.427s] Level 5:colcon.colcon_core.verb:set package 'rock_detector' build argument 'ament_cmake_args' from command line to 'None'
[0.427s] Level 5:colcon.colcon_core.verb:set package 'rock_detector' build argument 'catkin_cmake_args' from command line to 'None'
[0.427s] Level 5:colcon.colcon_core.verb:set package 'rock_detector' build argument 'catkin_skip_building_tests' from command line to 'False'
[0.427s] DEBUG:colcon.colcon_core.verb:Building package 'rock_detector' with the following arguments: {'ament_cmake_args': None, 'build_base': '/home/svevqx/delta_bot/software/ros_ws_delta/src/build/rock_detector', 'catkin_cmake_args': None, 'catkin_skip_building_tests': False, 'cmake_args': None, 'cmake_clean_cache': False, 'cmake_clean_first': False, 'cmake_force_configure': False, 'cmake_target': None, 'cmake_target_skip_unavailable': False, 'install_base': '/home/svevqx/delta_bot/software/ros_ws_delta/src/install/rock_detector', 'merge_install': False, 'path': '/home/svevqx/delta_bot/software/ros_ws_delta/src/rock_detector', 'symlink_install': False, 'test_result_base': None}
[0.428s] INFO:colcon.colcon_core.executor:Executing jobs using 'parallel' executor
[0.429s] DEBUG:colcon.colcon_parallel_executor.executor.parallel:run_until_complete
[0.429s] INFO:colcon.colcon_ros.task.ament_cmake.build:Building ROS package in '/home/svevqx/delta_bot/software/ros_ws_delta/src/rock_detector' with build type 'ament_cmake'
[0.429s] INFO:colcon.colcon_cmake.task.cmake.build:Building CMake package in '/home/svevqx/delta_bot/software/ros_ws_delta/src/rock_detector'
[0.434s] INFO:colcon.colcon_core.plugin_system:Skipping extension 'colcon_core.shell.bat': Not used on non-Windows systems
[0.434s] INFO:colcon.colcon_core.shell:Skip shell extension 'powershell' for command environment: Not usable outside of PowerShell
[0.435s] DEBUG:colcon.colcon_core.shell:Skip shell extension 'dsv' for command environment
[0.454s] DEBUG:colcon.colcon_core.event_handler.log_command:Invoking command in '/home/svevqx/delta_bot/software/ros_ws_delta/src/build/rock_detector': CMAKE_PREFIX_PATH=${CMAKE_PREFIX_PATH}:/home/svevqx/delta_bot/software/ros_ws_delta/install/grbl_ros:/home/svevqx/delta_bot/software/ros_ws_delta/install/delta_ros:/home/svevqx/delta_bot/software/ros_ws_delta/install/cnc-interface:/home/svevqx/delta_bot/software/ros_ws_delta/install/arducam_rclpy_tof_pointcloud:/home/svevqx/ros2_ws/install/launch_testing_examples:/home/svevqx/ros2_ws/install/grbl_ros:/home/svevqx/ros2_ws/install/examples_rclpy_pointcloud_publisher:/home/svevqx/ros2_ws/install/examples_rclpy_minimal_subscriber:/home/svevqx/ros2_ws/install/examples_rclpy_minimal_service:/home/svevqx/ros2_ws/install/examples_rclpy_minimal_publisher:/home/svevqx/ros2_ws/install/examples_rclpy_minimal_client:/home/svevqx/ros2_ws/install/examples_rclpy_minimal_action_server:/home/svevqx/ros2_ws/install/examples_rclpy_minimal_action_client:/home/svevqx/ros2_ws/install/examples_rclpy_guard_conditions:/home/svevqx/ros2_ws/install/examples_rclpy_executors:/opt/ros/jazzy DEBUGINFOD_URLS=https://debuginfod.ubuntu.com /usr/bin/cmake /home/svevqx/delta_bot/software/ros_ws_delta/src/rock_detector -DCMAKE_INSTALL_PREFIX=/home/svevqx/delta_bot/software/ros_ws_delta/src/install/rock_detector
[10.759s] DEBUG:colcon.colcon_core.event_handler.log_command:Invoked command in '/home/svevqx/delta_bot/software/ros_ws_delta/src/build/rock_detector' returned '0': CMAKE_PREFIX_PATH=${CMAKE_PREFIX_PATH}:/home/svevqx/delta_bot/software/ros_ws_delta/install/grbl_ros:/home/svevqx/delta_bot/software/ros_ws_delta/install/delta_ros:/home/svevqx/delta_bot/software/ros_ws_delta/install/cnc-interface:/home/svevqx/delta_bot/software/ros_ws_delta/install/arducam_rclpy_tof_pointcloud:/home/svevqx/ros2_ws/install/launch_testing_examples:/home/svevqx/ros2_ws/install/grbl_ros:/home/svevqx/ros2_ws/install/examples_rclpy_pointcloud_publisher:/home/svevqx/ros2_ws/install/examples_rclpy_minimal_subscriber:/home/svevqx/ros2_ws/install/examples_rclpy_minimal_service:/home/svevqx/ros2_ws/install/examples_rclpy_minimal_publisher:/home/svevqx/ros2_ws/install/examples_rclpy_minimal_client:/home/svevqx/ros2_ws/install/examples_rclpy_minimal_action_server:/home/svevqx/ros2_ws/install/examples_rclpy_minimal_action_client:/home/svevqx/ros2_ws/install/examples_rclpy_guard_conditions:/home/svevqx/ros2_ws/install/examples_rclpy_executors:/opt/ros/jazzy DEBUGINFOD_URLS=https://debuginfod.ubuntu.com /usr/bin/cmake /home/svevqx/delta_bot/software/ros_ws_delta/src/rock_detector -DCMAKE_INSTALL_PREFIX=/home/svevqx/delta_bot/software/ros_ws_delta/src/install/rock_detector
[10.765s] DEBUG:colcon.colcon_core.event_handler.log_command:Invoking command in '/home/svevqx/delta_bot/software/ros_ws_delta/src/build/rock_detector': CMAKE_PREFIX_PATH=${CMAKE_PREFIX_PATH}:/home/svevqx/delta_bot/software/ros_ws_delta/install/grbl_ros:/home/svevqx/delta_bot/software/ros_ws_delta/install/delta_ros:/home/svevqx/delta_bot/software/ros_ws_delta/install/cnc-interface:/home/svevqx/delta_bot/software/ros_ws_delta/install/arducam_rclpy_tof_pointcloud:/home/svevqx/ros2_ws/install/launch_testing_examples:/home/svevqx/ros2_ws/install/grbl_ros:/home/svevqx/ros2_ws/install/examples_rclpy_pointcloud_publisher:/home/svevqx/ros2_ws/install/examples_rclpy_minimal_subscriber:/home/svevqx/ros2_ws/install/examples_rclpy_minimal_service:/home/svevqx/ros2_ws/install/examples_rclpy_minimal_publisher:/home/svevqx/ros2_ws/install/examples_rclpy_minimal_client:/home/svevqx/ros2_ws/install/examples_rclpy_minimal_action_server:/home/svevqx/ros2_ws/install/examples_rclpy_minimal_action_client:/home/svevqx/ros2_ws/install/examples_rclpy_guard_conditions:/home/svevqx/ros2_ws/install/examples_rclpy_executors:/opt/ros/jazzy DEBUGINFOD_URLS=https://debuginfod.ubuntu.com /usr/bin/cmake --build /home/svevqx/delta_bot/software/ros_ws_delta/src/build/rock_detector -- -j4 -l4
[10.846s] DEBUG:colcon.colcon_core.event_handler.log_command:Invoked command in '/home/svevqx/delta_bot/software/ros_ws_delta/src/build/rock_detector' returned '0': CMAKE_PREFIX_PATH=${CMAKE_PREFIX_PATH}:/home/svevqx/delta_bot/software/ros_ws_delta/install/grbl_ros:/home/svevqx/delta_bot/software/ros_ws_delta/install/delta_ros:/home/svevqx/delta_bot/software/ros_ws_delta/install/cnc-interface:/home/svevqx/delta_bot/software/ros_ws_delta/install/arducam_rclpy_tof_pointcloud:/home/svevqx/ros2_ws/install/launch_testing_examples:/home/svevqx/ros2_ws/install/grbl_ros:/home/svevqx/ros2_ws/install/examples_rclpy_pointcloud_publisher:/home/svevqx/ros2_ws/install/examples_rclpy_minimal_subscriber:/home/svevqx/ros2_ws/install/examples_rclpy_minimal_service:/home/svevqx/ros2_ws/install/examples_rclpy_minimal_publisher:/home/svevqx/ros2_ws/install/examples_rclpy_minimal_client:/home/svevqx/ros2_ws/install/examples_rclpy_minimal_action_server:/home/svevqx/ros2_ws/install/examples_rclpy_minimal_action_client:/home/svevqx/ros2_ws/install/examples_rclpy_guard_conditions:/home/svevqx/ros2_ws/install/examples_rclpy_executors:/opt/ros/jazzy DEBUGINFOD_URLS=https://debuginfod.ubuntu.com /usr/bin/cmake --build /home/svevqx/delta_bot/software/ros_ws_delta/src/build/rock_detector -- -j4 -l4
[10.865s] DEBUG:colcon.colcon_core.event_handler.log_command:Invoking command in '/home/svevqx/delta_bot/software/ros_ws_delta/src/build/rock_detector': CMAKE_PREFIX_PATH=${CMAKE_PREFIX_PATH}:/home/svevqx/delta_bot/software/ros_ws_delta/install/grbl_ros:/home/svevqx/delta_bot/software/ros_ws_delta/install/delta_ros:/home/svevqx/delta_bot/software/ros_ws_delta/install/cnc-interface:/home/svevqx/delta_bot/software/ros_ws_delta/install/arducam_rclpy_tof_pointcloud:/home/svevqx/ros2_ws/install/launch_testing_examples:/home/svevqx/ros2_ws/install/grbl_ros:/home/svevqx/ros2_ws/install/examples_rclpy_pointcloud_publisher:/home/svevqx/ros2_ws/install/examples_rclpy_minimal_subscriber:/home/svevqx/ros2_ws/install/examples_rclpy_minimal_service:/home/svevqx/ros2_ws/install/examples_rclpy_minimal_publisher:/home/svevqx/ros2_ws/install/examples_rclpy_minimal_client:/home/svevqx/ros2_ws/install/examples_rclpy_minimal_action_server:/home/svevqx/ros2_ws/install/examples_rclpy_minimal_action_client:/home/svevqx/ros2_ws/install/examples_rclpy_guard_conditions:/home/svevqx/ros2_ws/install/examples_rclpy_executors:/opt/ros/jazzy DEBUGINFOD_URLS=https://debuginfod.ubuntu.com /usr/bin/cmake --install /home/svevqx/delta_bot/software/ros_ws_delta/src/build/rock_detector
[10.890s] Level 1:colcon.colcon_core.environment:create_environment_scripts_only(rock_detector)
[10.891s] DEBUG:colcon.colcon_core.event_handler.log_command:Invoked command in '/home/svevqx/delta_bot/software/ros_ws_delta/src/build/rock_detector' returned '0': CMAKE_PREFIX_PATH=${CMAKE_PREFIX_PATH}:/home/svevqx/delta_bot/software/ros_ws_delta/install/grbl_ros:/home/svevqx/delta_bot/software/ros_ws_delta/install/delta_ros:/home/svevqx/delta_bot/software/ros_ws_delta/install/cnc-interface:/home/svevqx/delta_bot/software/ros_ws_delta/install/arducam_rclpy_tof_pointcloud:/home/svevqx/ros2_ws/install/launch_testing_examples:/home/svevqx/ros2_ws/install/grbl_ros:/home/svevqx/ros2_ws/install/examples_rclpy_pointcloud_publisher:/home/svevqx/ros2_ws/install/examples_rclpy_minimal_subscriber:/home/svevqx/ros2_ws/install/examples_rclpy_minimal_service:/home/svevqx/ros2_ws/install/examples_rclpy_minimal_publisher:/home/svevqx/ros2_ws/install/examples_rclpy_minimal_client:/home/svevqx/ros2_ws/install/examples_rclpy_minimal_action_server:/home/svevqx/ros2_ws/install/examples_rclpy_minimal_action_client:/home/svevqx/ros2_ws/install/examples_rclpy_guard_conditions:/home/svevqx/ros2_ws/install/examples_rclpy_executors:/opt/ros/jazzy DEBUGINFOD_URLS=https://debuginfod.ubuntu.com /usr/bin/cmake --install /home/svevqx/delta_bot/software/ros_ws_delta/src/build/rock_detector
[10.897s] Level 1:colcon.colcon_core.environment:checking '/home/svevqx/delta_bot/software/ros_ws_delta/src/install/rock_detector' for CMake module files
[10.898s] Level 1:colcon.colcon_core.environment:checking '/home/svevqx/delta_bot/software/ros_ws_delta/src/install/rock_detector' for CMake config files
[10.899s] Level 1:colcon.colcon_core.shell:create_environment_hook('rock_detector', 'cmake_prefix_path')
[10.899s] INFO:colcon.colcon_core.shell:Creating environment hook '/home/svevqx/delta_bot/software/ros_ws_delta/src/install/rock_detector/share/rock_detector/hook/cmake_prefix_path.ps1'
[10.901s] INFO:colcon.colcon_core.shell:Creating environment descriptor '/home/svevqx/delta_bot/software/ros_ws_delta/src/install/rock_detector/share/rock_detector/hook/cmake_prefix_path.dsv'
[10.902s] INFO:colcon.colcon_core.shell:Creating environment hook '/home/svevqx/delta_bot/software/ros_ws_delta/src/install/rock_detector/share/rock_detector/hook/cmake_prefix_path.sh'
[10.903s] Level 1:colcon.colcon_core.environment:checking '/home/svevqx/delta_bot/software/ros_ws_delta/src/install/rock_detector/bin'
[10.904s] Level 1:colcon.colcon_core.environment:checking '/home/svevqx/delta_bot/software/ros_ws_delta/src/install/rock_detector/lib/pkgconfig/rock_detector.pc'
[10.905s] Level 1:colcon.colcon_core.environment:checking '/home/svevqx/delta_bot/software/ros_ws_delta/src/install/rock_detector/lib/python3.12/site-packages'
[10.905s] Level 1:colcon.colcon_core.environment:checking '/home/svevqx/delta_bot/software/ros_ws_delta/src/install/rock_detector/bin'
[10.906s] INFO:colcon.colcon_core.shell:Creating package script '/home/svevqx/delta_bot/software/ros_ws_delta/src/install/rock_detector/share/rock_detector/package.ps1'
[10.908s] INFO:colcon.colcon_core.shell:Creating package descriptor '/home/svevqx/delta_bot/software/ros_ws_delta/src/install/rock_detector/share/rock_detector/package.dsv'
[10.909s] INFO:colcon.colcon_core.shell:Creating package script '/home/svevqx/delta_bot/software/ros_ws_delta/src/install/rock_detector/share/rock_detector/package.sh'
[10.910s] INFO:colcon.colcon_core.shell:Creating package script '/home/svevqx/delta_bot/software/ros_ws_delta/src/install/rock_detector/share/rock_detector/package.bash'
[10.912s] INFO:colcon.colcon_core.shell:Creating package script '/home/svevqx/delta_bot/software/ros_ws_delta/src/install/rock_detector/share/rock_detector/package.zsh'
[10.913s] Level 1:colcon.colcon_core.environment:create_file_with_runtime_dependencies(/home/svevqx/delta_bot/software/ros_ws_delta/src/install/rock_detector/share/colcon-core/packages/rock_detector)
[10.914s] Level 1:colcon.colcon_core.environment:create_environment_scripts_only(rock_detector)
[10.914s] Level 1:colcon.colcon_core.environment:checking '/home/svevqx/delta_bot/software/ros_ws_delta/src/install/rock_detector' for CMake module files
[10.916s] Level 1:colcon.colcon_core.environment:checking '/home/svevqx/delta_bot/software/ros_ws_delta/src/install/rock_detector' for CMake config files
[10.916s] Level 1:colcon.colcon_core.shell:create_environment_hook('rock_detector', 'cmake_prefix_path')
[10.917s] INFO:colcon.colcon_core.shell:Creating environment hook '/home/svevqx/delta_bot/software/ros_ws_delta/src/install/rock_detector/share/rock_detector/hook/cmake_prefix_path.ps1'
[10.917s] INFO:colcon.colcon_core.shell:Creating environment descriptor '/home/svevqx/delta_bot/software/ros_ws_delta/src/install/rock_detector/share/rock_detector/hook/cmake_prefix_path.dsv'
[10.918s] INFO:colcon.colcon_core.shell:Creating environment hook '/home/svevqx/delta_bot/software/ros_ws_delta/src/install/rock_detector/share/rock_detector/hook/cmake_prefix_path.sh'
[10.919s] Level 1:colcon.colcon_core.environment:checking '/home/svevqx/delta_bot/software/ros_ws_delta/src/install/rock_detector/bin'
[10.919s] Level 1:colcon.colcon_core.environment:checking '/home/svevqx/delta_bot/software/ros_ws_delta/src/install/rock_detector/lib/pkgconfig/rock_detector.pc'
[10.920s] Level 1:colcon.colcon_core.environment:checking '/home/svevqx/delta_bot/software/ros_ws_delta/src/install/rock_detector/lib/python3.12/site-packages'
[10.921s] Level 1:colcon.colcon_core.environment:checking '/home/svevqx/delta_bot/software/ros_ws_delta/src/install/rock_detector/bin'
[10.921s] INFO:colcon.colcon_core.shell:Creating package script '/home/svevqx/delta_bot/software/ros_ws_delta/src/install/rock_detector/share/rock_detector/package.ps1'
[10.922s] INFO:colcon.colcon_core.shell:Creating package descriptor '/home/svevqx/delta_bot/software/ros_ws_delta/src/install/rock_detector/share/rock_detector/package.dsv'
[10.923s] INFO:colcon.colcon_core.shell:Creating package script '/home/svevqx/delta_bot/software/ros_ws_delta/src/install/rock_detector/share/rock_detector/package.sh'
[10.924s] INFO:colcon.colcon_core.shell:Creating package script '/home/svevqx/delta_bot/software/ros_ws_delta/src/install/rock_detector/share/rock_detector/package.bash'
[10.925s] INFO:colcon.colcon_core.shell:Creating package script '/home/svevqx/delta_bot/software/ros_ws_delta/src/install/rock_detector/share/rock_detector/package.zsh'
[10.926s] Level 1:colcon.colcon_core.environment:create_file_with_runtime_dependencies(/home/svevqx/delta_bot/software/ros_ws_delta/src/install/rock_detector/share/colcon-core/packages/rock_detector)
[10.926s] DEBUG:colcon.colcon_parallel_executor.executor.parallel:closing loop
[10.927s] DEBUG:colcon.colcon_parallel_executor.executor.parallel:loop closed
[10.927s] DEBUG:colcon.colcon_parallel_executor.executor.parallel:run_until_complete finished with '0'
[10.928s] DEBUG:colcon.colcon_core.event_reactor:joining thread
[10.942s] INFO:colcon.colcon_core.plugin_system:Skipping extension 'colcon_notification.desktop_notification.terminal_notifier': Not used on non-Darwin systems
[10.942s] INFO:colcon.colcon_core.plugin_system:Skipping extension 'colcon_notification.desktop_notification.win32': Not used on non-Windows systems
[10.942s] INFO:colcon.colcon_notification.desktop_notification:Sending desktop notification using 'notify2'
[10.967s] DEBUG:colcon.colcon_core.event_reactor:joined thread
[10.968s] INFO:colcon.colcon_core.shell:Creating prefix script '/home/svevqx/delta_bot/software/ros_ws_delta/src/install/local_setup.ps1'
[10.970s] INFO:colcon.colcon_core.shell:Creating prefix util module '/home/svevqx/delta_bot/software/ros_ws_delta/src/install/_local_setup_util_ps1.py'
[10.972s] INFO:colcon.colcon_core.shell:Creating prefix chain script '/home/svevqx/delta_bot/software/ros_ws_delta/src/install/setup.ps1'
[10.978s] INFO:colcon.colcon_core.shell:Creating prefix script '/home/svevqx/delta_bot/software/ros_ws_delta/src/install/local_setup.sh'
[10.979s] INFO:colcon.colcon_core.shell:Creating prefix util module '/home/svevqx/delta_bot/software/ros_ws_delta/src/install/_local_setup_util_sh.py'
[10.981s] INFO:colcon.colcon_core.shell:Creating prefix chain script '/home/svevqx/delta_bot/software/ros_ws_delta/src/install/setup.sh'
[10.985s] INFO:colcon.colcon_core.shell:Creating prefix script '/home/svevqx/delta_bot/software/ros_ws_delta/src/install/local_setup.bash'
[10.986s] INFO:colcon.colcon_core.shell:Creating prefix chain script '/home/svevqx/delta_bot/software/ros_ws_delta/src/install/setup.bash'
[10.990s] INFO:colcon.colcon_core.shell:Creating prefix script '/home/svevqx/delta_bot/software/ros_ws_delta/src/install/local_setup.zsh'
[10.991s] INFO:colcon.colcon_core.shell:Creating prefix chain script '/home/svevqx/delta_bot/software/ros_ws_delta/src/install/setup.zsh'
