[2.734s] Invoking command in '/home/svevqx/delta_bot/software/ros_ws_delta/src/grbl_ros': DEBUGINFOD_URLS=https://debuginfod.ubuntu.com PYTHONPATH=/home/svevqx/delta_bot/software/ros_ws_delta/build/grbl_ros/prefix_override:/usr/lib/python3/dist-packages/colcon_core/task/python/colcon_distutils_commands:/home/svevqx/delta_bot/software/ros_ws_delta/install/grbl_ros/lib/python3.12/site-packages:${PYTHONPATH} /usr/bin/python3 -W ignore:setup.py install is deprecated -W ignore:easy_install command is deprecated setup.py egg_info --egg-base ../../build/grbl_ros build --build-base /home/svevqx/delta_bot/software/ros_ws_delta/build/grbl_ros/build install --record /home/svevqx/delta_bot/software/ros_ws_delta/build/grbl_ros/install.log --install-scripts $base/lib/grbl_ros --single-version-externally-managed install_data
[3.188s] /usr/lib/python3/dist-packages/setuptools/dist.py:744: SetuptoolsDeprecationWarning: Invalid dash-separated options
[3.189s] !!
[3.189s] 
[3.189s]         ********************************************************************************
[3.190s]         Usage of dash-separated 'script-dir' will not be supported in future
[3.190s]         versions. Please use the underscore name 'script_dir' instead.
[3.190s] 
[3.190s]         This deprecation is overdue, please update your project and remove deprecated
[3.191s]         calls to avoid build errors in the future.
[3.191s] 
[3.191s]         See https://setuptools.pypa.io/en/latest/userguide/declarative_config.html for details.
[3.192s]         ********************************************************************************
[3.192s] 
[3.192s] !!
[3.192s]   opt = self.warn_dash_deprecation(opt, section)
[3.598s] running egg_info
[3.670s] writing ../../build/grbl_ros/grbl_ros.egg-info/PKG-INFO
[3.674s] writing dependency_links to ../../build/grbl_ros/grbl_ros.egg-info/dependency_links.txt
[3.674s] writing entry points to ../../build/grbl_ros/grbl_ros.egg-info/entry_points.txt
[3.674s] writing requirements to ../../build/grbl_ros/grbl_ros.egg-info/requires.txt
[3.675s] writing top-level names to ../../build/grbl_ros/grbl_ros.egg-info/top_level.txt
[3.780s] reading manifest file '../../build/grbl_ros/grbl_ros.egg-info/SOURCES.txt'
[3.783s] adding license file 'LICENSE'
[3.783s] writing manifest file '../../build/grbl_ros/grbl_ros.egg-info/SOURCES.txt'
[3.783s] running build
[3.784s] running build_py
[3.787s] running install
[3.812s] running install_lib
[3.865s] running install_data
[3.868s] running install_egg_info
[3.920s] removing '/home/svevqx/delta_bot/software/ros_ws_delta/install/grbl_ros/lib/python3.12/site-packages/grbl_ros-0.0.16-py3.12.egg-info' (and everything under it)
[3.922s] Copying ../../build/grbl_ros/grbl_ros.egg-info to /home/svevqx/delta_bot/software/ros_ws_delta/install/grbl_ros/lib/python3.12/site-packages/grbl_ros-0.0.16-py3.12.egg-info
[3.923s] running install_scripts
[4.311s] Installing grbl_manager script to /home/svevqx/delta_bot/software/ros_ws_delta/install/grbl_ros/lib/grbl_ros
[4.312s] Installing grbl_node script to /home/svevqx/delta_bot/software/ros_ws_delta/install/grbl_ros/lib/grbl_ros
[4.312s] Installing grbl_service script to /home/svevqx/delta_bot/software/ros_ws_delta/install/grbl_ros/lib/grbl_ros
[4.312s] writing list of installed files to '/home/svevqx/delta_bot/software/ros_ws_delta/build/grbl_ros/install.log'
[4.371s] Invoked command in '/home/svevqx/delta_bot/software/ros_ws_delta/src/grbl_ros' returned '0': DEBUGINFOD_URLS=https://debuginfod.ubuntu.com PYTHONPATH=/home/svevqx/delta_bot/software/ros_ws_delta/build/grbl_ros/prefix_override:/usr/lib/python3/dist-packages/colcon_core/task/python/colcon_distutils_commands:/home/svevqx/delta_bot/software/ros_ws_delta/install/grbl_ros/lib/python3.12/site-packages:${PYTHONPATH} /usr/bin/python3 -W ignore:setup.py install is deprecated -W ignore:easy_install command is deprecated setup.py egg_info --egg-base ../../build/grbl_ros build --build-base /home/svevqx/delta_bot/software/ros_ws_delta/build/grbl_ros/build install --record /home/svevqx/delta_bot/software/ros_ws_delta/build/grbl_ros/install.log --install-scripts $base/lib/grbl_ros --single-version-externally-managed install_data
