[1.555s] Invoking command in '/home/svevqx/delta_bot/software/ros_ws_delta/src/marlin_ros': DEBUGINFOD_URLS=https://debuginfod.ubuntu.com PYTHONPATH=/home/svevqx/delta_bot/software/ros_ws_delta/src/build/marlin_ros/prefix_override:/usr/lib/python3/dist-packages/colcon_core/task/python/colcon_distutils_commands:/home/svevqx/delta_bot/software/ros_ws_delta/src/install/marlin_ros/lib/python3.12/site-packages:${PYTHONPATH} /usr/bin/python3 -W ignore:setup.py install is deprecated -W ignore:easy_install command is deprecated setup.py egg_info --egg-base ../build/marlin_ros build --build-base /home/svevqx/delta_bot/software/ros_ws_delta/src/build/marlin_ros/build install --record /home/svevqx/delta_bot/software/ros_ws_delta/src/build/marlin_ros/install.log --single-version-externally-managed install_data
[2.096s] running egg_info
[2.138s] writing ../build/marlin_ros/marlin_ros.egg-info/PKG-INFO
[2.138s] writing dependency_links to ../build/marlin_ros/marlin_ros.egg-info/dependency_links.txt
[2.139s] writing entry points to ../build/marlin_ros/marlin_ros.egg-info/entry_points.txt
[2.139s] writing requirements to ../build/marlin_ros/marlin_ros.egg-info/requires.txt
[2.139s] writing top-level names to ../build/marlin_ros/marlin_ros.egg-info/top_level.txt
[2.224s] reading manifest file '../build/marlin_ros/marlin_ros.egg-info/SOURCES.txt'
[2.225s] writing manifest file '../build/marlin_ros/marlin_ros.egg-info/SOURCES.txt'
[2.226s] running build
[2.226s] running build_py
[2.227s] running install
[2.241s] running install_lib
[2.286s] running install_data
[2.286s] copying launch/marlin_controller.launch.yaml -> /home/svevqx/delta_bot/software/ros_ws_delta/src/install/marlin_ros/share/marlin_ros/launch
[2.286s] running install_egg_info
[2.330s] removing '/home/svevqx/delta_bot/software/ros_ws_delta/src/install/marlin_ros/lib/python3.12/site-packages/marlin_ros-0.1.0-py3.12.egg-info' (and everything under it)
[2.330s] Copying ../build/marlin_ros/marlin_ros.egg-info to /home/svevqx/delta_bot/software/ros_ws_delta/src/install/marlin_ros/lib/python3.12/site-packages/marlin_ros-0.1.0-py3.12.egg-info
[2.332s] running install_scripts
[2.606s] Installing marlin_node script to /home/svevqx/delta_bot/software/ros_ws_delta/src/install/marlin_ros/lib/marlin_ros
[2.607s] writing list of installed files to '/home/svevqx/delta_bot/software/ros_ws_delta/src/build/marlin_ros/install.log'
[2.654s] Invoked command in '/home/svevqx/delta_bot/software/ros_ws_delta/src/marlin_ros' returned '0': DEBUGINFOD_URLS=https://debuginfod.ubuntu.com PYTHONPATH=/home/svevqx/delta_bot/software/ros_ws_delta/src/build/marlin_ros/prefix_override:/usr/lib/python3/dist-packages/colcon_core/task/python/colcon_distutils_commands:/home/svevqx/delta_bot/software/ros_ws_delta/src/install/marlin_ros/lib/python3.12/site-packages:${PYTHONPATH} /usr/bin/python3 -W ignore:setup.py install is deprecated -W ignore:easy_install command is deprecated setup.py egg_info --egg-base ../build/marlin_ros build --build-base /home/svevqx/delta_bot/software/ros_ws_delta/src/build/marlin_ros/build install --record /home/svevqx/delta_bot/software/ros_ws_delta/src/build/marlin_ros/install.log --single-version-externally-managed install_data
