[2.469s] Invoking command in '/home/svevqx/delta_bot/software/ros_ws_delta/src/marlin_ros': DEBUGINFOD_URLS=https://debuginfod.ubuntu.com PYTHONPATH=/home/svevqx/delta_bot/software/ros_ws_delta/src/build/marlin_ros/prefix_override:/usr/lib/python3/dist-packages/colcon_core/task/python/colcon_distutils_commands:/home/svevqx/delta_bot/software/ros_ws_delta/src/install/marlin_ros/lib/python3.12/site-packages:${PYTHONPATH} /usr/bin/python3 -W ignore:setup.py install is deprecated -W ignore:easy_install command is deprecated setup.py egg_info --egg-base ../build/marlin_ros build --build-base /home/svevqx/delta_bot/software/ros_ws_delta/src/build/marlin_ros/build install --record /home/svevqx/delta_bot/software/ros_ws_delta/src/build/marlin_ros/install.log --single-version-externally-managed install_data
[3.247s] running egg_info
[3.297s] writing ../build/marlin_ros/marlin_ros.egg-info/PKG-INFO
[3.298s] writing dependency_links to ../build/marlin_ros/marlin_ros.egg-info/dependency_links.txt
[3.298s] writing entry points to ../build/marlin_ros/marlin_ros.egg-info/entry_points.txt
[3.299s] writing requirements to ../build/marlin_ros/marlin_ros.egg-info/requires.txt
[3.299s] writing top-level names to ../build/marlin_ros/marlin_ros.egg-info/top_level.txt
[3.406s] reading manifest file '../build/marlin_ros/marlin_ros.egg-info/SOURCES.txt'
[3.408s] writing manifest file '../build/marlin_ros/marlin_ros.egg-info/SOURCES.txt'
[3.409s] running build
[3.409s] running build_py
[3.410s] running install
[3.424s] running install_lib
[3.482s] running install_data
[3.483s] running install_egg_info
[3.541s] removing '/home/svevqx/delta_bot/software/ros_ws_delta/src/install/marlin_ros/lib/python3.12/site-packages/marlin_ros-0.1.0-py3.12.egg-info' (and everything under it)
[3.541s] Copying ../build/marlin_ros/marlin_ros.egg-info to /home/svevqx/delta_bot/software/ros_ws_delta/src/install/marlin_ros/lib/python3.12/site-packages/marlin_ros-0.1.0-py3.12.egg-info
[3.544s] running install_scripts
[3.873s] Installing marlin_node script to /home/svevqx/delta_bot/software/ros_ws_delta/src/install/marlin_ros/lib/marlin_ros
[3.876s] writing list of installed files to '/home/svevqx/delta_bot/software/ros_ws_delta/src/build/marlin_ros/install.log'
[3.926s] Invoked command in '/home/svevqx/delta_bot/software/ros_ws_delta/src/marlin_ros' returned '0': DEBUGINFOD_URLS=https://debuginfod.ubuntu.com PYTHONPATH=/home/svevqx/delta_bot/software/ros_ws_delta/src/build/marlin_ros/prefix_override:/usr/lib/python3/dist-packages/colcon_core/task/python/colcon_distutils_commands:/home/svevqx/delta_bot/software/ros_ws_delta/src/install/marlin_ros/lib/python3.12/site-packages:${PYTHONPATH} /usr/bin/python3 -W ignore:setup.py install is deprecated -W ignore:easy_install command is deprecated setup.py egg_info --egg-base ../build/marlin_ros build --build-base /home/svevqx/delta_bot/software/ros_ws_delta/src/build/marlin_ros/build install --record /home/svevqx/delta_bot/software/ros_ws_delta/src/build/marlin_ros/install.log --single-version-externally-managed install_data
