[3.137s] Invoking command in '/home/svevqx/delta_bot/software/ros_ws_delta/src/delta_ros': DEBUGINFOD_URLS=https://debuginfod.ubuntu.com PYTHONPATH=/home/svevqx/delta_bot/software/ros_ws_delta/build/delta_ros/prefix_override:/usr/lib/python3/dist-packages/colcon_core/task/python/colcon_distutils_commands:/home/svevqx/delta_bot/software/ros_ws_delta/install/delta_ros/lib/python3.12/site-packages:${PYTHONPATH} /usr/bin/python3 -W ignore:setup.py install is deprecated -W ignore:easy_install command is deprecated setup.py egg_info --egg-base ../../build/delta_ros build --build-base /home/svevqx/delta_bot/software/ros_ws_delta/build/delta_ros/build install --record /home/svevqx/delta_bot/software/ros_ws_delta/build/delta_ros/install.log --single-version-externally-managed install_data
[4.156s] running egg_info
[4.240s] writing ../../build/delta_ros/delta_ros.egg-info/PKG-INFO
[4.247s] writing dependency_links to ../../build/delta_ros/delta_ros.egg-info/dependency_links.txt
[4.247s] writing entry points to ../../build/delta_ros/delta_ros.egg-info/entry_points.txt
[4.248s] writing requirements to ../../build/delta_ros/delta_ros.egg-info/requires.txt
[4.248s] writing top-level names to ../../build/delta_ros/delta_ros.egg-info/top_level.txt
[4.427s] reading manifest file '../../build/delta_ros/delta_ros.egg-info/SOURCES.txt'
[4.428s] adding license file 'LICENSE'
[4.430s] writing manifest file '../../build/delta_ros/delta_ros.egg-info/SOURCES.txt'
[4.430s] running build
[4.431s] running build_py
[4.431s] running install
[4.455s] running install_lib
[4.510s] running install_data
[4.510s] creating /home/svevqx/delta_bot/software/ros_ws_delta/install/delta_ros/share/delta_ros/launch
[4.511s] copying launch/depth_processing_launch.py -> /home/svevqx/delta_bot/software/ros_ws_delta/install/delta_ros/share/delta_ros/launch
[4.511s] running install_egg_info
[4.576s] removing '/home/svevqx/delta_bot/software/ros_ws_delta/install/delta_ros/lib/python3.12/site-packages/delta_ros-0.0.0-py3.12.egg-info' (and everything under it)
[4.576s] Copying ../../build/delta_ros/delta_ros.egg-info to /home/svevqx/delta_bot/software/ros_ws_delta/install/delta_ros/lib/python3.12/site-packages/delta_ros-0.0.0-py3.12.egg-info
[4.581s] running install_scripts
[4.854s] Installing effector_to_closest script to /home/svevqx/delta_bot/software/ros_ws_delta/install/delta_ros/lib/delta_ros
[4.855s] writing list of installed files to '/home/svevqx/delta_bot/software/ros_ws_delta/build/delta_ros/install.log'
[4.896s] Invoked command in '/home/svevqx/delta_bot/software/ros_ws_delta/src/delta_ros' returned '0': DEBUGINFOD_URLS=https://debuginfod.ubuntu.com PYTHONPATH=/home/svevqx/delta_bot/software/ros_ws_delta/build/delta_ros/prefix_override:/usr/lib/python3/dist-packages/colcon_core/task/python/colcon_distutils_commands:/home/svevqx/delta_bot/software/ros_ws_delta/install/delta_ros/lib/python3.12/site-packages:${PYTHONPATH} /usr/bin/python3 -W ignore:setup.py install is deprecated -W ignore:easy_install command is deprecated setup.py egg_info --egg-base ../../build/delta_ros build --build-base /home/svevqx/delta_bot/software/ros_ws_delta/build/delta_ros/build install --record /home/svevqx/delta_bot/software/ros_ws_delta/build/delta_ros/install.log --single-version-externally-managed install_data
