-- The C compiler identification is GNU 13.3.0
-- The CXX compiler identification is GNU 13.3.0
-- Detecting C compiler ABI info
-- Detecting C compiler ABI info - done
-- Check for working C compiler: /usr/bin/cc - skipped
-- Detecting C compile features
-- Detecting C compile features - done
-- Detecting CXX compiler ABI info
-- Detecting CXX compiler ABI info - done
-- Check for working CXX compiler: /usr/bin/c++ - skipped
-- Detecting CXX compile features
-- Detecting CXX compile features - done
-- Found ament_cmake: 2.5.3 (/opt/ros/jazzy/share/ament_cmake/cmake)
-- Found Python3: /usr/bin/python3 (found version "3.12.3") found components: Interpreter 
-- Found pcl_ros: 2.6.2 (/opt/ros/jazzy/share/pcl_ros/cmake)
-- Found rosidl_generator_c: 4.6.5 (/opt/ros/jazzy/share/rosidl_generator_c/cmake)
-- Found rosidl_generator_cpp: 4.6.5 (/opt/ros/jazzy/share/rosidl_generator_cpp/cmake)
-- Using all available rosidl_typesupport_c: rosidl_typesupport_fastrtps_c;rosidl_typesupport_introspection_c
-- Using all available rosidl_typesupport_cpp: rosidl_typesupport_fastrtps_cpp;rosidl_typesupport_introspection_cpp
-- Found rmw_implementation_cmake: 7.3.1 (/opt/ros/jazzy/share/rmw_implementation_cmake/cmake)
-- Found rmw_fastrtps_cpp: 8.4.1 (/opt/ros/jazzy/share/rmw_fastrtps_cpp/cmake)
-- Found OpenSSL: /usr/lib/x86_64-linux-gnu/libcrypto.so (found version "3.0.13")  
-- Found FastRTPS: /opt/ros/jazzy/include (Required is at least version "2.13") 
-- Using RMW implementation 'rmw_fastrtps_cpp' as default
-- Found flann version 1.9.2
-- Found OpenMP_CXX: -fopenmp (found version "4.5") 
-- Found OpenMP: TRUE (found version "4.5") found components: CXX 
-- Checking for module 'libusb-1.0'
--   Found libusb-1.0, version 1.0.27
-- Found libusb: /usr/lib/x86_64-linux-gnu/libusb-1.0.so  
-- OpenNI found (version: 1.5.4.0, include: /usr/include/ni, lib: /usr/lib/libOpenNI.so;libusb::libusb)
-- OpenNI2 found (version: 2.2.0.33, include: /usr/include/openni2, lib: /usr/lib/x86_64-linux-gnu/libOpenNI2.so;libusb::libusb)
-- Could NOT find Pcap (missing: PCAP_LIBRARIES PCAP_INCLUDE_DIRS) 
-- Found ZLIB: /usr/lib/x86_64-linux-gnu/libz.so (found version "1.3")  
-- Found PNG: /usr/lib/x86_64-linux-gnu/libpng.so (found version "1.6.43") 
-- OpenNI found (version: 1.5.4.0, include: /usr/include/ni, lib: /usr/lib/libOpenNI.so;libusb::libusb)
-- OpenNI2 found (version: 2.2.0.33, include: /usr/include/openni2, lib: /usr/lib/x86_64-linux-gnu/libOpenNI2.so;libusb::libusb)
-- Found Qhull version 8.0.2
-- OpenNI found (version: 1.5.4.0, include: /usr/include/ni, lib: /usr/lib/libOpenNI.so;libusb::libusb)
-- Found PCL_COMMON: /usr/lib/x86_64-linux-gnu/libpcl_common.so  
-- Found PCL_KDTREE: /usr/lib/x86_64-linux-gnu/libpcl_kdtree.so  
-- Found PCL_OCTREE: /usr/lib/x86_64-linux-gnu/libpcl_octree.so  
-- Found PCL_SEARCH: /usr/lib/x86_64-linux-gnu/libpcl_search.so  
-- Found PCL_SAMPLE_CONSENSUS: /usr/lib/x86_64-linux-gnu/libpcl_sample_consensus.so  
-- Found PCL_FILTERS: /usr/lib/x86_64-linux-gnu/libpcl_filters.so  
-- Found PCL_2D: /usr/include/pcl-1.14  
-- Found PCL_GEOMETRY: /usr/include/pcl-1.14  
-- Found PCL_IO: /usr/lib/x86_64-linux-gnu/libpcl_io.so  
-- Found PCL_FEATURES: /usr/lib/x86_64-linux-gnu/libpcl_features.so  
-- Found PCL_ML: /usr/lib/x86_64-linux-gnu/libpcl_ml.so  
-- Found PCL_SEGMENTATION: /usr/lib/x86_64-linux-gnu/libpcl_segmentation.so  
-- Found PCL_VISUALIZATION: /usr/lib/x86_64-linux-gnu/libpcl_visualization.so  
-- Found PCL_SURFACE: /usr/lib/x86_64-linux-gnu/libpcl_surface.so  
-- Found PCL_REGISTRATION: /usr/lib/x86_64-linux-gnu/libpcl_registration.so  
-- Found PCL_KEYPOINTS: /usr/lib/x86_64-linux-gnu/libpcl_keypoints.so  
-- Found PCL_TRACKING: /usr/lib/x86_64-linux-gnu/libpcl_tracking.so  
-- Found PCL_RECOGNITION: /usr/lib/x86_64-linux-gnu/libpcl_recognition.so  
-- Found PCL_STEREO: /usr/lib/x86_64-linux-gnu/libpcl_stereo.so  
-- Found PCL_APPS: /usr/lib/x86_64-linux-gnu/libpcl_apps.so  
-- Found PCL_IN_HAND_SCANNER: /usr/include/pcl-1.14  
-- Found PCL_MODELER: /usr/include/pcl-1.14  
-- Found PCL_POINT_CLOUD_EDITOR: /usr/include/pcl-1.14  
-- Found PCL_OUTOFCORE: /usr/lib/x86_64-linux-gnu/libpcl_outofcore.so  
-- Found PCL_PEOPLE: /usr/lib/x86_64-linux-gnu/libpcl_people.so  
-- Found eigen3_cmake_module: 0.3.0 (/opt/ros/jazzy/share/eigen3_cmake_module/cmake)
-- Found Eigen3: TRUE (found version "3.4.0") 
-- Ensuring Eigen3 include directory is part of orocos-kdl CMake target
-- Found cv_bridge: 4.1.0 (/opt/ros/jazzy/share/cv_bridge/cmake)
-- Found visualization_msgs: 5.3.6 (/opt/ros/jazzy/share/visualization_msgs/cmake)
-- Found ament_lint_auto: 0.17.1 (/opt/ros/jazzy/share/ament_lint_auto/cmake)
-- Added test 'copyright' to check source files copyright and LICENSE
-- Added test 'cppcheck' to perform static code analysis on C / C++ code
-- Configured cppcheck include dirs: /home/svevqx/delta_bot/software/ros_ws_delta/src/multiple_object_tracking_lidar_ros2/include;/home/svevqx/delta_bot/software/ros_ws_delta/src/multiple_object_tracking_lidar_ros2/include/multiple_object_tracking_lidar
-- Configured cppcheck exclude dirs and/or files: 
-- Added test 'cpplint' to check C / C++ code against the Google style
-- Configured cpplint exclude dirs and/or files: 
-- Added test 'flake8' to check Python code syntax and style conventions
-- Configured 'flake8' exclude dirs and/or files: 
-- Added test 'lint_cmake' to check CMake code style
-- Added test 'pep257' to check Python code against some of the docstring style conventions in PEP 257
-- Added test 'uncrustify' to check C / C++ code style
-- Configured uncrustify additional arguments: 
-- Added test 'xmllint' to check XML markup files
-- Configuring done (43.0s)
-- Generating done (0.5s)
-- Build files have been written to: /home/svevqx/delta_bot/software/ros_ws_delta/src/build/multiple_object_tracking_lidar
[ 25%] [32mBuilding CXX object CMakeFiles/multiple_object_tracking_lidar.dir/src/multiple_object_tracking_lidar.cpp.o[0m
[ 50%] [32m[1mLinking CXX shared library libmultiple_object_tracking_lidar.so[0m
[ 50%] Built target multiple_object_tracking_lidar
[ 75%] [32mBuilding CXX object CMakeFiles/multiple_object_tracking_lidar_node.dir/src/multiple_object_tracking_lidar_node.cpp.o[0m
[100%] [32m[1mLinking CXX executable multiple_object_tracking_lidar_node[0m
[100%] Built target multiple_object_tracking_lidar_node
-- Install configuration: ""
-- Installing: /home/svevqx/delta_bot/software/ros_ws_delta/src/install/multiple_object_tracking_lidar/include
-- Installing: /home/svevqx/delta_bot/software/ros_ws_delta/src/install/multiple_object_tracking_lidar/include/multiple_object_tracking_lidar
-- Installing: /home/svevqx/delta_bot/software/ros_ws_delta/src/install/multiple_object_tracking_lidar/include/multiple_object_tracking_lidar/multiple_object_tracking_lidar.hpp
-- Installing: /home/svevqx/delta_bot/software/ros_ws_delta/src/install/multiple_object_tracking_lidar/lib/libmultiple_object_tracking_lidar.so
-- Set non-toolchain portion of runtime path of "/home/svevqx/delta_bot/software/ros_ws_delta/src/install/multiple_object_tracking_lidar/lib/libmultiple_object_tracking_lidar.so" to ""
-- Installing: /home/svevqx/delta_bot/software/ros_ws_delta/src/install/multiple_object_tracking_lidar/lib/multiple_object_tracking_lidar/multiple_object_tracking_lidar_node
-- Set non-toolchain portion of runtime path of "/home/svevqx/delta_bot/software/ros_ws_delta/src/install/multiple_object_tracking_lidar/lib/multiple_object_tracking_lidar/multiple_object_tracking_lidar_node" to ""
-- Installing: /home/svevqx/delta_bot/software/ros_ws_delta/src/install/multiple_object_tracking_lidar/share/multiple_object_tracking_lidar/launch
-- Installing: /home/svevqx/delta_bot/software/ros_ws_delta/src/install/multiple_object_tracking_lidar/share/multiple_object_tracking_lidar/launch/multiple_object_tracking_lidar.launch.py
-- Installing: /home/svevqx/delta_bot/software/ros_ws_delta/src/install/multiple_object_tracking_lidar/share/ament_index/resource_index/package_run_dependencies/multiple_object_tracking_lidar
-- Installing: /home/svevqx/delta_bot/software/ros_ws_delta/src/install/multiple_object_tracking_lidar/share/ament_index/resource_index/parent_prefix_path/multiple_object_tracking_lidar
-- Installing: /home/svevqx/delta_bot/software/ros_ws_delta/src/install/multiple_object_tracking_lidar/share/multiple_object_tracking_lidar/environment/ament_prefix_path.sh
-- Installing: /home/svevqx/delta_bot/software/ros_ws_delta/src/install/multiple_object_tracking_lidar/share/multiple_object_tracking_lidar/environment/ament_prefix_path.dsv
-- Installing: /home/svevqx/delta_bot/software/ros_ws_delta/src/install/multiple_object_tracking_lidar/share/multiple_object_tracking_lidar/environment/path.sh
-- Installing: /home/svevqx/delta_bot/software/ros_ws_delta/src/install/multiple_object_tracking_lidar/share/multiple_object_tracking_lidar/environment/path.dsv
-- Installing: /home/svevqx/delta_bot/software/ros_ws_delta/src/install/multiple_object_tracking_lidar/share/multiple_object_tracking_lidar/local_setup.bash
-- Installing: /home/svevqx/delta_bot/software/ros_ws_delta/src/install/multiple_object_tracking_lidar/share/multiple_object_tracking_lidar/local_setup.sh
-- Installing: /home/svevqx/delta_bot/software/ros_ws_delta/src/install/multiple_object_tracking_lidar/share/multiple_object_tracking_lidar/local_setup.zsh
-- Installing: /home/svevqx/delta_bot/software/ros_ws_delta/src/install/multiple_object_tracking_lidar/share/multiple_object_tracking_lidar/local_setup.dsv
-- Installing: /home/svevqx/delta_bot/software/ros_ws_delta/src/install/multiple_object_tracking_lidar/share/multiple_object_tracking_lidar/package.dsv
-- Installing: /home/svevqx/delta_bot/software/ros_ws_delta/src/install/multiple_object_tracking_lidar/share/ament_index/resource_index/packages/multiple_object_tracking_lidar
-- Installing: /home/svevqx/delta_bot/software/ros_ws_delta/src/install/multiple_object_tracking_lidar/share/ament_index/resource_index/rclcpp_components/multiple_object_tracking_lidar
-- Installing: /home/svevqx/delta_bot/software/ros_ws_delta/src/install/multiple_object_tracking_lidar/share/multiple_object_tracking_lidar/cmake/multiple_object_tracking_lidarConfig.cmake
-- Installing: /home/svevqx/delta_bot/software/ros_ws_delta/src/install/multiple_object_tracking_lidar/share/multiple_object_tracking_lidar/cmake/multiple_object_tracking_lidarConfig-version.cmake
-- Installing: /home/svevqx/delta_bot/software/ros_ws_delta/src/install/multiple_object_tracking_lidar/share/multiple_object_tracking_lidar/package.xml
