running egg_info
creating ../../build/delta_ros/delta_ros.egg-info
writing ../../build/delta_ros/delta_ros.egg-info/PKG-INFO
writing dependency_links to ../../build/delta_ros/delta_ros.egg-info/dependency_links.txt
writing entry points to ../../build/delta_ros/delta_ros.egg-info/entry_points.txt
writing requirements to ../../build/delta_ros/delta_ros.egg-info/requires.txt
writing top-level names to ../../build/delta_ros/delta_ros.egg-info/top_level.txt
writing manifest file '../../build/delta_ros/delta_ros.egg-info/SOURCES.txt'
reading manifest file '../../build/delta_ros/delta_ros.egg-info/SOURCES.txt'
adding license file 'LICENSE'
writing manifest file '../../build/delta_ros/delta_ros.egg-info/SOURCES.txt'
running build
running build_py
creating /home/svevqx/delta_bot/software/ros_ws_delta/build/delta_ros/build
creating /home/svevqx/delta_bot/software/ros_ws_delta/build/delta_ros/build/lib
creating /home/svevqx/delta_bot/software/ros_ws_delta/build/delta_ros/build/lib/delta_ros
copying delta_ros/effector_to_closest.py -> /home/svevqx/delta_bot/software/ros_ws_delta/build/delta_ros/build/lib/delta_ros
copying delta_ros/__init__.py -> /home/svevqx/delta_bot/software/ros_ws_delta/build/delta_ros/build/lib/delta_ros
running install
running install_lib
creating /home/svevqx/delta_bot/software/ros_ws_delta/install/delta_ros/lib/python3.12/site-packages/delta_ros
copying /home/svevqx/delta_bot/software/ros_ws_delta/build/delta_ros/build/lib/delta_ros/effector_to_closest.py -> /home/svevqx/delta_bot/software/ros_ws_delta/install/delta_ros/lib/python3.12/site-packages/delta_ros
copying /home/svevqx/delta_bot/software/ros_ws_delta/build/delta_ros/build/lib/delta_ros/__init__.py -> /home/svevqx/delta_bot/software/ros_ws_delta/install/delta_ros/lib/python3.12/site-packages/delta_ros
byte-compiling /home/svevqx/delta_bot/software/ros_ws_delta/install/delta_ros/lib/python3.12/site-packages/delta_ros/effector_to_closest.py to effector_to_closest.cpython-312.pyc
byte-compiling /home/svevqx/delta_bot/software/ros_ws_delta/install/delta_ros/lib/python3.12/site-packages/delta_ros/__init__.py to __init__.cpython-312.pyc
running install_data
creating /home/svevqx/delta_bot/software/ros_ws_delta/install/delta_ros/share/ament_index
creating /home/svevqx/delta_bot/software/ros_ws_delta/install/delta_ros/share/ament_index/resource_index
creating /home/svevqx/delta_bot/software/ros_ws_delta/install/delta_ros/share/ament_index/resource_index/packages
copying resource/delta_ros -> /home/svevqx/delta_bot/software/ros_ws_delta/install/delta_ros/share/ament_index/resource_index/packages
copying package.xml -> /home/svevqx/delta_bot/software/ros_ws_delta/install/delta_ros/share/delta_ros
running install_egg_info
Copying ../../build/delta_ros/delta_ros.egg-info to /home/svevqx/delta_bot/software/ros_ws_delta/install/delta_ros/lib/python3.12/site-packages/delta_ros-0.0.0-py3.12.egg-info
running install_scripts
Installing effector_to_closest script to /home/svevqx/delta_bot/software/ros_ws_delta/install/delta_ros/lib/delta_ros
writing list of installed files to '/home/svevqx/delta_bot/software/ros_ws_delta/build/delta_ros/install.log'
