[1.855s] Invoking command in '/home/svevqx/delta_bot/software/ros_ws_delta/src/delta_ros': DEBUGINFOD_URLS=https://debuginfod.ubuntu.com PYTHONPATH=/home/svevqx/delta_bot/software/ros_ws_delta/build/delta_ros/prefix_override:/usr/lib/python3/dist-packages/colcon_core/task/python/colcon_distutils_commands:/home/svevqx/delta_bot/software/ros_ws_delta/install/delta_ros/lib/python3.12/site-packages:${PYTHONPATH} /usr/bin/python3 -W ignore:setup.py install is deprecated -W ignore:easy_install command is deprecated setup.py egg_info --egg-base ../../build/delta_ros build --build-base /home/svevqx/delta_bot/software/ros_ws_delta/build/delta_ros/build install --record /home/svevqx/delta_bot/software/ros_ws_delta/build/delta_ros/install.log --single-version-externally-managed install_data
[2.445s] running egg_info
[2.446s] creating ../../build/delta_ros/delta_ros.egg-info
[2.491s] writing ../../build/delta_ros/delta_ros.egg-info/PKG-INFO
[2.492s] writing dependency_links to ../../build/delta_ros/delta_ros.egg-info/dependency_links.txt
[2.492s] writing entry points to ../../build/delta_ros/delta_ros.egg-info/entry_points.txt
[2.493s] writing requirements to ../../build/delta_ros/delta_ros.egg-info/requires.txt
[2.493s] writing top-level names to ../../build/delta_ros/delta_ros.egg-info/top_level.txt
[2.493s] writing manifest file '../../build/delta_ros/delta_ros.egg-info/SOURCES.txt'
[2.591s] reading manifest file '../../build/delta_ros/delta_ros.egg-info/SOURCES.txt'
[2.591s] adding license file 'LICENSE'
[2.593s] writing manifest file '../../build/delta_ros/delta_ros.egg-info/SOURCES.txt'
[2.593s] running build
[2.594s] running build_py
[2.594s] creating /home/svevqx/delta_bot/software/ros_ws_delta/build/delta_ros/build
[2.595s] creating /home/svevqx/delta_bot/software/ros_ws_delta/build/delta_ros/build/lib
[2.595s] creating /home/svevqx/delta_bot/software/ros_ws_delta/build/delta_ros/build/lib/delta_ros
[2.595s] copying delta_ros/effector_to_closest.py -> /home/svevqx/delta_bot/software/ros_ws_delta/build/delta_ros/build/lib/delta_ros
[2.595s] copying delta_ros/__init__.py -> /home/svevqx/delta_bot/software/ros_ws_delta/build/delta_ros/build/lib/delta_ros
[2.596s] running install
[2.613s] running install_lib
[2.662s] creating /home/svevqx/delta_bot/software/ros_ws_delta/install/delta_ros/lib/python3.12/site-packages/delta_ros
[2.662s] copying /home/svevqx/delta_bot/software/ros_ws_delta/build/delta_ros/build/lib/delta_ros/effector_to_closest.py -> /home/svevqx/delta_bot/software/ros_ws_delta/install/delta_ros/lib/python3.12/site-packages/delta_ros
[2.663s] copying /home/svevqx/delta_bot/software/ros_ws_delta/build/delta_ros/build/lib/delta_ros/__init__.py -> /home/svevqx/delta_bot/software/ros_ws_delta/install/delta_ros/lib/python3.12/site-packages/delta_ros
[2.664s] byte-compiling /home/svevqx/delta_bot/software/ros_ws_delta/install/delta_ros/lib/python3.12/site-packages/delta_ros/effector_to_closest.py to effector_to_closest.cpython-312.pyc
[2.665s] byte-compiling /home/svevqx/delta_bot/software/ros_ws_delta/install/delta_ros/lib/python3.12/site-packages/delta_ros/__init__.py to __init__.cpython-312.pyc
[2.665s] running install_data
[2.666s] creating /home/svevqx/delta_bot/software/ros_ws_delta/install/delta_ros/share/ament_index
[2.666s] creating /home/svevqx/delta_bot/software/ros_ws_delta/install/delta_ros/share/ament_index/resource_index
[2.666s] creating /home/svevqx/delta_bot/software/ros_ws_delta/install/delta_ros/share/ament_index/resource_index/packages
[2.667s] copying resource/delta_ros -> /home/svevqx/delta_bot/software/ros_ws_delta/install/delta_ros/share/ament_index/resource_index/packages
[2.667s] copying package.xml -> /home/svevqx/delta_bot/software/ros_ws_delta/install/delta_ros/share/delta_ros
[2.667s] running install_egg_info
[2.716s] Copying ../../build/delta_ros/delta_ros.egg-info to /home/svevqx/delta_bot/software/ros_ws_delta/install/delta_ros/lib/python3.12/site-packages/delta_ros-0.0.0-py3.12.egg-info
[2.718s] running install_scripts
[3.012s] Installing effector_to_closest script to /home/svevqx/delta_bot/software/ros_ws_delta/install/delta_ros/lib/delta_ros
[3.013s] writing list of installed files to '/home/svevqx/delta_bot/software/ros_ws_delta/build/delta_ros/install.log'
[3.081s] Invoked command in '/home/svevqx/delta_bot/software/ros_ws_delta/src/delta_ros' returned '0': DEBUGINFOD_URLS=https://debuginfod.ubuntu.com PYTHONPATH=/home/svevqx/delta_bot/software/ros_ws_delta/build/delta_ros/prefix_override:/usr/lib/python3/dist-packages/colcon_core/task/python/colcon_distutils_commands:/home/svevqx/delta_bot/software/ros_ws_delta/install/delta_ros/lib/python3.12/site-packages:${PYTHONPATH} /usr/bin/python3 -W ignore:setup.py install is deprecated -W ignore:easy_install command is deprecated setup.py egg_info --egg-base ../../build/delta_ros build --build-base /home/svevqx/delta_bot/software/ros_ws_delta/build/delta_ros/build install --record /home/svevqx/delta_bot/software/ros_ws_delta/build/delta_ros/install.log --single-version-externally-managed install_data
