[0.189s] DEBUG:colcon:Command line arguments: ['/usr/bin/colcon', 'build']
[0.189s] DEBUG:colcon:Parsed command line arguments: Namespace(log_base=None, log_level=None, verb_name='build', build_base='build', install_base='install', merge_install=False, symlink_install=False, test_result_base=None, continue_on_error=False, executor='parallel', parallel_workers=4, event_handlers=None, ignore_user_meta=False, metas=['./colcon.meta'], base_paths=['.'], packages_ignore=None, packages_ignore_regex=None, paths=None, packages_up_to=None, packages_up_to_regex=None, packages_above=None, packages_above_and_dependencies=None, packages_above_depth=None, packages_select_by_dep=None, packages_skip_by_dep=None, packages_skip_up_to=None, packages_select_build_failed=False, packages_skip_build_finished=False, packages_select_test_failures=False, packages_skip_test_passed=False, packages_select=None, packages_skip=None, packages_select_regex=None, packages_skip_regex=None, packages_start=None, packages_end=None, allow_overriding=[], cmake_args=None, cmake_target=None, cmake_target_skip_unavailable=False, cmake_clean_cache=False, cmake_clean_first=False, cmake_force_configure=False, ament_cmake_args=None, catkin_cmake_args=None, catkin_skip_building_tests=False, mixin_files=None, mixin=None, verb_parser=<colcon_mixin.mixin.mixin_argument.MixinArgumentDecorator object at 0x7c9e60fb55b0>, verb_extension=<colcon_core.verb.build.BuildVerb object at 0x7c9e610f7d10>, main=<bound method BuildVerb.main of <colcon_core.verb.build.BuildVerb object at 0x7c9e610f7d10>>, mixin_verb=('build',))
[0.257s] Level 1:colcon.colcon_core.package_discovery:discover_packages(colcon_meta) check parameters
[0.257s] Level 1:colcon.colcon_core.package_discovery:discover_packages(recursive) check parameters
[0.257s] Level 1:colcon.colcon_core.package_discovery:discover_packages(ignore) check parameters
[0.257s] Level 1:colcon.colcon_core.package_discovery:discover_packages(path) check parameters
[0.257s] Level 1:colcon.colcon_core.package_discovery:discover_packages(colcon_meta) discover
[0.257s] Level 1:colcon.colcon_core.package_discovery:discover_packages(recursive) discover
[0.257s] INFO:colcon.colcon_core.package_discovery:Crawling recursively for packages in '/home/svevqx/delta_bot/software/ros_ws_delta'
[0.258s] Level 1:colcon.colcon_core.package_identification:_identify(.) by extensions ['ignore', 'ignore_ament_install']
[0.258s] Level 1:colcon.colcon_core.package_identification:_identify(.) by extension 'ignore'
[0.258s] Level 1:colcon.colcon_core.package_identification:_identify(.) by extension 'ignore_ament_install'
[0.258s] Level 1:colcon.colcon_core.package_identification:_identify(.) by extensions ['colcon_pkg']
[0.258s] Level 1:colcon.colcon_core.package_identification:_identify(.) by extension 'colcon_pkg'
[0.258s] Level 1:colcon.colcon_core.package_identification:_identify(.) by extensions ['colcon_meta']
[0.258s] Level 1:colcon.colcon_core.package_identification:_identify(.) by extension 'colcon_meta'
[0.258s] Level 1:colcon.colcon_core.package_identification:_identify(.) by extensions ['ros']
[0.258s] Level 1:colcon.colcon_core.package_identification:_identify(.) by extension 'ros'
[0.292s] Level 1:colcon.colcon_core.package_identification:_identify(.) by extensions ['cmake', 'python']
[0.292s] Level 1:colcon.colcon_core.package_identification:_identify(.) by extension 'cmake'
[0.292s] Level 1:colcon.colcon_core.package_identification:_identify(.) by extension 'python'
[0.292s] Level 1:colcon.colcon_core.package_identification:_identify(.) by extensions ['python_setup_py']
[0.292s] Level 1:colcon.colcon_core.package_identification:_identify(.) by extension 'python_setup_py'
[0.293s] Level 1:colcon.colcon_core.package_identification:_identify(build) by extensions ['ignore', 'ignore_ament_install']
[0.293s] Level 1:colcon.colcon_core.package_identification:_identify(build) by extension 'ignore'
[0.293s] Level 1:colcon.colcon_core.package_identification:_identify(build) ignored
[0.293s] Level 1:colcon.colcon_core.package_identification:_identify(install) by extensions ['ignore', 'ignore_ament_install']
[0.294s] Level 1:colcon.colcon_core.package_identification:_identify(install) by extension 'ignore'
[0.294s] Level 1:colcon.colcon_core.package_identification:_identify(install) ignored
[0.294s] Level 1:colcon.colcon_core.package_identification:_identify(log) by extensions ['ignore', 'ignore_ament_install']
[0.294s] Level 1:colcon.colcon_core.package_identification:_identify(log) by extension 'ignore'
[0.294s] Level 1:colcon.colcon_core.package_identification:_identify(log) ignored
[0.294s] Level 1:colcon.colcon_core.package_identification:_identify(src) by extensions ['ignore', 'ignore_ament_install']
[0.295s] Level 1:colcon.colcon_core.package_identification:_identify(src) by extension 'ignore'
[0.295s] Level 1:colcon.colcon_core.package_identification:_identify(src) by extension 'ignore_ament_install'
[0.295s] Level 1:colcon.colcon_core.package_identification:_identify(src) by extensions ['colcon_pkg']
[0.295s] Level 1:colcon.colcon_core.package_identification:_identify(src) by extension 'colcon_pkg'
[0.295s] Level 1:colcon.colcon_core.package_identification:_identify(src) by extensions ['colcon_meta']
[0.295s] Level 1:colcon.colcon_core.package_identification:_identify(src) by extension 'colcon_meta'
[0.295s] Level 1:colcon.colcon_core.package_identification:_identify(src) by extensions ['ros']
[0.295s] Level 1:colcon.colcon_core.package_identification:_identify(src) by extension 'ros'
[0.295s] Level 1:colcon.colcon_core.package_identification:_identify(src) by extensions ['cmake', 'python']
[0.295s] Level 1:colcon.colcon_core.package_identification:_identify(src) by extension 'cmake'
[0.295s] Level 1:colcon.colcon_core.package_identification:_identify(src) by extension 'python'
[0.295s] Level 1:colcon.colcon_core.package_identification:_identify(src) by extensions ['python_setup_py']
[0.295s] Level 1:colcon.colcon_core.package_identification:_identify(src) by extension 'python_setup_py'
[0.296s] Level 1:colcon.colcon_core.package_identification:_identify(src/arducam_rclpy_tof_pointcloud) by extensions ['ignore', 'ignore_ament_install']
[0.296s] Level 1:colcon.colcon_core.package_identification:_identify(src/arducam_rclpy_tof_pointcloud) by extension 'ignore'
[0.296s] Level 1:colcon.colcon_core.package_identification:_identify(src/arducam_rclpy_tof_pointcloud) by extension 'ignore_ament_install'
[0.296s] Level 1:colcon.colcon_core.package_identification:_identify(src/arducam_rclpy_tof_pointcloud) by extensions ['colcon_pkg']
[0.296s] Level 1:colcon.colcon_core.package_identification:_identify(src/arducam_rclpy_tof_pointcloud) by extension 'colcon_pkg'
[0.296s] Level 1:colcon.colcon_core.package_identification:_identify(src/arducam_rclpy_tof_pointcloud) by extensions ['colcon_meta']
[0.296s] Level 1:colcon.colcon_core.package_identification:_identify(src/arducam_rclpy_tof_pointcloud) by extension 'colcon_meta'
[0.297s] Level 1:colcon.colcon_core.package_identification:_identify(src/arducam_rclpy_tof_pointcloud) by extensions ['ros']
[0.297s] Level 1:colcon.colcon_core.package_identification:_identify(src/arducam_rclpy_tof_pointcloud) by extension 'ros'
[0.301s] DEBUG:colcon.colcon_core.package_identification:Package 'src/arducam_rclpy_tof_pointcloud' with type 'ros.ament_python' and name 'arducam_rclpy_tof_pointcloud'
[0.302s] Level 1:colcon.colcon_core.package_identification:_identify(src/build) by extensions ['ignore', 'ignore_ament_install']
[0.302s] Level 1:colcon.colcon_core.package_identification:_identify(src/build) by extension 'ignore'
[0.302s] Level 1:colcon.colcon_core.package_identification:_identify(src/build) ignored
[0.302s] Level 1:colcon.colcon_core.package_identification:_identify(src/delta_ros) by extensions ['ignore', 'ignore_ament_install']
[0.302s] Level 1:colcon.colcon_core.package_identification:_identify(src/delta_ros) by extension 'ignore'
[0.303s] Level 1:colcon.colcon_core.package_identification:_identify(src/delta_ros) by extension 'ignore_ament_install'
[0.303s] Level 1:colcon.colcon_core.package_identification:_identify(src/delta_ros) by extensions ['colcon_pkg']
[0.303s] Level 1:colcon.colcon_core.package_identification:_identify(src/delta_ros) by extension 'colcon_pkg'
[0.303s] Level 1:colcon.colcon_core.package_identification:_identify(src/delta_ros) by extensions ['colcon_meta']
[0.303s] Level 1:colcon.colcon_core.package_identification:_identify(src/delta_ros) by extension 'colcon_meta'
[0.303s] Level 1:colcon.colcon_core.package_identification:_identify(src/delta_ros) by extensions ['ros']
[0.303s] Level 1:colcon.colcon_core.package_identification:_identify(src/delta_ros) by extension 'ros'
[0.304s] DEBUG:colcon.colcon_core.package_identification:Package 'src/delta_ros' with type 'ros.ament_python' and name 'delta_ros'
[0.304s] Level 1:colcon.colcon_core.package_identification:_identify(src/grbl_ros) by extensions ['ignore', 'ignore_ament_install']
[0.304s] Level 1:colcon.colcon_core.package_identification:_identify(src/grbl_ros) by extension 'ignore'
[0.304s] Level 1:colcon.colcon_core.package_identification:_identify(src/grbl_ros) by extension 'ignore_ament_install'
[0.305s] Level 1:colcon.colcon_core.package_identification:_identify(src/grbl_ros) by extensions ['colcon_pkg']
[0.305s] Level 1:colcon.colcon_core.package_identification:_identify(src/grbl_ros) by extension 'colcon_pkg'
[0.305s] Level 1:colcon.colcon_core.package_identification:_identify(src/grbl_ros) by extensions ['colcon_meta']
[0.305s] Level 1:colcon.colcon_core.package_identification:_identify(src/grbl_ros) by extension 'colcon_meta'
[0.305s] Level 1:colcon.colcon_core.package_identification:_identify(src/grbl_ros) by extensions ['ros']
[0.305s] Level 1:colcon.colcon_core.package_identification:_identify(src/grbl_ros) by extension 'ros'
[0.306s] DEBUG:colcon.colcon_core.package_identification:Package 'src/grbl_ros' with type 'ros.ament_python' and name 'grbl_ros'
[0.306s] Level 1:colcon.colcon_core.package_identification:_identify(src/install) by extensions ['ignore', 'ignore_ament_install']
[0.306s] Level 1:colcon.colcon_core.package_identification:_identify(src/install) by extension 'ignore'
[0.306s] Level 1:colcon.colcon_core.package_identification:_identify(src/install) ignored
[0.307s] Level 1:colcon.colcon_core.package_identification:_identify(src/log) by extensions ['ignore', 'ignore_ament_install']
[0.307s] Level 1:colcon.colcon_core.package_identification:_identify(src/log) by extension 'ignore'
[0.307s] Level 1:colcon.colcon_core.package_identification:_identify(src/log) ignored
[0.307s] Level 1:colcon.colcon_core.package_discovery:discover_packages(recursive) using defaults
[0.307s] Level 1:colcon.colcon_core.package_discovery:discover_packages(ignore) discover
[0.307s] Level 1:colcon.colcon_core.package_discovery:discover_packages(ignore) using defaults
[0.307s] Level 1:colcon.colcon_core.package_discovery:discover_packages(path) discover
[0.307s] Level 1:colcon.colcon_core.package_discovery:discover_packages(path) using defaults
[0.336s] Level 1:colcon.colcon_core.package_discovery:discover_packages(prefix_path) check parameters
[0.336s] Level 1:colcon.colcon_core.package_discovery:discover_packages(prefix_path) discover
[0.350s] DEBUG:colcon.colcon_installed_package_information.package_discovery:Found 27 installed packages in /home/svevqx/ros2_ws/install
[0.353s] DEBUG:colcon.colcon_installed_package_information.package_discovery:Found 331 installed packages in /opt/ros/jazzy
[0.355s] Level 1:colcon.colcon_core.package_discovery:discover_packages(prefix_path) using defaults
[0.441s] Level 5:colcon.colcon_core.verb:set package 'arducam_rclpy_tof_pointcloud' build argument 'cmake_args' from command line to 'None'
[0.441s] Level 5:colcon.colcon_core.verb:set package 'arducam_rclpy_tof_pointcloud' build argument 'cmake_target' from command line to 'None'
[0.441s] Level 5:colcon.colcon_core.verb:set package 'arducam_rclpy_tof_pointcloud' build argument 'cmake_target_skip_unavailable' from command line to 'False'
[0.441s] Level 5:colcon.colcon_core.verb:set package 'arducam_rclpy_tof_pointcloud' build argument 'cmake_clean_cache' from command line to 'False'
[0.441s] Level 5:colcon.colcon_core.verb:set package 'arducam_rclpy_tof_pointcloud' build argument 'cmake_clean_first' from command line to 'False'
[0.441s] Level 5:colcon.colcon_core.verb:set package 'arducam_rclpy_tof_pointcloud' build argument 'cmake_force_configure' from command line to 'False'
[0.441s] Level 5:colcon.colcon_core.verb:set package 'arducam_rclpy_tof_pointcloud' build argument 'ament_cmake_args' from command line to 'None'
[0.441s] Level 5:colcon.colcon_core.verb:set package 'arducam_rclpy_tof_pointcloud' build argument 'catkin_cmake_args' from command line to 'None'
[0.442s] Level 5:colcon.colcon_core.verb:set package 'arducam_rclpy_tof_pointcloud' build argument 'catkin_skip_building_tests' from command line to 'False'
[0.442s] DEBUG:colcon.colcon_core.verb:Building package 'arducam_rclpy_tof_pointcloud' with the following arguments: {'ament_cmake_args': None, 'build_base': '/home/svevqx/delta_bot/software/ros_ws_delta/build/arducam_rclpy_tof_pointcloud', 'catkin_cmake_args': None, 'catkin_skip_building_tests': False, 'cmake_args': None, 'cmake_clean_cache': False, 'cmake_clean_first': False, 'cmake_force_configure': False, 'cmake_target': None, 'cmake_target_skip_unavailable': False, 'install_base': '/home/svevqx/delta_bot/software/ros_ws_delta/install/arducam_rclpy_tof_pointcloud', 'merge_install': False, 'path': '/home/svevqx/delta_bot/software/ros_ws_delta/src/arducam_rclpy_tof_pointcloud', 'symlink_install': False, 'test_result_base': None}
[0.442s] Level 5:colcon.colcon_core.verb:set package 'delta_ros' build argument 'cmake_args' from command line to 'None'
[0.442s] Level 5:colcon.colcon_core.verb:set package 'delta_ros' build argument 'cmake_target' from command line to 'None'
[0.442s] Level 5:colcon.colcon_core.verb:set package 'delta_ros' build argument 'cmake_target_skip_unavailable' from command line to 'False'
[0.442s] Level 5:colcon.colcon_core.verb:set package 'delta_ros' build argument 'cmake_clean_cache' from command line to 'False'
[0.442s] Level 5:colcon.colcon_core.verb:set package 'delta_ros' build argument 'cmake_clean_first' from command line to 'False'
[0.442s] Level 5:colcon.colcon_core.verb:set package 'delta_ros' build argument 'cmake_force_configure' from command line to 'False'
[0.442s] Level 5:colcon.colcon_core.verb:set package 'delta_ros' build argument 'ament_cmake_args' from command line to 'None'
[0.442s] Level 5:colcon.colcon_core.verb:set package 'delta_ros' build argument 'catkin_cmake_args' from command line to 'None'
[0.442s] Level 5:colcon.colcon_core.verb:set package 'delta_ros' build argument 'catkin_skip_building_tests' from command line to 'False'
[0.442s] DEBUG:colcon.colcon_core.verb:Building package 'delta_ros' with the following arguments: {'ament_cmake_args': None, 'build_base': '/home/svevqx/delta_bot/software/ros_ws_delta/build/delta_ros', 'catkin_cmake_args': None, 'catkin_skip_building_tests': False, 'cmake_args': None, 'cmake_clean_cache': False, 'cmake_clean_first': False, 'cmake_force_configure': False, 'cmake_target': None, 'cmake_target_skip_unavailable': False, 'install_base': '/home/svevqx/delta_bot/software/ros_ws_delta/install/delta_ros', 'merge_install': False, 'path': '/home/svevqx/delta_bot/software/ros_ws_delta/src/delta_ros', 'symlink_install': False, 'test_result_base': None}
[0.443s] Level 5:colcon.colcon_core.verb:set package 'grbl_ros' build argument 'cmake_args' from command line to 'None'
[0.443s] Level 5:colcon.colcon_core.verb:set package 'grbl_ros' build argument 'cmake_target' from command line to 'None'
[0.443s] Level 5:colcon.colcon_core.verb:set package 'grbl_ros' build argument 'cmake_target_skip_unavailable' from command line to 'False'
[0.443s] Level 5:colcon.colcon_core.verb:set package 'grbl_ros' build argument 'cmake_clean_cache' from command line to 'False'
[0.443s] Level 5:colcon.colcon_core.verb:set package 'grbl_ros' build argument 'cmake_clean_first' from command line to 'False'
[0.443s] Level 5:colcon.colcon_core.verb:set package 'grbl_ros' build argument 'cmake_force_configure' from command line to 'False'
[0.443s] Level 5:colcon.colcon_core.verb:set package 'grbl_ros' build argument 'ament_cmake_args' from command line to 'None'
[0.443s] Level 5:colcon.colcon_core.verb:set package 'grbl_ros' build argument 'catkin_cmake_args' from command line to 'None'
[0.443s] Level 5:colcon.colcon_core.verb:set package 'grbl_ros' build argument 'catkin_skip_building_tests' from command line to 'False'
[0.443s] DEBUG:colcon.colcon_core.verb:Building package 'grbl_ros' with the following arguments: {'ament_cmake_args': None, 'build_base': '/home/svevqx/delta_bot/software/ros_ws_delta/build/grbl_ros', 'catkin_cmake_args': None, 'catkin_skip_building_tests': False, 'cmake_args': None, 'cmake_clean_cache': False, 'cmake_clean_first': False, 'cmake_force_configure': False, 'cmake_target': None, 'cmake_target_skip_unavailable': False, 'install_base': '/home/svevqx/delta_bot/software/ros_ws_delta/install/grbl_ros', 'merge_install': False, 'path': '/home/svevqx/delta_bot/software/ros_ws_delta/src/grbl_ros', 'symlink_install': False, 'test_result_base': None}
[0.444s] INFO:colcon.colcon_core.executor:Executing jobs using 'parallel' executor
[0.445s] DEBUG:colcon.colcon_parallel_executor.executor.parallel:run_until_complete
[0.445s] INFO:colcon.colcon_ros.task.ament_python.build:Building ROS package in '/home/svevqx/delta_bot/software/ros_ws_delta/src/arducam_rclpy_tof_pointcloud' with build type 'ament_python'
[0.445s] Level 1:colcon.colcon_core.shell:create_environment_hook('arducam_rclpy_tof_pointcloud', 'ament_prefix_path')
[0.450s] INFO:colcon.colcon_core.plugin_system:Skipping extension 'colcon_core.shell.bat': Not used on non-Windows systems
[0.451s] INFO:colcon.colcon_core.shell:Creating environment hook '/home/svevqx/delta_bot/software/ros_ws_delta/install/arducam_rclpy_tof_pointcloud/share/arducam_rclpy_tof_pointcloud/hook/ament_prefix_path.ps1'
[0.453s] INFO:colcon.colcon_core.shell:Creating environment descriptor '/home/svevqx/delta_bot/software/ros_ws_delta/install/arducam_rclpy_tof_pointcloud/share/arducam_rclpy_tof_pointcloud/hook/ament_prefix_path.dsv'
[0.453s] INFO:colcon.colcon_core.shell:Creating environment hook '/home/svevqx/delta_bot/software/ros_ws_delta/install/arducam_rclpy_tof_pointcloud/share/arducam_rclpy_tof_pointcloud/hook/ament_prefix_path.sh'
[0.454s] INFO:colcon.colcon_core.shell:Skip shell extension 'powershell' for command environment: Not usable outside of PowerShell
[0.454s] DEBUG:colcon.colcon_core.shell:Skip shell extension 'dsv' for command environment
[0.460s] INFO:colcon.colcon_ros.task.ament_python.build:Building ROS package in '/home/svevqx/delta_bot/software/ros_ws_delta/src/delta_ros' with build type 'ament_python'
[0.460s] Level 1:colcon.colcon_core.shell:create_environment_hook('delta_ros', 'ament_prefix_path')
[0.461s] INFO:colcon.colcon_core.shell:Creating environment hook '/home/svevqx/delta_bot/software/ros_ws_delta/install/delta_ros/share/delta_ros/hook/ament_prefix_path.ps1'
[0.461s] INFO:colcon.colcon_core.shell:Creating environment descriptor '/home/svevqx/delta_bot/software/ros_ws_delta/install/delta_ros/share/delta_ros/hook/ament_prefix_path.dsv'
[0.462s] INFO:colcon.colcon_core.shell:Creating environment hook '/home/svevqx/delta_bot/software/ros_ws_delta/install/delta_ros/share/delta_ros/hook/ament_prefix_path.sh'
[0.462s] INFO:colcon.colcon_core.shell:Skip shell extension 'powershell' for command environment: Not usable outside of PowerShell
[0.462s] DEBUG:colcon.colcon_core.shell:Skip shell extension 'dsv' for command environment
[0.468s] INFO:colcon.colcon_ros.task.ament_python.build:Building ROS package in '/home/svevqx/delta_bot/software/ros_ws_delta/src/grbl_ros' with build type 'ament_python'
[0.468s] Level 1:colcon.colcon_core.shell:create_environment_hook('grbl_ros', 'ament_prefix_path')
[0.469s] INFO:colcon.colcon_core.shell:Creating environment hook '/home/svevqx/delta_bot/software/ros_ws_delta/install/grbl_ros/share/grbl_ros/hook/ament_prefix_path.ps1'
[0.470s] INFO:colcon.colcon_core.shell:Creating environment descriptor '/home/svevqx/delta_bot/software/ros_ws_delta/install/grbl_ros/share/grbl_ros/hook/ament_prefix_path.dsv'
[0.470s] INFO:colcon.colcon_core.shell:Creating environment hook '/home/svevqx/delta_bot/software/ros_ws_delta/install/grbl_ros/share/grbl_ros/hook/ament_prefix_path.sh'
[0.471s] INFO:colcon.colcon_core.shell:Skip shell extension 'powershell' for command environment: Not usable outside of PowerShell
[0.471s] DEBUG:colcon.colcon_core.shell:Skip shell extension 'dsv' for command environment
[0.776s] INFO:colcon.colcon_core.task.python.build:Building Python package in '/home/svevqx/delta_bot/software/ros_ws_delta/src/arducam_rclpy_tof_pointcloud'
[0.776s] INFO:colcon.colcon_core.shell:Skip shell extension 'powershell' for command environment: Not usable outside of PowerShell
[0.777s] DEBUG:colcon.colcon_core.shell:Skip shell extension 'dsv' for command environment
[1.116s] INFO:colcon.colcon_core.task.python.build:Building Python package in '/home/svevqx/delta_bot/software/ros_ws_delta/src/delta_ros'
[1.116s] INFO:colcon.colcon_core.shell:Skip shell extension 'powershell' for command environment: Not usable outside of PowerShell
[1.116s] DEBUG:colcon.colcon_core.shell:Skip shell extension 'dsv' for command environment
[1.468s] INFO:colcon.colcon_core.task.python.build:Building Python package in '/home/svevqx/delta_bot/software/ros_ws_delta/src/grbl_ros'
[1.469s] INFO:colcon.colcon_core.shell:Skip shell extension 'powershell' for command environment: Not usable outside of PowerShell
[1.469s] DEBUG:colcon.colcon_core.shell:Skip shell extension 'dsv' for command environment
[3.088s] DEBUG:colcon.colcon_core.event_handler.log_command:Invoking command in '/home/svevqx/delta_bot/software/ros_ws_delta/src/delta_ros': DEBUGINFOD_URLS=https://debuginfod.ubuntu.com PYTHONPATH=/home/svevqx/delta_bot/software/ros_ws_delta/build/delta_ros/prefix_override:/usr/lib/python3/dist-packages/colcon_core/task/python/colcon_distutils_commands:/home/svevqx/delta_bot/software/ros_ws_delta/install/delta_ros/lib/python3.12/site-packages:${PYTHONPATH} /usr/bin/python3 -W ignore:setup.py install is deprecated -W ignore:easy_install command is deprecated setup.py egg_info --egg-base ../../build/delta_ros build --build-base /home/svevqx/delta_bot/software/ros_ws_delta/build/delta_ros/build install --record /home/svevqx/delta_bot/software/ros_ws_delta/build/delta_ros/install.log --single-version-externally-managed install_data
[3.383s] DEBUG:colcon.colcon_core.event_handler.log_command:Invoking command in '/home/svevqx/delta_bot/software/ros_ws_delta/src/grbl_ros': DEBUGINFOD_URLS=https://debuginfod.ubuntu.com PYTHONPATH=/home/svevqx/delta_bot/software/ros_ws_delta/build/grbl_ros/prefix_override:/usr/lib/python3/dist-packages/colcon_core/task/python/colcon_distutils_commands:/home/svevqx/delta_bot/software/ros_ws_delta/install/grbl_ros/lib/python3.12/site-packages:${PYTHONPATH} /usr/bin/python3 -W ignore:setup.py install is deprecated -W ignore:easy_install command is deprecated setup.py egg_info --egg-base ../../build/grbl_ros build --build-base /home/svevqx/delta_bot/software/ros_ws_delta/build/grbl_ros/build install --record /home/svevqx/delta_bot/software/ros_ws_delta/build/grbl_ros/install.log --install-scripts $base/lib/grbl_ros --single-version-externally-managed install_data
[3.424s] DEBUG:colcon.colcon_core.event_handler.log_command:Invoking command in '/home/svevqx/delta_bot/software/ros_ws_delta/src/arducam_rclpy_tof_pointcloud': DEBUGINFOD_URLS=https://debuginfod.ubuntu.com PYTHONPATH=/home/svevqx/delta_bot/software/ros_ws_delta/build/arducam_rclpy_tof_pointcloud/prefix_override:/usr/lib/python3/dist-packages/colcon_core/task/python/colcon_distutils_commands:/home/svevqx/delta_bot/software/ros_ws_delta/install/arducam_rclpy_tof_pointcloud/lib/python3.12/site-packages:${PYTHONPATH} /usr/bin/python3 -W ignore:setup.py install is deprecated -W ignore:easy_install command is deprecated setup.py egg_info --egg-base ../../build/arducam_rclpy_tof_pointcloud build --build-base /home/svevqx/delta_bot/software/ros_ws_delta/build/arducam_rclpy_tof_pointcloud/build install --record /home/svevqx/delta_bot/software/ros_ws_delta/build/arducam_rclpy_tof_pointcloud/install.log --single-version-externally-managed install_data
[4.807s] DEBUG:colcon.colcon_core.event_handler.log_command:Invoked command in '/home/svevqx/delta_bot/software/ros_ws_delta/src/delta_ros' returned '0': DEBUGINFOD_URLS=https://debuginfod.ubuntu.com PYTHONPATH=/home/svevqx/delta_bot/software/ros_ws_delta/build/delta_ros/prefix_override:/usr/lib/python3/dist-packages/colcon_core/task/python/colcon_distutils_commands:/home/svevqx/delta_bot/software/ros_ws_delta/install/delta_ros/lib/python3.12/site-packages:${PYTHONPATH} /usr/bin/python3 -W ignore:setup.py install is deprecated -W ignore:easy_install command is deprecated setup.py egg_info --egg-base ../../build/delta_ros build --build-base /home/svevqx/delta_bot/software/ros_ws_delta/build/delta_ros/build install --record /home/svevqx/delta_bot/software/ros_ws_delta/build/delta_ros/install.log --single-version-externally-managed install_data
[4.817s] Level 1:colcon.colcon_core.environment:checking '/home/svevqx/delta_bot/software/ros_ws_delta/install/delta_ros' for CMake module files
[4.819s] Level 1:colcon.colcon_core.environment:checking '/home/svevqx/delta_bot/software/ros_ws_delta/install/delta_ros' for CMake config files
[4.822s] Level 1:colcon.colcon_core.environment:checking '/home/svevqx/delta_bot/software/ros_ws_delta/install/delta_ros/lib'
[4.822s] Level 1:colcon.colcon_core.environment:checking '/home/svevqx/delta_bot/software/ros_ws_delta/install/delta_ros/bin'
[4.824s] Level 1:colcon.colcon_core.environment:checking '/home/svevqx/delta_bot/software/ros_ws_delta/install/delta_ros/lib/pkgconfig/delta_ros.pc'
[4.826s] Level 1:colcon.colcon_core.environment:checking '/home/svevqx/delta_bot/software/ros_ws_delta/install/delta_ros/lib/python3.12/site-packages'
[4.827s] Level 1:colcon.colcon_core.shell:create_environment_hook('delta_ros', 'pythonpath')
[4.827s] INFO:colcon.colcon_core.shell:Creating environment hook '/home/svevqx/delta_bot/software/ros_ws_delta/install/delta_ros/share/delta_ros/hook/pythonpath.ps1'
[4.828s] INFO:colcon.colcon_core.shell:Creating environment descriptor '/home/svevqx/delta_bot/software/ros_ws_delta/install/delta_ros/share/delta_ros/hook/pythonpath.dsv'
[4.829s] INFO:colcon.colcon_core.shell:Creating environment hook '/home/svevqx/delta_bot/software/ros_ws_delta/install/delta_ros/share/delta_ros/hook/pythonpath.sh'
[4.831s] Level 1:colcon.colcon_core.environment:checking '/home/svevqx/delta_bot/software/ros_ws_delta/install/delta_ros/bin'
[4.831s] Level 1:colcon.colcon_core.environment:create_environment_scripts_only(delta_ros)
[4.831s] INFO:colcon.colcon_core.shell:Creating package script '/home/svevqx/delta_bot/software/ros_ws_delta/install/delta_ros/share/delta_ros/package.ps1'
[4.853s] INFO:colcon.colcon_core.shell:Creating package descriptor '/home/svevqx/delta_bot/software/ros_ws_delta/install/delta_ros/share/delta_ros/package.dsv'
[4.855s] INFO:colcon.colcon_core.shell:Creating package script '/home/svevqx/delta_bot/software/ros_ws_delta/install/delta_ros/share/delta_ros/package.sh'
[4.857s] INFO:colcon.colcon_core.shell:Creating package script '/home/svevqx/delta_bot/software/ros_ws_delta/install/delta_ros/share/delta_ros/package.bash'
[4.859s] INFO:colcon.colcon_core.shell:Creating package script '/home/svevqx/delta_bot/software/ros_ws_delta/install/delta_ros/share/delta_ros/package.zsh'
[4.860s] Level 1:colcon.colcon_core.environment:create_file_with_runtime_dependencies(/home/svevqx/delta_bot/software/ros_ws_delta/install/delta_ros/share/colcon-core/packages/delta_ros)
[4.979s] Level 1:colcon.colcon_core.environment:checking '/home/svevqx/delta_bot/software/ros_ws_delta/install/arducam_rclpy_tof_pointcloud' for CMake module files
[4.981s] DEBUG:colcon.colcon_core.event_handler.log_command:Invoked command in '/home/svevqx/delta_bot/software/ros_ws_delta/src/arducam_rclpy_tof_pointcloud' returned '0': DEBUGINFOD_URLS=https://debuginfod.ubuntu.com PYTHONPATH=/home/svevqx/delta_bot/software/ros_ws_delta/build/arducam_rclpy_tof_pointcloud/prefix_override:/usr/lib/python3/dist-packages/colcon_core/task/python/colcon_distutils_commands:/home/svevqx/delta_bot/software/ros_ws_delta/install/arducam_rclpy_tof_pointcloud/lib/python3.12/site-packages:${PYTHONPATH} /usr/bin/python3 -W ignore:setup.py install is deprecated -W ignore:easy_install command is deprecated setup.py egg_info --egg-base ../../build/arducam_rclpy_tof_pointcloud build --build-base /home/svevqx/delta_bot/software/ros_ws_delta/build/arducam_rclpy_tof_pointcloud/build install --record /home/svevqx/delta_bot/software/ros_ws_delta/build/arducam_rclpy_tof_pointcloud/install.log --single-version-externally-managed install_data
[4.982s] Level 1:colcon.colcon_core.environment:checking '/home/svevqx/delta_bot/software/ros_ws_delta/install/arducam_rclpy_tof_pointcloud' for CMake config files
[4.986s] Level 1:colcon.colcon_core.environment:checking '/home/svevqx/delta_bot/software/ros_ws_delta/install/arducam_rclpy_tof_pointcloud/lib'
[4.986s] Level 1:colcon.colcon_core.environment:checking '/home/svevqx/delta_bot/software/ros_ws_delta/install/arducam_rclpy_tof_pointcloud/bin'
[4.986s] Level 1:colcon.colcon_core.environment:checking '/home/svevqx/delta_bot/software/ros_ws_delta/install/arducam_rclpy_tof_pointcloud/lib/pkgconfig/arducam_rclpy_tof_pointcloud.pc'
[4.987s] Level 1:colcon.colcon_core.environment:checking '/home/svevqx/delta_bot/software/ros_ws_delta/install/arducam_rclpy_tof_pointcloud/lib/python3.12/site-packages'
[4.988s] Level 1:colcon.colcon_core.shell:create_environment_hook('arducam_rclpy_tof_pointcloud', 'pythonpath')
[4.988s] INFO:colcon.colcon_core.shell:Creating environment hook '/home/svevqx/delta_bot/software/ros_ws_delta/install/arducam_rclpy_tof_pointcloud/share/arducam_rclpy_tof_pointcloud/hook/pythonpath.ps1'
[4.989s] INFO:colcon.colcon_core.shell:Creating environment descriptor '/home/svevqx/delta_bot/software/ros_ws_delta/install/arducam_rclpy_tof_pointcloud/share/arducam_rclpy_tof_pointcloud/hook/pythonpath.dsv'
[4.990s] INFO:colcon.colcon_core.shell:Creating environment hook '/home/svevqx/delta_bot/software/ros_ws_delta/install/arducam_rclpy_tof_pointcloud/share/arducam_rclpy_tof_pointcloud/hook/pythonpath.sh'
[4.992s] Level 1:colcon.colcon_core.environment:checking '/home/svevqx/delta_bot/software/ros_ws_delta/install/arducam_rclpy_tof_pointcloud/bin'
[4.992s] Level 1:colcon.colcon_core.environment:create_environment_scripts_only(arducam_rclpy_tof_pointcloud)
[4.993s] INFO:colcon.colcon_core.shell:Creating package script '/home/svevqx/delta_bot/software/ros_ws_delta/install/arducam_rclpy_tof_pointcloud/share/arducam_rclpy_tof_pointcloud/package.ps1'
[4.994s] INFO:colcon.colcon_core.shell:Creating package descriptor '/home/svevqx/delta_bot/software/ros_ws_delta/install/arducam_rclpy_tof_pointcloud/share/arducam_rclpy_tof_pointcloud/package.dsv'
[4.995s] INFO:colcon.colcon_core.shell:Creating package script '/home/svevqx/delta_bot/software/ros_ws_delta/install/arducam_rclpy_tof_pointcloud/share/arducam_rclpy_tof_pointcloud/package.sh'
[4.996s] INFO:colcon.colcon_core.shell:Creating package script '/home/svevqx/delta_bot/software/ros_ws_delta/install/arducam_rclpy_tof_pointcloud/share/arducam_rclpy_tof_pointcloud/package.bash'
[4.996s] INFO:colcon.colcon_core.shell:Creating package script '/home/svevqx/delta_bot/software/ros_ws_delta/install/arducam_rclpy_tof_pointcloud/share/arducam_rclpy_tof_pointcloud/package.zsh'
[4.997s] Level 1:colcon.colcon_core.environment:create_file_with_runtime_dependencies(/home/svevqx/delta_bot/software/ros_ws_delta/install/arducam_rclpy_tof_pointcloud/share/colcon-core/packages/arducam_rclpy_tof_pointcloud)
[5.085s] Level 1:colcon.colcon_core.environment:checking '/home/svevqx/delta_bot/software/ros_ws_delta/install/grbl_ros' for CMake module files
[5.086s] DEBUG:colcon.colcon_core.event_handler.log_command:Invoked command in '/home/svevqx/delta_bot/software/ros_ws_delta/src/grbl_ros' returned '0': DEBUGINFOD_URLS=https://debuginfod.ubuntu.com PYTHONPATH=/home/svevqx/delta_bot/software/ros_ws_delta/build/grbl_ros/prefix_override:/usr/lib/python3/dist-packages/colcon_core/task/python/colcon_distutils_commands:/home/svevqx/delta_bot/software/ros_ws_delta/install/grbl_ros/lib/python3.12/site-packages:${PYTHONPATH} /usr/bin/python3 -W ignore:setup.py install is deprecated -W ignore:easy_install command is deprecated setup.py egg_info --egg-base ../../build/grbl_ros build --build-base /home/svevqx/delta_bot/software/ros_ws_delta/build/grbl_ros/build install --record /home/svevqx/delta_bot/software/ros_ws_delta/build/grbl_ros/install.log --install-scripts $base/lib/grbl_ros --single-version-externally-managed install_data
[5.088s] Level 1:colcon.colcon_core.environment:checking '/home/svevqx/delta_bot/software/ros_ws_delta/install/grbl_ros' for CMake config files
[5.090s] Level 1:colcon.colcon_core.environment:checking '/home/svevqx/delta_bot/software/ros_ws_delta/install/grbl_ros/lib'
[5.091s] Level 1:colcon.colcon_core.environment:checking '/home/svevqx/delta_bot/software/ros_ws_delta/install/grbl_ros/bin'
[5.091s] Level 1:colcon.colcon_core.environment:checking '/home/svevqx/delta_bot/software/ros_ws_delta/install/grbl_ros/lib/pkgconfig/grbl_ros.pc'
[5.091s] Level 1:colcon.colcon_core.environment:checking '/home/svevqx/delta_bot/software/ros_ws_delta/install/grbl_ros/lib/python3.12/site-packages'
[5.091s] Level 1:colcon.colcon_core.shell:create_environment_hook('grbl_ros', 'pythonpath')
[5.092s] INFO:colcon.colcon_core.shell:Creating environment hook '/home/svevqx/delta_bot/software/ros_ws_delta/install/grbl_ros/share/grbl_ros/hook/pythonpath.ps1'
[5.093s] INFO:colcon.colcon_core.shell:Creating environment descriptor '/home/svevqx/delta_bot/software/ros_ws_delta/install/grbl_ros/share/grbl_ros/hook/pythonpath.dsv'
[5.093s] INFO:colcon.colcon_core.shell:Creating environment hook '/home/svevqx/delta_bot/software/ros_ws_delta/install/grbl_ros/share/grbl_ros/hook/pythonpath.sh'
[5.094s] Level 1:colcon.colcon_core.environment:checking '/home/svevqx/delta_bot/software/ros_ws_delta/install/grbl_ros/bin'
[5.094s] Level 1:colcon.colcon_core.environment:create_environment_scripts_only(grbl_ros)
[5.095s] INFO:colcon.colcon_core.shell:Creating package script '/home/svevqx/delta_bot/software/ros_ws_delta/install/grbl_ros/share/grbl_ros/package.ps1'
[5.096s] INFO:colcon.colcon_core.shell:Creating package descriptor '/home/svevqx/delta_bot/software/ros_ws_delta/install/grbl_ros/share/grbl_ros/package.dsv'
[5.097s] INFO:colcon.colcon_core.shell:Creating package script '/home/svevqx/delta_bot/software/ros_ws_delta/install/grbl_ros/share/grbl_ros/package.sh'
[5.097s] INFO:colcon.colcon_core.shell:Creating package script '/home/svevqx/delta_bot/software/ros_ws_delta/install/grbl_ros/share/grbl_ros/package.bash'
[5.098s] INFO:colcon.colcon_core.shell:Creating package script '/home/svevqx/delta_bot/software/ros_ws_delta/install/grbl_ros/share/grbl_ros/package.zsh'
[5.099s] Level 1:colcon.colcon_core.environment:create_file_with_runtime_dependencies(/home/svevqx/delta_bot/software/ros_ws_delta/install/grbl_ros/share/colcon-core/packages/grbl_ros)
[5.099s] DEBUG:colcon.colcon_parallel_executor.executor.parallel:closing loop
[5.101s] DEBUG:colcon.colcon_parallel_executor.executor.parallel:loop closed
[5.101s] DEBUG:colcon.colcon_parallel_executor.executor.parallel:run_until_complete finished with '0'
[5.101s] DEBUG:colcon.colcon_core.event_reactor:joining thread
[5.118s] INFO:colcon.colcon_core.plugin_system:Skipping extension 'colcon_notification.desktop_notification.terminal_notifier': Not used on non-Darwin systems
[5.119s] INFO:colcon.colcon_core.plugin_system:Skipping extension 'colcon_notification.desktop_notification.win32': Not used on non-Windows systems
[5.119s] INFO:colcon.colcon_notification.desktop_notification:Sending desktop notification using 'notify2'
[5.160s] DEBUG:colcon.colcon_core.event_reactor:joined thread
[5.161s] INFO:colcon.colcon_core.shell:Creating prefix script '/home/svevqx/delta_bot/software/ros_ws_delta/install/local_setup.ps1'
[5.163s] INFO:colcon.colcon_core.shell:Creating prefix util module '/home/svevqx/delta_bot/software/ros_ws_delta/install/_local_setup_util_ps1.py'
[5.165s] INFO:colcon.colcon_core.shell:Creating prefix chain script '/home/svevqx/delta_bot/software/ros_ws_delta/install/setup.ps1'
[5.169s] INFO:colcon.colcon_core.shell:Creating prefix script '/home/svevqx/delta_bot/software/ros_ws_delta/install/local_setup.sh'
[5.171s] INFO:colcon.colcon_core.shell:Creating prefix util module '/home/svevqx/delta_bot/software/ros_ws_delta/install/_local_setup_util_sh.py'
[5.172s] INFO:colcon.colcon_core.shell:Creating prefix chain script '/home/svevqx/delta_bot/software/ros_ws_delta/install/setup.sh'
[5.176s] INFO:colcon.colcon_core.shell:Creating prefix script '/home/svevqx/delta_bot/software/ros_ws_delta/install/local_setup.bash'
[5.177s] INFO:colcon.colcon_core.shell:Creating prefix chain script '/home/svevqx/delta_bot/software/ros_ws_delta/install/setup.bash'
[5.181s] INFO:colcon.colcon_core.shell:Creating prefix script '/home/svevqx/delta_bot/software/ros_ws_delta/install/local_setup.zsh'
[5.182s] INFO:colcon.colcon_core.shell:Creating prefix chain script '/home/svevqx/delta_bot/software/ros_ws_delta/install/setup.zsh'
