/usr/lib/python3/dist-packages/setuptools/dist.py:744: SetuptoolsDeprecationWarning: Invalid dash-separated options
!!

        ********************************************************************************
        Usage of dash-separated 'script-dir' will not be supported in future
        versions. Please use the underscore name 'script_dir' instead.

        This deprecation is overdue, please update your project and remove deprecated
        calls to avoid build errors in the future.

        See https://setuptools.pypa.io/en/latest/userguide/declarative_config.html for details.
        ********************************************************************************

!!
  opt = self.warn_dash_deprecation(opt, section)
running egg_info
creating ../../build/grbl_ros/grbl_ros.egg-info
writing ../../build/grbl_ros/grbl_ros.egg-info/PKG-INFO
writing dependency_links to ../../build/grbl_ros/grbl_ros.egg-info/dependency_links.txt
writing entry points to ../../build/grbl_ros/grbl_ros.egg-info/entry_points.txt
writing requirements to ../../build/grbl_ros/grbl_ros.egg-info/requires.txt
writing top-level names to ../../build/grbl_ros/grbl_ros.egg-info/top_level.txt
writing manifest file '../../build/grbl_ros/grbl_ros.egg-info/SOURCES.txt'
reading manifest file '../../build/grbl_ros/grbl_ros.egg-info/SOURCES.txt'
adding license file 'LICENSE'
writing manifest file '../../build/grbl_ros/grbl_ros.egg-info/SOURCES.txt'
running build
running build_py
creating /home/svevqx/delta_bot/software/ros_ws_delta/build/grbl_ros/build
creating /home/svevqx/delta_bot/software/ros_ws_delta/build/grbl_ros/build/lib
creating /home/svevqx/delta_bot/software/ros_ws_delta/build/grbl_ros/build/lib/grbl_ros
copying grbl_ros/service.py -> /home/svevqx/delta_bot/software/ros_ws_delta/build/grbl_ros/build/lib/grbl_ros
copying grbl_ros/_control.py -> /home/svevqx/delta_bot/software/ros_ws_delta/build/grbl_ros/build/lib/grbl_ros
copying grbl_ros/_logging.py -> /home/svevqx/delta_bot/software/ros_ws_delta/build/grbl_ros/build/lib/grbl_ros
copying grbl_ros/_command.py -> /home/svevqx/delta_bot/software/ros_ws_delta/build/grbl_ros/build/lib/grbl_ros
copying grbl_ros/manager.py -> /home/svevqx/delta_bot/software/ros_ws_delta/build/grbl_ros/build/lib/grbl_ros
copying grbl_ros/_configure.py -> /home/svevqx/delta_bot/software/ros_ws_delta/build/grbl_ros/build/lib/grbl_ros
copying grbl_ros/device.py -> /home/svevqx/delta_bot/software/ros_ws_delta/build/grbl_ros/build/lib/grbl_ros
copying grbl_ros/__init__.py -> /home/svevqx/delta_bot/software/ros_ws_delta/build/grbl_ros/build/lib/grbl_ros
running install
running install_lib
creating /home/svevqx/delta_bot/software/ros_ws_delta/install/grbl_ros/lib/python3.12/site-packages/grbl_ros
copying /home/svevqx/delta_bot/software/ros_ws_delta/build/grbl_ros/build/lib/grbl_ros/service.py -> /home/svevqx/delta_bot/software/ros_ws_delta/install/grbl_ros/lib/python3.12/site-packages/grbl_ros
copying /home/svevqx/delta_bot/software/ros_ws_delta/build/grbl_ros/build/lib/grbl_ros/_control.py -> /home/svevqx/delta_bot/software/ros_ws_delta/install/grbl_ros/lib/python3.12/site-packages/grbl_ros
copying /home/svevqx/delta_bot/software/ros_ws_delta/build/grbl_ros/build/lib/grbl_ros/_logging.py -> /home/svevqx/delta_bot/software/ros_ws_delta/install/grbl_ros/lib/python3.12/site-packages/grbl_ros
copying /home/svevqx/delta_bot/software/ros_ws_delta/build/grbl_ros/build/lib/grbl_ros/_command.py -> /home/svevqx/delta_bot/software/ros_ws_delta/install/grbl_ros/lib/python3.12/site-packages/grbl_ros
copying /home/svevqx/delta_bot/software/ros_ws_delta/build/grbl_ros/build/lib/grbl_ros/manager.py -> /home/svevqx/delta_bot/software/ros_ws_delta/install/grbl_ros/lib/python3.12/site-packages/grbl_ros
copying /home/svevqx/delta_bot/software/ros_ws_delta/build/grbl_ros/build/lib/grbl_ros/_configure.py -> /home/svevqx/delta_bot/software/ros_ws_delta/install/grbl_ros/lib/python3.12/site-packages/grbl_ros
copying /home/svevqx/delta_bot/software/ros_ws_delta/build/grbl_ros/build/lib/grbl_ros/device.py -> /home/svevqx/delta_bot/software/ros_ws_delta/install/grbl_ros/lib/python3.12/site-packages/grbl_ros
copying /home/svevqx/delta_bot/software/ros_ws_delta/build/grbl_ros/build/lib/grbl_ros/__init__.py -> /home/svevqx/delta_bot/software/ros_ws_delta/install/grbl_ros/lib/python3.12/site-packages/grbl_ros
byte-compiling /home/svevqx/delta_bot/software/ros_ws_delta/install/grbl_ros/lib/python3.12/site-packages/grbl_ros/service.py to service.cpython-312.pyc
byte-compiling /home/svevqx/delta_bot/software/ros_ws_delta/install/grbl_ros/lib/python3.12/site-packages/grbl_ros/_control.py to _control.cpython-312.pyc
byte-compiling /home/svevqx/delta_bot/software/ros_ws_delta/install/grbl_ros/lib/python3.12/site-packages/grbl_ros/_logging.py to _logging.cpython-312.pyc
byte-compiling /home/svevqx/delta_bot/software/ros_ws_delta/install/grbl_ros/lib/python3.12/site-packages/grbl_ros/_command.py to _command.cpython-312.pyc
byte-compiling /home/svevqx/delta_bot/software/ros_ws_delta/install/grbl_ros/lib/python3.12/site-packages/grbl_ros/manager.py to manager.cpython-312.pyc
byte-compiling /home/svevqx/delta_bot/software/ros_ws_delta/install/grbl_ros/lib/python3.12/site-packages/grbl_ros/_configure.py to _configure.cpython-312.pyc
byte-compiling /home/svevqx/delta_bot/software/ros_ws_delta/install/grbl_ros/lib/python3.12/site-packages/grbl_ros/device.py to device.cpython-312.pyc
byte-compiling /home/svevqx/delta_bot/software/ros_ws_delta/install/grbl_ros/lib/python3.12/site-packages/grbl_ros/__init__.py to __init__.cpython-312.pyc
running install_data
creating /home/svevqx/delta_bot/software/ros_ws_delta/install/grbl_ros/share/ament_index
creating /home/svevqx/delta_bot/software/ros_ws_delta/install/grbl_ros/share/ament_index/resource_index
creating /home/svevqx/delta_bot/software/ros_ws_delta/install/grbl_ros/share/ament_index/resource_index/packages
copying resource/grbl_ros -> /home/svevqx/delta_bot/software/ros_ws_delta/install/grbl_ros/share/ament_index/resource_index/packages
copying package.xml -> /home/svevqx/delta_bot/software/ros_ws_delta/install/grbl_ros/share/grbl_ros
creating /home/svevqx/delta_bot/software/ros_ws_delta/install/grbl_ros/share/grbl_ros/launch
copying launch/grbl_ros.launch.py -> /home/svevqx/delta_bot/software/ros_ws_delta/install/grbl_ros/share/grbl_ros/launch
creating /home/svevqx/delta_bot/software/ros_ws_delta/install/grbl_ros/share/grbl_ros/config
copying config/cnc001.yaml -> /home/svevqx/delta_bot/software/ros_ws_delta/install/grbl_ros/share/grbl_ros/config
running install_egg_info
Copying ../../build/grbl_ros/grbl_ros.egg-info to /home/svevqx/delta_bot/software/ros_ws_delta/install/grbl_ros/lib/python3.12/site-packages/grbl_ros-0.0.16-py3.12.egg-info
running install_scripts
Installing grbl_manager script to /home/svevqx/delta_bot/software/ros_ws_delta/install/grbl_ros/lib/grbl_ros
Installing grbl_node script to /home/svevqx/delta_bot/software/ros_ws_delta/install/grbl_ros/lib/grbl_ros
Installing grbl_service script to /home/svevqx/delta_bot/software/ros_ws_delta/install/grbl_ros/lib/grbl_ros
writing list of installed files to '/home/svevqx/delta_bot/software/ros_ws_delta/build/grbl_ros/install.log'
