[1.848s] Invoking command in '/home/svevqx/delta_bot/software/ros_ws_delta/src/grbl_ros': DEBUGINFOD_URLS=https://debuginfod.ubuntu.com PYTHONPATH=/home/svevqx/delta_bot/software/ros_ws_delta/build/grbl_ros/prefix_override:/usr/lib/python3/dist-packages/colcon_core/task/python/colcon_distutils_commands:/home/svevqx/delta_bot/software/ros_ws_delta/install/grbl_ros/lib/python3.12/site-packages:${PYTHONPATH} /usr/bin/python3 -W ignore:setup.py install is deprecated -W ignore:easy_install command is deprecated setup.py egg_info --egg-base ../../build/grbl_ros build --build-base /home/svevqx/delta_bot/software/ros_ws_delta/build/grbl_ros/build install --record /home/svevqx/delta_bot/software/ros_ws_delta/build/grbl_ros/install.log --install-scripts $base/lib/grbl_ros --single-version-externally-managed install_data
[2.104s] /usr/lib/python3/dist-packages/setuptools/dist.py:744: SetuptoolsDeprecationWarning: Invalid dash-separated options
[2.104s] !!
[2.104s] 
[2.104s]         ********************************************************************************
[2.105s]         Usage of dash-separated 'script-dir' will not be supported in future
[2.105s]         versions. Please use the underscore name 'script_dir' instead.
[2.105s] 
[2.105s]         This deprecation is overdue, please update your project and remove deprecated
[2.106s]         calls to avoid build errors in the future.
[2.106s] 
[2.106s]         See https://setuptools.pypa.io/en/latest/userguide/declarative_config.html for details.
[2.107s]         ********************************************************************************
[2.107s] 
[2.107s] !!
[2.107s]   opt = self.warn_dash_deprecation(opt, section)
[2.423s] running egg_info
[2.424s] creating ../../build/grbl_ros/grbl_ros.egg-info
[2.467s] writing ../../build/grbl_ros/grbl_ros.egg-info/PKG-INFO
[2.467s] writing dependency_links to ../../build/grbl_ros/grbl_ros.egg-info/dependency_links.txt
[2.468s] writing entry points to ../../build/grbl_ros/grbl_ros.egg-info/entry_points.txt
[2.468s] writing requirements to ../../build/grbl_ros/grbl_ros.egg-info/requires.txt
[2.468s] writing top-level names to ../../build/grbl_ros/grbl_ros.egg-info/top_level.txt
[2.469s] writing manifest file '../../build/grbl_ros/grbl_ros.egg-info/SOURCES.txt'
[2.568s] reading manifest file '../../build/grbl_ros/grbl_ros.egg-info/SOURCES.txt'
[2.568s] adding license file 'LICENSE'
[2.569s] writing manifest file '../../build/grbl_ros/grbl_ros.egg-info/SOURCES.txt'
[2.570s] running build
[2.570s] running build_py
[2.570s] creating /home/svevqx/delta_bot/software/ros_ws_delta/build/grbl_ros/build
[2.571s] creating /home/svevqx/delta_bot/software/ros_ws_delta/build/grbl_ros/build/lib
[2.571s] creating /home/svevqx/delta_bot/software/ros_ws_delta/build/grbl_ros/build/lib/grbl_ros
[2.571s] copying grbl_ros/service.py -> /home/svevqx/delta_bot/software/ros_ws_delta/build/grbl_ros/build/lib/grbl_ros
[2.572s] copying grbl_ros/_control.py -> /home/svevqx/delta_bot/software/ros_ws_delta/build/grbl_ros/build/lib/grbl_ros
[2.572s] copying grbl_ros/_logging.py -> /home/svevqx/delta_bot/software/ros_ws_delta/build/grbl_ros/build/lib/grbl_ros
[2.572s] copying grbl_ros/_command.py -> /home/svevqx/delta_bot/software/ros_ws_delta/build/grbl_ros/build/lib/grbl_ros
[2.573s] copying grbl_ros/manager.py -> /home/svevqx/delta_bot/software/ros_ws_delta/build/grbl_ros/build/lib/grbl_ros
[2.573s] copying grbl_ros/_configure.py -> /home/svevqx/delta_bot/software/ros_ws_delta/build/grbl_ros/build/lib/grbl_ros
[2.573s] copying grbl_ros/device.py -> /home/svevqx/delta_bot/software/ros_ws_delta/build/grbl_ros/build/lib/grbl_ros
[2.574s] copying grbl_ros/__init__.py -> /home/svevqx/delta_bot/software/ros_ws_delta/build/grbl_ros/build/lib/grbl_ros
[2.574s] running install
[2.588s] running install_lib
[2.637s] creating /home/svevqx/delta_bot/software/ros_ws_delta/install/grbl_ros/lib/python3.12/site-packages/grbl_ros
[2.637s] copying /home/svevqx/delta_bot/software/ros_ws_delta/build/grbl_ros/build/lib/grbl_ros/service.py -> /home/svevqx/delta_bot/software/ros_ws_delta/install/grbl_ros/lib/python3.12/site-packages/grbl_ros
[2.637s] copying /home/svevqx/delta_bot/software/ros_ws_delta/build/grbl_ros/build/lib/grbl_ros/_control.py -> /home/svevqx/delta_bot/software/ros_ws_delta/install/grbl_ros/lib/python3.12/site-packages/grbl_ros
[2.638s] copying /home/svevqx/delta_bot/software/ros_ws_delta/build/grbl_ros/build/lib/grbl_ros/_logging.py -> /home/svevqx/delta_bot/software/ros_ws_delta/install/grbl_ros/lib/python3.12/site-packages/grbl_ros
[2.638s] copying /home/svevqx/delta_bot/software/ros_ws_delta/build/grbl_ros/build/lib/grbl_ros/_command.py -> /home/svevqx/delta_bot/software/ros_ws_delta/install/grbl_ros/lib/python3.12/site-packages/grbl_ros
[2.639s] copying /home/svevqx/delta_bot/software/ros_ws_delta/build/grbl_ros/build/lib/grbl_ros/manager.py -> /home/svevqx/delta_bot/software/ros_ws_delta/install/grbl_ros/lib/python3.12/site-packages/grbl_ros
[2.639s] copying /home/svevqx/delta_bot/software/ros_ws_delta/build/grbl_ros/build/lib/grbl_ros/_configure.py -> /home/svevqx/delta_bot/software/ros_ws_delta/install/grbl_ros/lib/python3.12/site-packages/grbl_ros
[2.639s] copying /home/svevqx/delta_bot/software/ros_ws_delta/build/grbl_ros/build/lib/grbl_ros/device.py -> /home/svevqx/delta_bot/software/ros_ws_delta/install/grbl_ros/lib/python3.12/site-packages/grbl_ros
[2.640s] copying /home/svevqx/delta_bot/software/ros_ws_delta/build/grbl_ros/build/lib/grbl_ros/__init__.py -> /home/svevqx/delta_bot/software/ros_ws_delta/install/grbl_ros/lib/python3.12/site-packages/grbl_ros
[2.641s] byte-compiling /home/svevqx/delta_bot/software/ros_ws_delta/install/grbl_ros/lib/python3.12/site-packages/grbl_ros/service.py to service.cpython-312.pyc
[2.642s] byte-compiling /home/svevqx/delta_bot/software/ros_ws_delta/install/grbl_ros/lib/python3.12/site-packages/grbl_ros/_control.py to _control.cpython-312.pyc
[2.642s] byte-compiling /home/svevqx/delta_bot/software/ros_ws_delta/install/grbl_ros/lib/python3.12/site-packages/grbl_ros/_logging.py to _logging.cpython-312.pyc
[2.644s] byte-compiling /home/svevqx/delta_bot/software/ros_ws_delta/install/grbl_ros/lib/python3.12/site-packages/grbl_ros/_command.py to _command.cpython-312.pyc
[2.648s] byte-compiling /home/svevqx/delta_bot/software/ros_ws_delta/install/grbl_ros/lib/python3.12/site-packages/grbl_ros/manager.py to manager.cpython-312.pyc
[2.649s] byte-compiling /home/svevqx/delta_bot/software/ros_ws_delta/install/grbl_ros/lib/python3.12/site-packages/grbl_ros/_configure.py to _configure.cpython-312.pyc
[2.651s] byte-compiling /home/svevqx/delta_bot/software/ros_ws_delta/install/grbl_ros/lib/python3.12/site-packages/grbl_ros/device.py to device.cpython-312.pyc
[2.655s] byte-compiling /home/svevqx/delta_bot/software/ros_ws_delta/install/grbl_ros/lib/python3.12/site-packages/grbl_ros/__init__.py to __init__.cpython-312.pyc
[2.655s] running install_data
[2.656s] creating /home/svevqx/delta_bot/software/ros_ws_delta/install/grbl_ros/share/ament_index
[2.656s] creating /home/svevqx/delta_bot/software/ros_ws_delta/install/grbl_ros/share/ament_index/resource_index
[2.657s] creating /home/svevqx/delta_bot/software/ros_ws_delta/install/grbl_ros/share/ament_index/resource_index/packages
[2.657s] copying resource/grbl_ros -> /home/svevqx/delta_bot/software/ros_ws_delta/install/grbl_ros/share/ament_index/resource_index/packages
[2.657s] copying package.xml -> /home/svevqx/delta_bot/software/ros_ws_delta/install/grbl_ros/share/grbl_ros
[2.658s] creating /home/svevqx/delta_bot/software/ros_ws_delta/install/grbl_ros/share/grbl_ros/launch
[2.658s] copying launch/grbl_ros.launch.py -> /home/svevqx/delta_bot/software/ros_ws_delta/install/grbl_ros/share/grbl_ros/launch
[2.658s] creating /home/svevqx/delta_bot/software/ros_ws_delta/install/grbl_ros/share/grbl_ros/config
[2.658s] copying config/cnc001.yaml -> /home/svevqx/delta_bot/software/ros_ws_delta/install/grbl_ros/share/grbl_ros/config
[2.659s] running install_egg_info
[2.709s] Copying ../../build/grbl_ros/grbl_ros.egg-info to /home/svevqx/delta_bot/software/ros_ws_delta/install/grbl_ros/lib/python3.12/site-packages/grbl_ros-0.0.16-py3.12.egg-info
[2.710s] running install_scripts
[2.991s] Installing grbl_manager script to /home/svevqx/delta_bot/software/ros_ws_delta/install/grbl_ros/lib/grbl_ros
[2.993s] Installing grbl_node script to /home/svevqx/delta_bot/software/ros_ws_delta/install/grbl_ros/lib/grbl_ros
[2.993s] Installing grbl_service script to /home/svevqx/delta_bot/software/ros_ws_delta/install/grbl_ros/lib/grbl_ros
[2.994s] writing list of installed files to '/home/svevqx/delta_bot/software/ros_ws_delta/build/grbl_ros/install.log'
[3.048s] Invoked command in '/home/svevqx/delta_bot/software/ros_ws_delta/src/grbl_ros' returned '0': DEBUGINFOD_URLS=https://debuginfod.ubuntu.com PYTHONPATH=/home/svevqx/delta_bot/software/ros_ws_delta/build/grbl_ros/prefix_override:/usr/lib/python3/dist-packages/colcon_core/task/python/colcon_distutils_commands:/home/svevqx/delta_bot/software/ros_ws_delta/install/grbl_ros/lib/python3.12/site-packages:${PYTHONPATH} /usr/bin/python3 -W ignore:setup.py install is deprecated -W ignore:easy_install command is deprecated setup.py egg_info --egg-base ../../build/grbl_ros build --build-base /home/svevqx/delta_bot/software/ros_ws_delta/build/grbl_ros/build install --record /home/svevqx/delta_bot/software/ros_ws_delta/build/grbl_ros/install.log --install-scripts $base/lib/grbl_ros --single-version-externally-managed install_data
