[ 50%] [32mBuilding CXX object CMakeFiles/rock_detector_node.dir/src/rock_detector_node.cpp.o[0m
[100%] [32m[1mLinking CXX executable rock_detector_node[0m
[100%] Built target rock_detector_node
-- Install configuration: ""
-- Installing: /home/svevqx/delta_bot/software/ros_ws_delta/src/install/rock_detector/lib/rock_detector/rock_detector_node
-- Set non-toolchain portion of runtime path of "/home/svevqx/delta_bot/software/ros_ws_delta/src/install/rock_detector/lib/rock_detector/rock_detector_node" to ""
-- Up-to-date: /home/svevqx/delta_bot/software/ros_ws_delta/src/install/rock_detector/share/ament_index/resource_index/package_run_dependencies/rock_detector
-- Up-to-date: /home/svevqx/delta_bot/software/ros_ws_delta/src/install/rock_detector/share/ament_index/resource_index/parent_prefix_path/rock_detector
-- Up-to-date: /home/svevqx/delta_bot/software/ros_ws_delta/src/install/rock_detector/share/rock_detector/environment/ament_prefix_path.sh
-- Up-to-date: /home/svevqx/delta_bot/software/ros_ws_delta/src/install/rock_detector/share/rock_detector/environment/ament_prefix_path.dsv
-- Up-to-date: /home/svevqx/delta_bot/software/ros_ws_delta/src/install/rock_detector/share/rock_detector/environment/path.sh
-- Up-to-date: /home/svevqx/delta_bot/software/ros_ws_delta/src/install/rock_detector/share/rock_detector/environment/path.dsv
-- Up-to-date: /home/svevqx/delta_bot/software/ros_ws_delta/src/install/rock_detector/share/rock_detector/local_setup.bash
-- Up-to-date: /home/svevqx/delta_bot/software/ros_ws_delta/src/install/rock_detector/share/rock_detector/local_setup.sh
-- Up-to-date: /home/svevqx/delta_bot/software/ros_ws_delta/src/install/rock_detector/share/rock_detector/local_setup.zsh
-- Up-to-date: /home/svevqx/delta_bot/software/ros_ws_delta/src/install/rock_detector/share/rock_detector/local_setup.dsv
-- Installing: /home/svevqx/delta_bot/software/ros_ws_delta/src/install/rock_detector/share/rock_detector/package.dsv
-- Up-to-date: /home/svevqx/delta_bot/software/ros_ws_delta/src/install/rock_detector/share/ament_index/resource_index/packages/rock_detector
-- Up-to-date: /home/svevqx/delta_bot/software/ros_ws_delta/src/install/rock_detector/share/rock_detector/cmake/rock_detectorConfig.cmake
-- Up-to-date: /home/svevqx/delta_bot/software/ros_ws_delta/src/install/rock_detector/share/rock_detector/cmake/rock_detectorConfig-version.cmake
-- Up-to-date: /home/svevqx/delta_bot/software/ros_ws_delta/src/install/rock_detector/share/rock_detector/package.xml
