[2.663s] Invoking command in '/home/svevqx/delta_bot/software/ros_ws_delta/src/grbl_ros': DEBUGINFOD_URLS=https://debuginfod.ubuntu.com PYTHONPATH=/home/svevqx/delta_bot/software/ros_ws_delta/build/grbl_ros/prefix_override:/usr/lib/python3/dist-packages/colcon_core/task/python/colcon_distutils_commands:/home/svevqx/delta_bot/software/ros_ws_delta/install/grbl_ros/lib/python3.12/site-packages:${PYTHONPATH} /usr/bin/python3 -W ignore:setup.py install is deprecated -W ignore:easy_install command is deprecated setup.py egg_info --egg-base ../../build/grbl_ros build --build-base /home/svevqx/delta_bot/software/ros_ws_delta/build/grbl_ros/build install --record /home/svevqx/delta_bot/software/ros_ws_delta/build/grbl_ros/install.log --install-scripts $base/lib/grbl_ros --single-version-externally-managed install_data
[2.956s] /usr/lib/python3/dist-packages/setuptools/dist.py:744: SetuptoolsDeprecationWarning: Invalid dash-separated options
[2.956s] !!
[2.957s] 
[2.957s]         ********************************************************************************
[2.957s]         Usage of dash-separated 'script-dir' will not be supported in future
[2.957s]         versions. Please use the underscore name 'script_dir' instead.
[2.958s] 
[2.958s]         This deprecation is overdue, please update your project and remove deprecated
[2.958s]         calls to avoid build errors in the future.
[2.958s] 
[2.959s]         See https://setuptools.pypa.io/en/latest/userguide/declarative_config.html for details.
[2.959s]         ********************************************************************************
[2.959s] 
[2.959s] !!
[2.960s]   opt = self.warn_dash_deprecation(opt, section)
[3.492s] running egg_info
[3.570s] writing ../../build/grbl_ros/grbl_ros.egg-info/PKG-INFO
[3.570s] writing dependency_links to ../../build/grbl_ros/grbl_ros.egg-info/dependency_links.txt
[3.570s] writing entry points to ../../build/grbl_ros/grbl_ros.egg-info/entry_points.txt
[3.574s] writing requirements to ../../build/grbl_ros/grbl_ros.egg-info/requires.txt
[3.574s] writing top-level names to ../../build/grbl_ros/grbl_ros.egg-info/top_level.txt
[3.726s] reading manifest file '../../build/grbl_ros/grbl_ros.egg-info/SOURCES.txt'
[3.728s] adding license file 'LICENSE'
[3.729s] writing manifest file '../../build/grbl_ros/grbl_ros.egg-info/SOURCES.txt'
[3.730s] running build
[3.732s] running build_py
[3.733s] running install
[3.766s] running install_lib
[3.838s] running install_data
[3.839s] copying package.xml -> /home/svevqx/delta_bot/software/ros_ws_delta/install/grbl_ros/share/grbl_ros
[3.841s] running install_egg_info
[3.892s] removing '/home/svevqx/delta_bot/software/ros_ws_delta/install/grbl_ros/lib/python3.12/site-packages/grbl_ros-0.0.16-py3.12.egg-info' (and everything under it)
[3.894s] Copying ../../build/grbl_ros/grbl_ros.egg-info to /home/svevqx/delta_bot/software/ros_ws_delta/install/grbl_ros/lib/python3.12/site-packages/grbl_ros-0.0.16-py3.12.egg-info
[3.895s] running install_scripts
[4.210s] Installing grbl_manager script to /home/svevqx/delta_bot/software/ros_ws_delta/install/grbl_ros/lib/grbl_ros
[4.211s] Installing grbl_node script to /home/svevqx/delta_bot/software/ros_ws_delta/install/grbl_ros/lib/grbl_ros
[4.212s] Installing grbl_service script to /home/svevqx/delta_bot/software/ros_ws_delta/install/grbl_ros/lib/grbl_ros
[4.212s] writing list of installed files to '/home/svevqx/delta_bot/software/ros_ws_delta/build/grbl_ros/install.log'
