[0.049s] Invoking command in '/home/svevqx/delta_bot/software/ros_ws_delta/src/build/rock_stacking': CMAKE_PREFIX_PATH=${CMAKE_PREFIX_PATH}:/home/svevqx/delta_bot/software/ros_ws_delta/src/install/grbl_ros:/home/svevqx/delta_bot/software/ros_ws_delta/install/grbl_ros:/home/svevqx/delta_bot/software/ros_ws_delta/install/delta_ros:/home/svevqx/delta_bot/software/ros_ws_delta/install/cnc-interface:/home/svevqx/delta_bot/software/ros_ws_delta/install/arducam_rclpy_tof_pointcloud:/home/svevqx/ros2_ws/install/launch_testing_examples:/home/svevqx/ros2_ws/install/grbl_ros:/home/svevqx/ros2_ws/install/examples_rclpy_pointcloud_publisher:/home/svevqx/ros2_ws/install/examples_rclpy_minimal_subscriber:/home/svevqx/ros2_ws/install/examples_rclpy_minimal_service:/home/svevqx/ros2_ws/install/examples_rclpy_minimal_publisher:/home/svevqx/ros2_ws/install/examples_rclpy_minimal_client:/home/svevqx/ros2_ws/install/examples_rclpy_minimal_action_server:/home/svevqx/ros2_ws/install/examples_rclpy_minimal_action_client:/home/svevqx/ros2_ws/install/examples_rclpy_guard_conditions:/home/svevqx/ros2_ws/install/examples_rclpy_executors:/opt/ros/jazzy DEBUGINFOD_URLS=https://debuginfod.ubuntu.com /usr/bin/cmake /home/svevqx/delta_bot/software/ros_ws_delta/src/rock_stacking -DCMAKE_INSTALL_PREFIX=/home/svevqx/delta_bot/software/ros_ws_delta/src/install/rock_stacking
[0.310s] -- The C compiler identification is GNU 13.3.0
[0.550s] -- The CXX compiler identification is GNU 13.3.0
[0.611s] -- Detecting C compiler ABI info
[1.003s] -- Detecting C compiler ABI info - done
[1.090s] -- Check for working C compiler: /usr/bin/cc - skipped
[1.090s] -- Detecting C compile features
[1.099s] -- Detecting C compile features - done
[1.151s] -- Detecting CXX compiler ABI info
[1.724s] -- Detecting CXX compiler ABI info - done
[1.811s] -- Check for working CXX compiler: /usr/bin/c++ - skipped
[1.814s] -- Detecting CXX compile features
[1.820s] -- Detecting CXX compile features - done
[1.843s] -- Found ament_cmake: 2.5.3 (/opt/ros/jazzy/share/ament_cmake/cmake)
[2.646s] -- Found Python3: /usr/bin/python3 (found version "3.12.3") found components: Interpreter 
[3.528s] -- Found rclcpp: 28.1.6 (/opt/ros/jazzy/share/rclcpp/cmake)
[3.838s] -- Found rosidl_generator_c: 4.6.5 (/opt/ros/jazzy/share/rosidl_generator_c/cmake)
[3.942s] -- Found rosidl_generator_cpp: 4.6.5 (/opt/ros/jazzy/share/rosidl_generator_cpp/cmake)
[4.077s] -- Using all available rosidl_typesupport_c: rosidl_typesupport_fastrtps_c;rosidl_typesupport_introspection_c
[4.227s] -- Using all available rosidl_typesupport_cpp: rosidl_typesupport_fastrtps_cpp;rosidl_typesupport_introspection_cpp
[4.825s] -- Found rmw_implementation_cmake: 7.3.1 (/opt/ros/jazzy/share/rmw_implementation_cmake/cmake)
[4.879s] -- Found rmw_fastrtps_cpp: 8.4.1 (/opt/ros/jazzy/share/rmw_fastrtps_cpp/cmake)
[5.329s] -- Found OpenSSL: /usr/lib/x86_64-linux-gnu/libcrypto.so (found version "3.0.13")  
[5.437s] -- Found FastRTPS: /opt/ros/jazzy/include (Required is at least version "2.13") 
[5.573s] -- Using RMW implementation 'rmw_fastrtps_cpp' as default
[6.077s] -- Found geometry_msgs: 5.3.5 (/opt/ros/jazzy/share/geometry_msgs/cmake)
[6.851s] -- Configuring done (6.8s)
[6.921s] -- Generating done (0.0s)
[6.941s] -- Build files have been written to: /home/svevqx/delta_bot/software/ros_ws_delta/src/build/rock_stacking
[6.995s] Invoked command in '/home/svevqx/delta_bot/software/ros_ws_delta/src/build/rock_stacking' returned '0': CMAKE_PREFIX_PATH=${CMAKE_PREFIX_PATH}:/home/svevqx/delta_bot/software/ros_ws_delta/src/install/grbl_ros:/home/svevqx/delta_bot/software/ros_ws_delta/install/grbl_ros:/home/svevqx/delta_bot/software/ros_ws_delta/install/delta_ros:/home/svevqx/delta_bot/software/ros_ws_delta/install/cnc-interface:/home/svevqx/delta_bot/software/ros_ws_delta/install/arducam_rclpy_tof_pointcloud:/home/svevqx/ros2_ws/install/launch_testing_examples:/home/svevqx/ros2_ws/install/grbl_ros:/home/svevqx/ros2_ws/install/examples_rclpy_pointcloud_publisher:/home/svevqx/ros2_ws/install/examples_rclpy_minimal_subscriber:/home/svevqx/ros2_ws/install/examples_rclpy_minimal_service:/home/svevqx/ros2_ws/install/examples_rclpy_minimal_publisher:/home/svevqx/ros2_ws/install/examples_rclpy_minimal_client:/home/svevqx/ros2_ws/install/examples_rclpy_minimal_action_server:/home/svevqx/ros2_ws/install/examples_rclpy_minimal_action_client:/home/svevqx/ros2_ws/install/examples_rclpy_guard_conditions:/home/svevqx/ros2_ws/install/examples_rclpy_executors:/opt/ros/jazzy DEBUGINFOD_URLS=https://debuginfod.ubuntu.com /usr/bin/cmake /home/svevqx/delta_bot/software/ros_ws_delta/src/rock_stacking -DCMAKE_INSTALL_PREFIX=/home/svevqx/delta_bot/software/ros_ws_delta/src/install/rock_stacking
[6.996s] Invoking command in '/home/svevqx/delta_bot/software/ros_ws_delta/src/build/rock_stacking': CMAKE_PREFIX_PATH=${CMAKE_PREFIX_PATH}:/home/svevqx/delta_bot/software/ros_ws_delta/src/install/grbl_ros:/home/svevqx/delta_bot/software/ros_ws_delta/install/grbl_ros:/home/svevqx/delta_bot/software/ros_ws_delta/install/delta_ros:/home/svevqx/delta_bot/software/ros_ws_delta/install/cnc-interface:/home/svevqx/delta_bot/software/ros_ws_delta/install/arducam_rclpy_tof_pointcloud:/home/svevqx/ros2_ws/install/launch_testing_examples:/home/svevqx/ros2_ws/install/grbl_ros:/home/svevqx/ros2_ws/install/examples_rclpy_pointcloud_publisher:/home/svevqx/ros2_ws/install/examples_rclpy_minimal_subscriber:/home/svevqx/ros2_ws/install/examples_rclpy_minimal_service:/home/svevqx/ros2_ws/install/examples_rclpy_minimal_publisher:/home/svevqx/ros2_ws/install/examples_rclpy_minimal_client:/home/svevqx/ros2_ws/install/examples_rclpy_minimal_action_server:/home/svevqx/ros2_ws/install/examples_rclpy_minimal_action_client:/home/svevqx/ros2_ws/install/examples_rclpy_guard_conditions:/home/svevqx/ros2_ws/install/examples_rclpy_executors:/opt/ros/jazzy DEBUGINFOD_URLS=https://debuginfod.ubuntu.com /usr/bin/cmake --build /home/svevqx/delta_bot/software/ros_ws_delta/src/build/rock_stacking -- -j4 -l4
[7.337s] [ 50%] [32mBuilding CXX object CMakeFiles/rock_stacking.dir/src/rock_stacking.cpp.o[0m
[32.665s] [01m[K/home/svevqx/delta_bot/software/ros_ws_delta/src/rock_stacking/src/rock_stacking.cpp:[m[K In member function ‘[01m[Kvoid RockStacking::[01;32m[Kcenters_callback[m[K(geometry_msgs::msg::PoseArray_<std::allocator<void> >::SharedPtr)[m[K’:
[32.666s] [01m[K/home/svevqx/delta_bot/software/ros_ws_delta/src/rock_stacking/src/rock_stacking.cpp:48:12:[m[K [01;35m[Kwarning: [m[Kunused variable ‘[01m[Kcenter_z[m[K’ [[01;35m[K]8;;https://gcc.gnu.org/onlinedocs/gcc/Warning-Options.html#index-Wunused-variable-Wunused-variable]8;;[m[K]
[32.666s]    48 |     double [01;35m[Kcenter_z[m[K = this->get_parameter("center_z").as_double();
[32.666s]       |            [01;35m[K^~~~~~~~[m[K
[71.173s] [100%] [32m[1mLinking CXX executable rock_stacking[0m
[73.490s] [100%] Built target rock_stacking
[73.586s] Invoked command in '/home/svevqx/delta_bot/software/ros_ws_delta/src/build/rock_stacking' returned '0': CMAKE_PREFIX_PATH=${CMAKE_PREFIX_PATH}:/home/svevqx/delta_bot/software/ros_ws_delta/src/install/grbl_ros:/home/svevqx/delta_bot/software/ros_ws_delta/install/grbl_ros:/home/svevqx/delta_bot/software/ros_ws_delta/install/delta_ros:/home/svevqx/delta_bot/software/ros_ws_delta/install/cnc-interface:/home/svevqx/delta_bot/software/ros_ws_delta/install/arducam_rclpy_tof_pointcloud:/home/svevqx/ros2_ws/install/launch_testing_examples:/home/svevqx/ros2_ws/install/grbl_ros:/home/svevqx/ros2_ws/install/examples_rclpy_pointcloud_publisher:/home/svevqx/ros2_ws/install/examples_rclpy_minimal_subscriber:/home/svevqx/ros2_ws/install/examples_rclpy_minimal_service:/home/svevqx/ros2_ws/install/examples_rclpy_minimal_publisher:/home/svevqx/ros2_ws/install/examples_rclpy_minimal_client:/home/svevqx/ros2_ws/install/examples_rclpy_minimal_action_server:/home/svevqx/ros2_ws/install/examples_rclpy_minimal_action_client:/home/svevqx/ros2_ws/install/examples_rclpy_guard_conditions:/home/svevqx/ros2_ws/install/examples_rclpy_executors:/opt/ros/jazzy DEBUGINFOD_URLS=https://debuginfod.ubuntu.com /usr/bin/cmake --build /home/svevqx/delta_bot/software/ros_ws_delta/src/build/rock_stacking -- -j4 -l4
[73.649s] Invoking command in '/home/svevqx/delta_bot/software/ros_ws_delta/src/build/rock_stacking': CMAKE_PREFIX_PATH=${CMAKE_PREFIX_PATH}:/home/svevqx/delta_bot/software/ros_ws_delta/src/install/grbl_ros:/home/svevqx/delta_bot/software/ros_ws_delta/install/grbl_ros:/home/svevqx/delta_bot/software/ros_ws_delta/install/delta_ros:/home/svevqx/delta_bot/software/ros_ws_delta/install/cnc-interface:/home/svevqx/delta_bot/software/ros_ws_delta/install/arducam_rclpy_tof_pointcloud:/home/svevqx/ros2_ws/install/launch_testing_examples:/home/svevqx/ros2_ws/install/grbl_ros:/home/svevqx/ros2_ws/install/examples_rclpy_pointcloud_publisher:/home/svevqx/ros2_ws/install/examples_rclpy_minimal_subscriber:/home/svevqx/ros2_ws/install/examples_rclpy_minimal_service:/home/svevqx/ros2_ws/install/examples_rclpy_minimal_publisher:/home/svevqx/ros2_ws/install/examples_rclpy_minimal_client:/home/svevqx/ros2_ws/install/examples_rclpy_minimal_action_server:/home/svevqx/ros2_ws/install/examples_rclpy_minimal_action_client:/home/svevqx/ros2_ws/install/examples_rclpy_guard_conditions:/home/svevqx/ros2_ws/install/examples_rclpy_executors:/opt/ros/jazzy DEBUGINFOD_URLS=https://debuginfod.ubuntu.com /usr/bin/cmake --install /home/svevqx/delta_bot/software/ros_ws_delta/src/build/rock_stacking
[73.721s] -- Install configuration: ""
[73.723s] -- Installing: /home/svevqx/delta_bot/software/ros_ws_delta/src/install/rock_stacking/lib/rock_stacking/rock_stacking
[73.758s] -- Set non-toolchain portion of runtime path of "/home/svevqx/delta_bot/software/ros_ws_delta/src/install/rock_stacking/lib/rock_stacking/rock_stacking" to ""
[73.759s] -- Installing: /home/svevqx/delta_bot/software/ros_ws_delta/src/install/rock_stacking/share/rock_stacking//launch
[73.773s] -- Installing: /home/svevqx/delta_bot/software/ros_ws_delta/src/install/rock_stacking/share/rock_stacking//launch/rock_gcode_generator_launch.py
[73.774s] -- Installing: /home/svevqx/delta_bot/software/ros_ws_delta/src/install/rock_stacking/share/ament_index/resource_index/package_run_dependencies/rock_stacking
[73.775s] -- Installing: /home/svevqx/delta_bot/software/ros_ws_delta/src/install/rock_stacking/share/ament_index/resource_index/parent_prefix_path/rock_stacking
[73.790s] -- Installing: /home/svevqx/delta_bot/software/ros_ws_delta/src/install/rock_stacking/share/rock_stacking/environment/ament_prefix_path.sh
[73.791s] -- Installing: /home/svevqx/delta_bot/software/ros_ws_delta/src/install/rock_stacking/share/rock_stacking/environment/ament_prefix_path.dsv
[73.792s] -- Installing: /home/svevqx/delta_bot/software/ros_ws_delta/src/install/rock_stacking/share/rock_stacking/environment/path.sh
[73.800s] -- Installing: /home/svevqx/delta_bot/software/ros_ws_delta/src/install/rock_stacking/share/rock_stacking/environment/path.dsv
[73.801s] -- Installing: /home/svevqx/delta_bot/software/ros_ws_delta/src/install/rock_stacking/share/rock_stacking/local_setup.bash
[73.806s] -- Installing: /home/svevqx/delta_bot/software/ros_ws_delta/src/install/rock_stacking/share/rock_stacking/local_setup.sh
[73.814s] -- Installing: /home/svevqx/delta_bot/software/ros_ws_delta/src/install/rock_stacking/share/rock_stacking/local_setup.zsh
[73.815s] -- Installing: /home/svevqx/delta_bot/software/ros_ws_delta/src/install/rock_stacking/share/rock_stacking/local_setup.dsv
[73.815s] -- Installing: /home/svevqx/delta_bot/software/ros_ws_delta/src/install/rock_stacking/share/rock_stacking/package.dsv
[73.817s] -- Installing: /home/svevqx/delta_bot/software/ros_ws_delta/src/install/rock_stacking/share/ament_index/resource_index/packages/rock_stacking
[73.818s] -- Installing: /home/svevqx/delta_bot/software/ros_ws_delta/src/install/rock_stacking/share/rock_stacking/cmake/ament_cmake_export_dependencies-extras.cmake
[73.823s] -- Installing: /home/svevqx/delta_bot/software/ros_ws_delta/src/install/rock_stacking/share/rock_stacking/cmake/rock_stackingConfig.cmake
[73.823s] -- Installing: /home/svevqx/delta_bot/software/ros_ws_delta/src/install/rock_stacking/share/rock_stacking/cmake/rock_stackingConfig-version.cmake
[73.827s] -- Installing: /home/svevqx/delta_bot/software/ros_ws_delta/src/install/rock_stacking/share/rock_stacking/package.xml
[73.843s] Invoked command in '/home/svevqx/delta_bot/software/ros_ws_delta/src/build/rock_stacking' returned '0': CMAKE_PREFIX_PATH=${CMAKE_PREFIX_PATH}:/home/svevqx/delta_bot/software/ros_ws_delta/src/install/grbl_ros:/home/svevqx/delta_bot/software/ros_ws_delta/install/grbl_ros:/home/svevqx/delta_bot/software/ros_ws_delta/install/delta_ros:/home/svevqx/delta_bot/software/ros_ws_delta/install/cnc-interface:/home/svevqx/delta_bot/software/ros_ws_delta/install/arducam_rclpy_tof_pointcloud:/home/svevqx/ros2_ws/install/launch_testing_examples:/home/svevqx/ros2_ws/install/grbl_ros:/home/svevqx/ros2_ws/install/examples_rclpy_pointcloud_publisher:/home/svevqx/ros2_ws/install/examples_rclpy_minimal_subscriber:/home/svevqx/ros2_ws/install/examples_rclpy_minimal_service:/home/svevqx/ros2_ws/install/examples_rclpy_minimal_publisher:/home/svevqx/ros2_ws/install/examples_rclpy_minimal_client:/home/svevqx/ros2_ws/install/examples_rclpy_minimal_action_server:/home/svevqx/ros2_ws/install/examples_rclpy_minimal_action_client:/home/svevqx/ros2_ws/install/examples_rclpy_guard_conditions:/home/svevqx/ros2_ws/install/examples_rclpy_executors:/opt/ros/jazzy DEBUGINFOD_URLS=https://debuginfod.ubuntu.com /usr/bin/cmake --install /home/svevqx/delta_bot/software/ros_ws_delta/src/build/rock_stacking
