-- Found ament_cmake: 2.5.3 (/opt/ros/jazzy/share/ament_cmake/cmake)
-- Found rclcpp: 28.1.6 (/opt/ros/jazzy/share/rclcpp/cmake)
-- Found rosidl_generator_c: 4.6.5 (/opt/ros/jazzy/share/rosidl_generator_c/cmake)
-- Found rosidl_generator_cpp: 4.6.5 (/opt/ros/jazzy/share/rosidl_generator_cpp/cmake)
-- Using all available rosidl_typesupport_c: rosidl_typesupport_fastrtps_c;rosidl_typesupport_introspection_c
-- Using all available rosidl_typesupport_cpp: rosidl_typesupport_fastrtps_cpp;rosidl_typesupport_introspection_cpp
-- Found rmw_implementation_cmake: 7.3.1 (/opt/ros/jazzy/share/rmw_implementation_cmake/cmake)
-- Found rmw_fastrtps_cpp: 8.4.1 (/opt/ros/jazzy/share/rmw_fastrtps_cpp/cmake)
-- Using RMW implementation 'rmw_fastrtps_cpp' as default
-- Found sensor_msgs: 5.3.5 (/opt/ros/jazzy/share/sensor_msgs/cmake)
-- Found pcl_conversions: 2.6.2 (/opt/ros/jazzy/share/pcl_conversions/cmake)
-- Found flann version 1.9.2
-- OpenNI found (version: 1.5.4.0, include: /usr/include/ni, lib: /usr/lib/libOpenNI.so;libusb::libusb)
-- OpenNI2 found (version: 2.2.0.33, include: /usr/include/openni2, lib: /usr/lib/x86_64-linux-gnu/libOpenNI2.so;libusb::libusb)
-- Could NOT find Pcap (missing: PCAP_LIBRARIES PCAP_INCLUDE_DIRS) 
-- OpenNI found (version: 1.5.4.0, include: /usr/include/ni, lib: /usr/lib/libOpenNI.so;libusb::libusb)
-- OpenNI2 found (version: 2.2.0.33, include: /usr/include/openni2, lib: /usr/lib/x86_64-linux-gnu/libOpenNI2.so;libusb::libusb)
-- Found Qhull version 8.0.2
-- OpenNI found (version: 1.5.4.0, include: /usr/include/ni, lib: /usr/lib/libOpenNI.so;libusb::libusb)
-- Found pcl_ros: 2.6.2 (/opt/ros/jazzy/share/pcl_ros/cmake)
-- Found eigen3_cmake_module: 0.3.0 (/opt/ros/jazzy/share/eigen3_cmake_module/cmake)
-- Ensuring Eigen3 include directory is part of orocos-kdl CMake target
-- Configuring done (6.1s)
-- Generating done (0.1s)
-- Build files have been written to: /home/svevqx/delta_bot/software/ros_ws_delta/src/build/rock_detector
[ 50%] [32mBuilding CXX object CMakeFiles/rock_detector_node.dir/src/rock_detector_node.cpp.o[0m
[100%] [32m[1mLinking CXX executable rock_detector_node[0m
[100%] Built target rock_detector_node
-- Install configuration: ""
-- Installing: /home/svevqx/delta_bot/software/ros_ws_delta/src/install/rock_detector/lib/rock_detector/rock_detector_node
-- Set non-toolchain portion of runtime path of "/home/svevqx/delta_bot/software/ros_ws_delta/src/install/rock_detector/lib/rock_detector/rock_detector_node" to ""
-- Up-to-date: /home/svevqx/delta_bot/software/ros_ws_delta/src/install/rock_detector/share/ament_index/resource_index/package_run_dependencies/rock_detector
-- Installing: /home/svevqx/delta_bot/software/ros_ws_delta/src/install/rock_detector/share/ament_index/resource_index/parent_prefix_path/rock_detector
-- Up-to-date: /home/svevqx/delta_bot/software/ros_ws_delta/src/install/rock_detector/share/rock_detector/environment/ament_prefix_path.sh
-- Up-to-date: /home/svevqx/delta_bot/software/ros_ws_delta/src/install/rock_detector/share/rock_detector/environment/ament_prefix_path.dsv
-- Up-to-date: /home/svevqx/delta_bot/software/ros_ws_delta/src/install/rock_detector/share/rock_detector/environment/path.sh
-- Up-to-date: /home/svevqx/delta_bot/software/ros_ws_delta/src/install/rock_detector/share/rock_detector/environment/path.dsv
-- Up-to-date: /home/svevqx/delta_bot/software/ros_ws_delta/src/install/rock_detector/share/rock_detector/local_setup.bash
-- Up-to-date: /home/svevqx/delta_bot/software/ros_ws_delta/src/install/rock_detector/share/rock_detector/local_setup.sh
-- Up-to-date: /home/svevqx/delta_bot/software/ros_ws_delta/src/install/rock_detector/share/rock_detector/local_setup.zsh
-- Up-to-date: /home/svevqx/delta_bot/software/ros_ws_delta/src/install/rock_detector/share/rock_detector/local_setup.dsv
-- Up-to-date: /home/svevqx/delta_bot/software/ros_ws_delta/src/install/rock_detector/share/rock_detector/package.dsv
-- Up-to-date: /home/svevqx/delta_bot/software/ros_ws_delta/src/install/rock_detector/share/ament_index/resource_index/packages/rock_detector
-- Up-to-date: /home/svevqx/delta_bot/software/ros_ws_delta/src/install/rock_detector/share/rock_detector/cmake/rock_detectorConfig.cmake
-- Up-to-date: /home/svevqx/delta_bot/software/ros_ws_delta/src/install/rock_detector/share/rock_detector/cmake/rock_detectorConfig-version.cmake
-- Up-to-date: /home/svevqx/delta_bot/software/ros_ws_delta/src/install/rock_detector/share/rock_detector/package.xml
