running egg_info
writing ../../build/grbl_ros/grbl_ros.egg-info/PKG-INFO
writing dependency_links to ../../build/grbl_ros/grbl_ros.egg-info/dependency_links.txt
writing entry points to ../../build/grbl_ros/grbl_ros.egg-info/entry_points.txt
writing requirements to ../../build/grbl_ros/grbl_ros.egg-info/requires.txt
writing top-level names to ../../build/grbl_ros/grbl_ros.egg-info/top_level.txt
reading manifest file '../../build/grbl_ros/grbl_ros.egg-info/SOURCES.txt'
adding license file 'LICENSE'
writing manifest file '../../build/grbl_ros/grbl_ros.egg-info/SOURCES.txt'
running build
running build_py
copying grbl_ros/__init__.py -> /home/svevqx/delta_bot/software/ros_ws_delta/build/grbl_ros/build/lib/grbl_ros
running install
running install_lib
copying /home/svevqx/delta_bot/software/ros_ws_delta/build/grbl_ros/build/lib/grbl_ros/__init__.py -> /home/svevqx/delta_bot/software/ros_ws_delta/install/grbl_ros/lib/python3.12/site-packages/grbl_ros
byte-compiling /home/svevqx/delta_bot/software/ros_ws_delta/install/grbl_ros/lib/python3.12/site-packages/grbl_ros/__init__.py to __init__.cpython-312.pyc
running install_data
copying config/cnc001.yaml -> /home/svevqx/delta_bot/software/ros_ws_delta/install/grbl_ros/share/grbl_ros/config
copying config/delta_marlin.yaml -> /home/svevqx/delta_bot/software/ros_ws_delta/install/grbl_ros/share/grbl_ros/config
running install_egg_info
removing '/home/svevqx/delta_bot/software/ros_ws_delta/install/grbl_ros/lib/python3.12/site-packages/grbl_ros-0.0.16-py3.12.egg-info' (and everything under it)
Copying ../../build/grbl_ros/grbl_ros.egg-info to /home/svevqx/delta_bot/software/ros_ws_delta/install/grbl_ros/lib/python3.12/site-packages/grbl_ros-0.0.16-py3.12.egg-info
running install_scripts
Installing grbl_manager script to /home/svevqx/delta_bot/software/ros_ws_delta/install/grbl_ros/lib/grbl_ros
Installing grbl_node script to /home/svevqx/delta_bot/software/ros_ws_delta/install/grbl_ros/lib/grbl_ros
Installing grbl_service script to /home/svevqx/delta_bot/software/ros_ws_delta/install/grbl_ros/lib/grbl_ros
writing list of installed files to '/home/svevqx/delta_bot/software/ros_ws_delta/build/grbl_ros/install.log'
