[2.457s] Invoking command in '/home/svevqx/delta_bot/software/ros_ws_delta/src/grbl_ros': DEBUGINFOD_URLS=https://debuginfod.ubuntu.com PYTHONPATH=/home/svevqx/delta_bot/software/ros_ws_delta/build/grbl_ros/prefix_override:/usr/lib/python3/dist-packages/colcon_core/task/python/colcon_distutils_commands:/home/svevqx/delta_bot/software/ros_ws_delta/install/grbl_ros/lib/python3.12/site-packages:${PYTHONPATH} /usr/bin/python3 -W ignore:setup.py install is deprecated -W ignore:easy_install command is deprecated setup.py egg_info --egg-base ../../build/grbl_ros build --build-base /home/svevqx/delta_bot/software/ros_ws_delta/build/grbl_ros/build install --record /home/svevqx/delta_bot/software/ros_ws_delta/build/grbl_ros/install.log --install-scripts $base/lib/grbl_ros --single-version-externally-managed install_data
[2.765s] /usr/lib/python3/dist-packages/setuptools/dist.py:744: SetuptoolsDeprecationWarning: Invalid dash-separated options
[2.766s] !!
[2.766s] 
[2.766s]         ********************************************************************************
[2.767s]         Usage of dash-separated 'script-dir' will not be supported in future
[2.767s]         versions. Please use the underscore name 'script_dir' instead.
[2.767s] 
[2.767s]         This deprecation is overdue, please update your project and remove deprecated
[2.768s]         calls to avoid build errors in the future.
[2.768s] 
[2.768s]         See https://setuptools.pypa.io/en/latest/userguide/declarative_config.html for details.
[2.769s]         ********************************************************************************
[2.769s] 
[2.769s] !!
[2.769s]   opt = self.warn_dash_deprecation(opt, section)
[3.145s] running egg_info
[3.200s] writing ../../build/grbl_ros/grbl_ros.egg-info/PKG-INFO
[3.202s] writing dependency_links to ../../build/grbl_ros/grbl_ros.egg-info/dependency_links.txt
[3.202s] writing entry points to ../../build/grbl_ros/grbl_ros.egg-info/entry_points.txt
[3.203s] writing requirements to ../../build/grbl_ros/grbl_ros.egg-info/requires.txt
[3.203s] writing top-level names to ../../build/grbl_ros/grbl_ros.egg-info/top_level.txt
[3.311s] reading manifest file '../../build/grbl_ros/grbl_ros.egg-info/SOURCES.txt'
[3.312s] adding license file 'LICENSE'
[3.314s] writing manifest file '../../build/grbl_ros/grbl_ros.egg-info/SOURCES.txt'
[3.315s] running build
[3.315s] running build_py
[3.316s] copying grbl_ros/__init__.py -> /home/svevqx/delta_bot/software/ros_ws_delta/build/grbl_ros/build/lib/grbl_ros
[3.317s] running install
[3.334s] running install_lib
[3.388s] copying /home/svevqx/delta_bot/software/ros_ws_delta/build/grbl_ros/build/lib/grbl_ros/__init__.py -> /home/svevqx/delta_bot/software/ros_ws_delta/install/grbl_ros/lib/python3.12/site-packages/grbl_ros
[3.391s] byte-compiling /home/svevqx/delta_bot/software/ros_ws_delta/install/grbl_ros/lib/python3.12/site-packages/grbl_ros/__init__.py to __init__.cpython-312.pyc
[3.393s] running install_data
[3.394s] copying config/cnc001.yaml -> /home/svevqx/delta_bot/software/ros_ws_delta/install/grbl_ros/share/grbl_ros/config
[3.394s] copying config/delta_marlin.yaml -> /home/svevqx/delta_bot/software/ros_ws_delta/install/grbl_ros/share/grbl_ros/config
[3.394s] running install_egg_info
[3.451s] removing '/home/svevqx/delta_bot/software/ros_ws_delta/install/grbl_ros/lib/python3.12/site-packages/grbl_ros-0.0.16-py3.12.egg-info' (and everything under it)
[3.452s] Copying ../../build/grbl_ros/grbl_ros.egg-info to /home/svevqx/delta_bot/software/ros_ws_delta/install/grbl_ros/lib/python3.12/site-packages/grbl_ros-0.0.16-py3.12.egg-info
[3.454s] running install_scripts
[3.813s] Installing grbl_manager script to /home/svevqx/delta_bot/software/ros_ws_delta/install/grbl_ros/lib/grbl_ros
[3.813s] Installing grbl_node script to /home/svevqx/delta_bot/software/ros_ws_delta/install/grbl_ros/lib/grbl_ros
[3.814s] Installing grbl_service script to /home/svevqx/delta_bot/software/ros_ws_delta/install/grbl_ros/lib/grbl_ros
[3.814s] writing list of installed files to '/home/svevqx/delta_bot/software/ros_ws_delta/build/grbl_ros/install.log'
[3.878s] Invoked command in '/home/svevqx/delta_bot/software/ros_ws_delta/src/grbl_ros' returned '0': DEBUGINFOD_URLS=https://debuginfod.ubuntu.com PYTHONPATH=/home/svevqx/delta_bot/software/ros_ws_delta/build/grbl_ros/prefix_override:/usr/lib/python3/dist-packages/colcon_core/task/python/colcon_distutils_commands:/home/svevqx/delta_bot/software/ros_ws_delta/install/grbl_ros/lib/python3.12/site-packages:${PYTHONPATH} /usr/bin/python3 -W ignore:setup.py install is deprecated -W ignore:easy_install command is deprecated setup.py egg_info --egg-base ../../build/grbl_ros build --build-base /home/svevqx/delta_bot/software/ros_ws_delta/build/grbl_ros/build install --record /home/svevqx/delta_bot/software/ros_ws_delta/build/grbl_ros/install.log --install-scripts $base/lib/grbl_ros --single-version-externally-managed install_data
