[2.914s] Invoking command in '/home/svevqx/delta_bot/software/ros_ws_delta/src/grbl_ros': DEBUGINFOD_URLS=https://debuginfod.ubuntu.com PYTHONPATH=/home/svevqx/delta_bot/software/ros_ws_delta/build/grbl_ros/prefix_override:/usr/lib/python3/dist-packages/colcon_core/task/python/colcon_distutils_commands:/home/svevqx/delta_bot/software/ros_ws_delta/install/grbl_ros/lib/python3.12/site-packages:${PYTHONPATH} /usr/bin/python3 -W ignore:setup.py install is deprecated -W ignore:easy_install command is deprecated setup.py egg_info --egg-base ../../build/grbl_ros build --build-base /home/svevqx/delta_bot/software/ros_ws_delta/build/grbl_ros/build install --record /home/svevqx/delta_bot/software/ros_ws_delta/build/grbl_ros/install.log --install-scripts $base/lib/grbl_ros --single-version-externally-managed install_data
[3.312s] /usr/lib/python3/dist-packages/setuptools/dist.py:744: SetuptoolsDeprecationWarning: Invalid dash-separated options
[3.312s] !!
[3.312s] 
[3.313s]         ********************************************************************************
[3.313s]         Usage of dash-separated 'script-dir' will not be supported in future
[3.313s]         versions. Please use the underscore name 'script_dir' instead.
[3.313s] 
[3.314s]         This deprecation is overdue, please update your project and remove deprecated
[3.314s]         calls to avoid build errors in the future.
[3.314s] 
[3.319s]         See https://setuptools.pypa.io/en/latest/userguide/declarative_config.html for details.
[3.319s]         ********************************************************************************
[3.319s] 
[3.320s] !!
[3.320s]   opt = self.warn_dash_deprecation(opt, section)
[3.803s] running egg_info
[3.864s] writing ../../build/grbl_ros/grbl_ros.egg-info/PKG-INFO
[3.864s] writing dependency_links to ../../build/grbl_ros/grbl_ros.egg-info/dependency_links.txt
[3.865s] writing entry points to ../../build/grbl_ros/grbl_ros.egg-info/entry_points.txt
[3.866s] writing requirements to ../../build/grbl_ros/grbl_ros.egg-info/requires.txt
[3.868s] writing top-level names to ../../build/grbl_ros/grbl_ros.egg-info/top_level.txt
[3.978s] reading manifest file '../../build/grbl_ros/grbl_ros.egg-info/SOURCES.txt'
[3.979s] adding license file 'LICENSE'
[3.982s] writing manifest file '../../build/grbl_ros/grbl_ros.egg-info/SOURCES.txt'
[3.982s] running build
[3.982s] running build_py
[3.986s] running install
[3.999s] running install_lib
[4.077s] running install_data
[4.079s] running install_egg_info
[4.164s] removing '/home/svevqx/delta_bot/software/ros_ws_delta/install/grbl_ros/lib/python3.12/site-packages/grbl_ros-0.0.16-py3.12.egg-info' (and everything under it)
[4.167s] Copying ../../build/grbl_ros/grbl_ros.egg-info to /home/svevqx/delta_bot/software/ros_ws_delta/install/grbl_ros/lib/python3.12/site-packages/grbl_ros-0.0.16-py3.12.egg-info
[4.174s] running install_scripts
[4.569s] Installing grbl_manager script to /home/svevqx/delta_bot/software/ros_ws_delta/install/grbl_ros/lib/grbl_ros
[4.570s] Installing grbl_node script to /home/svevqx/delta_bot/software/ros_ws_delta/install/grbl_ros/lib/grbl_ros
[4.570s] Installing grbl_service script to /home/svevqx/delta_bot/software/ros_ws_delta/install/grbl_ros/lib/grbl_ros
[4.571s] writing list of installed files to '/home/svevqx/delta_bot/software/ros_ws_delta/build/grbl_ros/install.log'
[4.617s] Invoked command in '/home/svevqx/delta_bot/software/ros_ws_delta/src/grbl_ros' returned '0': DEBUGINFOD_URLS=https://debuginfod.ubuntu.com PYTHONPATH=/home/svevqx/delta_bot/software/ros_ws_delta/build/grbl_ros/prefix_override:/usr/lib/python3/dist-packages/colcon_core/task/python/colcon_distutils_commands:/home/svevqx/delta_bot/software/ros_ws_delta/install/grbl_ros/lib/python3.12/site-packages:${PYTHONPATH} /usr/bin/python3 -W ignore:setup.py install is deprecated -W ignore:easy_install command is deprecated setup.py egg_info --egg-base ../../build/grbl_ros build --build-base /home/svevqx/delta_bot/software/ros_ws_delta/build/grbl_ros/build install --record /home/svevqx/delta_bot/software/ros_ws_delta/build/grbl_ros/install.log --install-scripts $base/lib/grbl_ros --single-version-externally-managed install_data
