/home/svevqx/delta_bot/software/ros_ws_delta/src/install/delta_ros/lib/python3.12/site-packages/delta_ros/random_move.py
/home/svevqx/delta_bot/software/ros_ws_delta/src/install/delta_ros/lib/python3.12/site-packages/delta_ros/touch_onetime.py
/home/svevqx/delta_bot/software/ros_ws_delta/src/install/delta_ros/lib/python3.12/site-packages/delta_ros/effector_to_closest.py
/home/svevqx/delta_bot/software/ros_ws_delta/src/install/delta_ros/lib/python3.12/site-packages/delta_ros/over_closest.py
/home/svevqx/delta_bot/software/ros_ws_delta/src/install/delta_ros/lib/python3.12/site-packages/delta_ros/__init__.py
/home/svevqx/delta_bot/software/ros_ws_delta/src/install/delta_ros/lib/python3.12/site-packages/delta_ros/__pycache__/random_move.cpython-312.pyc
/home/svevqx/delta_bot/software/ros_ws_delta/src/install/delta_ros/lib/python3.12/site-packages/delta_ros/__pycache__/touch_onetime.cpython-312.pyc
/home/svevqx/delta_bot/software/ros_ws_delta/src/install/delta_ros/lib/python3.12/site-packages/delta_ros/__pycache__/effector_to_closest.cpython-312.pyc
/home/svevqx/delta_bot/software/ros_ws_delta/src/install/delta_ros/lib/python3.12/site-packages/delta_ros/__pycache__/over_closest.cpython-312.pyc
/home/svevqx/delta_bot/software/ros_ws_delta/src/install/delta_ros/lib/python3.12/site-packages/delta_ros/__pycache__/__init__.cpython-312.pyc
/home/svevqx/delta_bot/software/ros_ws_delta/src/install/delta_ros/share/ament_index/resource_index/packages/delta_ros
/home/svevqx/delta_bot/software/ros_ws_delta/src/install/delta_ros/share/delta_ros/package.xml
/home/svevqx/delta_bot/software/ros_ws_delta/src/install/delta_ros/share/delta_ros/launch/wthTOF_launch.xml
/home/svevqx/delta_bot/software/ros_ws_delta/src/install/delta_ros/share/delta_ros/launch/_launch.xml
/home/svevqx/delta_bot/software/ros_ws_delta/src/install/delta_ros/lib/python3.12/site-packages/delta_ros-0.0.0-py3.12.egg-info/dependency_links.txt
/home/svevqx/delta_bot/software/ros_ws_delta/src/install/delta_ros/lib/python3.12/site-packages/delta_ros-0.0.0-py3.12.egg-info/zip-safe
/home/svevqx/delta_bot/software/ros_ws_delta/src/install/delta_ros/lib/python3.12/site-packages/delta_ros-0.0.0-py3.12.egg-info/requires.txt
/home/svevqx/delta_bot/software/ros_ws_delta/src/install/delta_ros/lib/python3.12/site-packages/delta_ros-0.0.0-py3.12.egg-info/top_level.txt
/home/svevqx/delta_bot/software/ros_ws_delta/src/install/delta_ros/lib/python3.12/site-packages/delta_ros-0.0.0-py3.12.egg-info/SOURCES.txt
/home/svevqx/delta_bot/software/ros_ws_delta/src/install/delta_ros/lib/python3.12/site-packages/delta_ros-0.0.0-py3.12.egg-info/entry_points.txt
/home/svevqx/delta_bot/software/ros_ws_delta/src/install/delta_ros/lib/python3.12/site-packages/delta_ros-0.0.0-py3.12.egg-info/PKG-INFO
/home/svevqx/delta_bot/software/ros_ws_delta/src/install/delta_ros/lib/delta_ros/effector_to_closest
/home/svevqx/delta_bot/software/ros_ws_delta/src/install/delta_ros/lib/delta_ros/over_closest
/home/svevqx/delta_bot/software/ros_ws_delta/src/install/delta_ros/lib/delta_ros/random_move
