[0.143s] DEBUG:colcon:Command line arguments: ['/usr/bin/colcon', 'build']
[0.143s] DEBUG:colcon:Parsed command line arguments: Namespace(log_base=None, log_level=None, verb_name='build', build_base='build', install_base='install', merge_install=False, symlink_install=False, test_result_base=None, continue_on_error=False, executor='parallel', parallel_workers=4, event_handlers=None, ignore_user_meta=False, metas=['./colcon.meta'], base_paths=['.'], packages_ignore=None, packages_ignore_regex=None, paths=None, packages_up_to=None, packages_up_to_regex=None, packages_above=None, packages_above_and_dependencies=None, packages_above_depth=None, packages_select_by_dep=None, packages_skip_by_dep=None, packages_skip_up_to=None, packages_select_build_failed=False, packages_skip_build_finished=False, packages_select_test_failures=False, packages_skip_test_passed=False, packages_select=None, packages_skip=None, packages_select_regex=None, packages_skip_regex=None, packages_start=None, packages_end=None, allow_overriding=[], cmake_args=None, cmake_target=None, cmake_target_skip_unavailable=False, cmake_clean_cache=False, cmake_clean_first=False, cmake_force_configure=False, ament_cmake_args=None, catkin_cmake_args=None, catkin_skip_building_tests=False, mixin_files=None, mixin=None, verb_parser=<colcon_mixin.mixin.mixin_argument.MixinArgumentDecorator object at 0x737b05574c20>, verb_extension=<colcon_core.verb.build.BuildVerb object at 0x737b05697dd0>, main=<bound method BuildVerb.main of <colcon_core.verb.build.BuildVerb object at 0x737b05697dd0>>, mixin_verb=('build',))
[0.188s] Level 1:colcon.colcon_core.package_discovery:discover_packages(colcon_meta) check parameters
[0.188s] Level 1:colcon.colcon_core.package_discovery:discover_packages(recursive) check parameters
[0.188s] Level 1:colcon.colcon_core.package_discovery:discover_packages(ignore) check parameters
[0.188s] Level 1:colcon.colcon_core.package_discovery:discover_packages(path) check parameters
[0.188s] Level 1:colcon.colcon_core.package_discovery:discover_packages(colcon_meta) discover
[0.188s] Level 1:colcon.colcon_core.package_discovery:discover_packages(recursive) discover
[0.188s] INFO:colcon.colcon_core.package_discovery:Crawling recursively for packages in '/home/svevqx/delta_bot/software/ros_ws_delta'
[0.189s] Level 1:colcon.colcon_core.package_identification:_identify(.) by extensions ['ignore', 'ignore_ament_install']
[0.189s] Level 1:colcon.colcon_core.package_identification:_identify(.) by extension 'ignore'
[0.189s] Level 1:colcon.colcon_core.package_identification:_identify(.) by extension 'ignore_ament_install'
[0.189s] Level 1:colcon.colcon_core.package_identification:_identify(.) by extensions ['colcon_pkg']
[0.189s] Level 1:colcon.colcon_core.package_identification:_identify(.) by extension 'colcon_pkg'
[0.189s] Level 1:colcon.colcon_core.package_identification:_identify(.) by extensions ['colcon_meta']
[0.189s] Level 1:colcon.colcon_core.package_identification:_identify(.) by extension 'colcon_meta'
[0.189s] Level 1:colcon.colcon_core.package_identification:_identify(.) by extensions ['ros']
[0.189s] Level 1:colcon.colcon_core.package_identification:_identify(.) by extension 'ros'
[0.220s] Level 1:colcon.colcon_core.package_identification:_identify(.) by extensions ['cmake', 'python']
[0.220s] Level 1:colcon.colcon_core.package_identification:_identify(.) by extension 'cmake'
[0.220s] Level 1:colcon.colcon_core.package_identification:_identify(.) by extension 'python'
[0.220s] Level 1:colcon.colcon_core.package_identification:_identify(.) by extensions ['python_setup_py']
[0.220s] Level 1:colcon.colcon_core.package_identification:_identify(.) by extension 'python_setup_py'
[0.220s] Level 1:colcon.colcon_core.package_identification:_identify(build) by extensions ['ignore', 'ignore_ament_install']
[0.220s] Level 1:colcon.colcon_core.package_identification:_identify(build) by extension 'ignore'
[0.220s] Level 1:colcon.colcon_core.package_identification:_identify(build) ignored
[0.220s] Level 1:colcon.colcon_core.package_identification:_identify(install) by extensions ['ignore', 'ignore_ament_install']
[0.220s] Level 1:colcon.colcon_core.package_identification:_identify(install) by extension 'ignore'
[0.220s] Level 1:colcon.colcon_core.package_identification:_identify(install) ignored
[0.221s] Level 1:colcon.colcon_core.package_identification:_identify(log) by extensions ['ignore', 'ignore_ament_install']
[0.221s] Level 1:colcon.colcon_core.package_identification:_identify(log) by extension 'ignore'
[0.221s] Level 1:colcon.colcon_core.package_identification:_identify(log) ignored
[0.221s] Level 1:colcon.colcon_core.package_identification:_identify(src) by extensions ['ignore', 'ignore_ament_install']
[0.221s] Level 1:colcon.colcon_core.package_identification:_identify(src) by extension 'ignore'
[0.221s] Level 1:colcon.colcon_core.package_identification:_identify(src) by extension 'ignore_ament_install'
[0.221s] Level 1:colcon.colcon_core.package_identification:_identify(src) by extensions ['colcon_pkg']
[0.221s] Level 1:colcon.colcon_core.package_identification:_identify(src) by extension 'colcon_pkg'
[0.221s] Level 1:colcon.colcon_core.package_identification:_identify(src) by extensions ['colcon_meta']
[0.221s] Level 1:colcon.colcon_core.package_identification:_identify(src) by extension 'colcon_meta'
[0.221s] Level 1:colcon.colcon_core.package_identification:_identify(src) by extensions ['ros']
[0.221s] Level 1:colcon.colcon_core.package_identification:_identify(src) by extension 'ros'
[0.221s] Level 1:colcon.colcon_core.package_identification:_identify(src) by extensions ['cmake', 'python']
[0.221s] Level 1:colcon.colcon_core.package_identification:_identify(src) by extension 'cmake'
[0.221s] Level 1:colcon.colcon_core.package_identification:_identify(src) by extension 'python'
[0.221s] Level 1:colcon.colcon_core.package_identification:_identify(src) by extensions ['python_setup_py']
[0.221s] Level 1:colcon.colcon_core.package_identification:_identify(src) by extension 'python_setup_py'
[0.222s] Level 1:colcon.colcon_core.package_identification:_identify(src/build) by extensions ['ignore', 'ignore_ament_install']
[0.222s] Level 1:colcon.colcon_core.package_identification:_identify(src/build) by extension 'ignore'
[0.222s] Level 1:colcon.colcon_core.package_identification:_identify(src/build) ignored
[0.222s] Level 1:colcon.colcon_core.package_identification:_identify(src/delta_ros) by extensions ['ignore', 'ignore_ament_install']
[0.222s] Level 1:colcon.colcon_core.package_identification:_identify(src/delta_ros) by extension 'ignore'
[0.222s] Level 1:colcon.colcon_core.package_identification:_identify(src/delta_ros) by extension 'ignore_ament_install'
[0.222s] Level 1:colcon.colcon_core.package_identification:_identify(src/delta_ros) by extensions ['colcon_pkg']
[0.222s] Level 1:colcon.colcon_core.package_identification:_identify(src/delta_ros) by extension 'colcon_pkg'
[0.222s] Level 1:colcon.colcon_core.package_identification:_identify(src/delta_ros) by extensions ['colcon_meta']
[0.222s] Level 1:colcon.colcon_core.package_identification:_identify(src/delta_ros) by extension 'colcon_meta'
[0.222s] Level 1:colcon.colcon_core.package_identification:_identify(src/delta_ros) by extensions ['ros']
[0.222s] Level 1:colcon.colcon_core.package_identification:_identify(src/delta_ros) by extension 'ros'
[0.225s] DEBUG:colcon.colcon_core.package_identification:Package 'src/delta_ros' with type 'ros.ament_python' and name 'delta_ros'
[0.225s] Level 1:colcon.colcon_core.package_identification:_identify(src/grbl_ros) by extensions ['ignore', 'ignore_ament_install']
[0.225s] Level 1:colcon.colcon_core.package_identification:_identify(src/grbl_ros) by extension 'ignore'
[0.225s] Level 1:colcon.colcon_core.package_identification:_identify(src/grbl_ros) by extension 'ignore_ament_install'
[0.225s] Level 1:colcon.colcon_core.package_identification:_identify(src/grbl_ros) by extensions ['colcon_pkg']
[0.225s] Level 1:colcon.colcon_core.package_identification:_identify(src/grbl_ros) by extension 'colcon_pkg'
[0.225s] Level 1:colcon.colcon_core.package_identification:_identify(src/grbl_ros) by extensions ['colcon_meta']
[0.225s] Level 1:colcon.colcon_core.package_identification:_identify(src/grbl_ros) by extension 'colcon_meta'
[0.225s] Level 1:colcon.colcon_core.package_identification:_identify(src/grbl_ros) by extensions ['ros']
[0.226s] Level 1:colcon.colcon_core.package_identification:_identify(src/grbl_ros) by extension 'ros'
[0.226s] DEBUG:colcon.colcon_core.package_identification:Package 'src/grbl_ros' with type 'ros.ament_python' and name 'grbl_ros'
[0.226s] Level 1:colcon.colcon_core.package_identification:_identify(src/install) by extensions ['ignore', 'ignore_ament_install']
[0.226s] Level 1:colcon.colcon_core.package_identification:_identify(src/install) by extension 'ignore'
[0.226s] Level 1:colcon.colcon_core.package_identification:_identify(src/install) ignored
[0.227s] Level 1:colcon.colcon_core.package_identification:_identify(src/log) by extensions ['ignore', 'ignore_ament_install']
[0.227s] Level 1:colcon.colcon_core.package_identification:_identify(src/log) by extension 'ignore'
[0.227s] Level 1:colcon.colcon_core.package_identification:_identify(src/log) ignored
[0.227s] Level 1:colcon.colcon_core.package_discovery:discover_packages(recursive) using defaults
[0.227s] Level 1:colcon.colcon_core.package_discovery:discover_packages(ignore) discover
[0.227s] Level 1:colcon.colcon_core.package_discovery:discover_packages(ignore) using defaults
[0.227s] Level 1:colcon.colcon_core.package_discovery:discover_packages(path) discover
[0.227s] Level 1:colcon.colcon_core.package_discovery:discover_packages(path) using defaults
[0.248s] Level 1:colcon.colcon_core.package_discovery:discover_packages(prefix_path) check parameters
[0.248s] Level 1:colcon.colcon_core.package_discovery:discover_packages(prefix_path) discover
[0.251s] DEBUG:colcon.colcon_installed_package_information.package_discovery:Found 27 installed packages in /home/svevqx/ros2_ws/install
[0.253s] DEBUG:colcon.colcon_installed_package_information.package_discovery:Found 329 installed packages in /opt/ros/jazzy
[0.256s] Level 1:colcon.colcon_core.package_discovery:discover_packages(prefix_path) using defaults
[0.321s] Level 5:colcon.colcon_core.verb:set package 'delta_ros' build argument 'cmake_args' from command line to 'None'
[0.321s] Level 5:colcon.colcon_core.verb:set package 'delta_ros' build argument 'cmake_target' from command line to 'None'
[0.321s] Level 5:colcon.colcon_core.verb:set package 'delta_ros' build argument 'cmake_target_skip_unavailable' from command line to 'False'
[0.322s] Level 5:colcon.colcon_core.verb:set package 'delta_ros' build argument 'cmake_clean_cache' from command line to 'False'
[0.322s] Level 5:colcon.colcon_core.verb:set package 'delta_ros' build argument 'cmake_clean_first' from command line to 'False'
[0.322s] Level 5:colcon.colcon_core.verb:set package 'delta_ros' build argument 'cmake_force_configure' from command line to 'False'
[0.322s] Level 5:colcon.colcon_core.verb:set package 'delta_ros' build argument 'ament_cmake_args' from command line to 'None'
[0.322s] Level 5:colcon.colcon_core.verb:set package 'delta_ros' build argument 'catkin_cmake_args' from command line to 'None'
[0.322s] Level 5:colcon.colcon_core.verb:set package 'delta_ros' build argument 'catkin_skip_building_tests' from command line to 'False'
[0.322s] DEBUG:colcon.colcon_core.verb:Building package 'delta_ros' with the following arguments: {'ament_cmake_args': None, 'build_base': '/home/svevqx/delta_bot/software/ros_ws_delta/build/delta_ros', 'catkin_cmake_args': None, 'catkin_skip_building_tests': False, 'cmake_args': None, 'cmake_clean_cache': False, 'cmake_clean_first': False, 'cmake_force_configure': False, 'cmake_target': None, 'cmake_target_skip_unavailable': False, 'install_base': '/home/svevqx/delta_bot/software/ros_ws_delta/install/delta_ros', 'merge_install': False, 'path': '/home/svevqx/delta_bot/software/ros_ws_delta/src/delta_ros', 'symlink_install': False, 'test_result_base': None}
[0.322s] Level 5:colcon.colcon_core.verb:set package 'grbl_ros' build argument 'cmake_args' from command line to 'None'
[0.322s] Level 5:colcon.colcon_core.verb:set package 'grbl_ros' build argument 'cmake_target' from command line to 'None'
[0.322s] Level 5:colcon.colcon_core.verb:set package 'grbl_ros' build argument 'cmake_target_skip_unavailable' from command line to 'False'
[0.322s] Level 5:colcon.colcon_core.verb:set package 'grbl_ros' build argument 'cmake_clean_cache' from command line to 'False'
[0.322s] Level 5:colcon.colcon_core.verb:set package 'grbl_ros' build argument 'cmake_clean_first' from command line to 'False'
[0.322s] Level 5:colcon.colcon_core.verb:set package 'grbl_ros' build argument 'cmake_force_configure' from command line to 'False'
[0.322s] Level 5:colcon.colcon_core.verb:set package 'grbl_ros' build argument 'ament_cmake_args' from command line to 'None'
[0.322s] Level 5:colcon.colcon_core.verb:set package 'grbl_ros' build argument 'catkin_cmake_args' from command line to 'None'
[0.322s] Level 5:colcon.colcon_core.verb:set package 'grbl_ros' build argument 'catkin_skip_building_tests' from command line to 'False'
[0.322s] DEBUG:colcon.colcon_core.verb:Building package 'grbl_ros' with the following arguments: {'ament_cmake_args': None, 'build_base': '/home/svevqx/delta_bot/software/ros_ws_delta/build/grbl_ros', 'catkin_cmake_args': None, 'catkin_skip_building_tests': False, 'cmake_args': None, 'cmake_clean_cache': False, 'cmake_clean_first': False, 'cmake_force_configure': False, 'cmake_target': None, 'cmake_target_skip_unavailable': False, 'install_base': '/home/svevqx/delta_bot/software/ros_ws_delta/install/grbl_ros', 'merge_install': False, 'path': '/home/svevqx/delta_bot/software/ros_ws_delta/src/grbl_ros', 'symlink_install': False, 'test_result_base': None}
[0.323s] INFO:colcon.colcon_core.executor:Executing jobs using 'parallel' executor
[0.324s] DEBUG:colcon.colcon_parallel_executor.executor.parallel:run_until_complete
[0.324s] INFO:colcon.colcon_ros.task.ament_python.build:Building ROS package in '/home/svevqx/delta_bot/software/ros_ws_delta/src/delta_ros' with build type 'ament_python'
[0.324s] Level 1:colcon.colcon_core.shell:create_environment_hook('delta_ros', 'ament_prefix_path')
[0.327s] INFO:colcon.colcon_core.plugin_system:Skipping extension 'colcon_core.shell.bat': Not used on non-Windows systems
[0.328s] INFO:colcon.colcon_core.shell:Creating environment hook '/home/svevqx/delta_bot/software/ros_ws_delta/install/delta_ros/share/delta_ros/hook/ament_prefix_path.ps1'
[0.329s] INFO:colcon.colcon_core.shell:Creating environment descriptor '/home/svevqx/delta_bot/software/ros_ws_delta/install/delta_ros/share/delta_ros/hook/ament_prefix_path.dsv'
[0.330s] INFO:colcon.colcon_core.shell:Creating environment hook '/home/svevqx/delta_bot/software/ros_ws_delta/install/delta_ros/share/delta_ros/hook/ament_prefix_path.sh'
[0.331s] INFO:colcon.colcon_core.shell:Skip shell extension 'powershell' for command environment: Not usable outside of PowerShell
[0.331s] DEBUG:colcon.colcon_core.shell:Skip shell extension 'dsv' for command environment
[0.340s] INFO:colcon.colcon_ros.task.ament_python.build:Building ROS package in '/home/svevqx/delta_bot/software/ros_ws_delta/src/grbl_ros' with build type 'ament_python'
[0.340s] Level 1:colcon.colcon_core.shell:create_environment_hook('grbl_ros', 'ament_prefix_path')
[0.340s] INFO:colcon.colcon_core.shell:Creating environment hook '/home/svevqx/delta_bot/software/ros_ws_delta/install/grbl_ros/share/grbl_ros/hook/ament_prefix_path.ps1'
[0.341s] INFO:colcon.colcon_core.shell:Creating environment descriptor '/home/svevqx/delta_bot/software/ros_ws_delta/install/grbl_ros/share/grbl_ros/hook/ament_prefix_path.dsv'
[0.341s] INFO:colcon.colcon_core.shell:Creating environment hook '/home/svevqx/delta_bot/software/ros_ws_delta/install/grbl_ros/share/grbl_ros/hook/ament_prefix_path.sh'
[0.342s] INFO:colcon.colcon_core.shell:Skip shell extension 'powershell' for command environment: Not usable outside of PowerShell
[0.342s] DEBUG:colcon.colcon_core.shell:Skip shell extension 'dsv' for command environment
[0.661s] INFO:colcon.colcon_core.task.python.build:Building Python package in '/home/svevqx/delta_bot/software/ros_ws_delta/src/delta_ros'
[0.662s] INFO:colcon.colcon_core.shell:Skip shell extension 'powershell' for command environment: Not usable outside of PowerShell
[0.662s] DEBUG:colcon.colcon_core.shell:Skip shell extension 'dsv' for command environment
[1.004s] INFO:colcon.colcon_core.task.python.build:Building Python package in '/home/svevqx/delta_bot/software/ros_ws_delta/src/grbl_ros'
[1.005s] INFO:colcon.colcon_core.shell:Skip shell extension 'powershell' for command environment: Not usable outside of PowerShell
[1.005s] DEBUG:colcon.colcon_core.shell:Skip shell extension 'dsv' for command environment
[2.180s] DEBUG:colcon.colcon_core.event_handler.log_command:Invoking command in '/home/svevqx/delta_bot/software/ros_ws_delta/src/delta_ros': DEBUGINFOD_URLS=https://debuginfod.ubuntu.com PYTHONPATH=/home/svevqx/delta_bot/software/ros_ws_delta/build/delta_ros/prefix_override:/usr/lib/python3/dist-packages/colcon_core/task/python/colcon_distutils_commands:/home/svevqx/delta_bot/software/ros_ws_delta/install/delta_ros/lib/python3.12/site-packages:${PYTHONPATH} /usr/bin/python3 -W ignore:setup.py install is deprecated -W ignore:easy_install command is deprecated setup.py egg_info --egg-base ../../build/delta_ros build --build-base /home/svevqx/delta_bot/software/ros_ws_delta/build/delta_ros/build install --record /home/svevqx/delta_bot/software/ros_ws_delta/build/delta_ros/install.log --single-version-externally-managed install_data
[2.188s] DEBUG:colcon.colcon_core.event_handler.log_command:Invoking command in '/home/svevqx/delta_bot/software/ros_ws_delta/src/grbl_ros': DEBUGINFOD_URLS=https://debuginfod.ubuntu.com PYTHONPATH=/home/svevqx/delta_bot/software/ros_ws_delta/build/grbl_ros/prefix_override:/usr/lib/python3/dist-packages/colcon_core/task/python/colcon_distutils_commands:/home/svevqx/delta_bot/software/ros_ws_delta/install/grbl_ros/lib/python3.12/site-packages:${PYTHONPATH} /usr/bin/python3 -W ignore:setup.py install is deprecated -W ignore:easy_install command is deprecated setup.py egg_info --egg-base ../../build/grbl_ros build --build-base /home/svevqx/delta_bot/software/ros_ws_delta/build/grbl_ros/build install --record /home/svevqx/delta_bot/software/ros_ws_delta/build/grbl_ros/install.log --install-scripts $base/lib/grbl_ros --single-version-externally-managed install_data
[3.388s] DEBUG:colcon.colcon_core.event_handler.log_command:Invoked command in '/home/svevqx/delta_bot/software/ros_ws_delta/src/grbl_ros' returned '0': DEBUGINFOD_URLS=https://debuginfod.ubuntu.com PYTHONPATH=/home/svevqx/delta_bot/software/ros_ws_delta/build/grbl_ros/prefix_override:/usr/lib/python3/dist-packages/colcon_core/task/python/colcon_distutils_commands:/home/svevqx/delta_bot/software/ros_ws_delta/install/grbl_ros/lib/python3.12/site-packages:${PYTHONPATH} /usr/bin/python3 -W ignore:setup.py install is deprecated -W ignore:easy_install command is deprecated setup.py egg_info --egg-base ../../build/grbl_ros build --build-base /home/svevqx/delta_bot/software/ros_ws_delta/build/grbl_ros/build install --record /home/svevqx/delta_bot/software/ros_ws_delta/build/grbl_ros/install.log --install-scripts $base/lib/grbl_ros --single-version-externally-managed install_data
[3.392s] Level 1:colcon.colcon_core.environment:checking '/home/svevqx/delta_bot/software/ros_ws_delta/install/grbl_ros' for CMake module files
[3.393s] Level 1:colcon.colcon_core.environment:checking '/home/svevqx/delta_bot/software/ros_ws_delta/install/grbl_ros' for CMake config files
[3.393s] Level 1:colcon.colcon_core.environment:checking '/home/svevqx/delta_bot/software/ros_ws_delta/install/grbl_ros/lib'
[3.394s] Level 1:colcon.colcon_core.environment:checking '/home/svevqx/delta_bot/software/ros_ws_delta/install/grbl_ros/bin'
[3.394s] Level 1:colcon.colcon_core.environment:checking '/home/svevqx/delta_bot/software/ros_ws_delta/install/grbl_ros/lib/pkgconfig/grbl_ros.pc'
[3.394s] Level 1:colcon.colcon_core.environment:checking '/home/svevqx/delta_bot/software/ros_ws_delta/install/grbl_ros/lib/python3.12/site-packages'
[3.394s] Level 1:colcon.colcon_core.shell:create_environment_hook('grbl_ros', 'pythonpath')
[3.395s] INFO:colcon.colcon_core.shell:Creating environment hook '/home/svevqx/delta_bot/software/ros_ws_delta/install/grbl_ros/share/grbl_ros/hook/pythonpath.ps1'
[3.395s] INFO:colcon.colcon_core.shell:Creating environment descriptor '/home/svevqx/delta_bot/software/ros_ws_delta/install/grbl_ros/share/grbl_ros/hook/pythonpath.dsv'
[3.396s] INFO:colcon.colcon_core.shell:Creating environment hook '/home/svevqx/delta_bot/software/ros_ws_delta/install/grbl_ros/share/grbl_ros/hook/pythonpath.sh'
[3.397s] Level 1:colcon.colcon_core.environment:checking '/home/svevqx/delta_bot/software/ros_ws_delta/install/grbl_ros/bin'
[3.397s] Level 1:colcon.colcon_core.environment:create_environment_scripts_only(grbl_ros)
[3.397s] INFO:colcon.colcon_core.shell:Creating package script '/home/svevqx/delta_bot/software/ros_ws_delta/install/grbl_ros/share/grbl_ros/package.ps1'
[3.398s] INFO:colcon.colcon_core.shell:Creating package descriptor '/home/svevqx/delta_bot/software/ros_ws_delta/install/grbl_ros/share/grbl_ros/package.dsv'
[3.399s] INFO:colcon.colcon_core.shell:Creating package script '/home/svevqx/delta_bot/software/ros_ws_delta/install/grbl_ros/share/grbl_ros/package.sh'
[3.400s] INFO:colcon.colcon_core.shell:Creating package script '/home/svevqx/delta_bot/software/ros_ws_delta/install/grbl_ros/share/grbl_ros/package.bash'
[3.401s] INFO:colcon.colcon_core.shell:Creating package script '/home/svevqx/delta_bot/software/ros_ws_delta/install/grbl_ros/share/grbl_ros/package.zsh'
[3.402s] Level 1:colcon.colcon_core.environment:create_file_with_runtime_dependencies(/home/svevqx/delta_bot/software/ros_ws_delta/install/grbl_ros/share/colcon-core/packages/grbl_ros)
[3.404s] Level 1:colcon.colcon_core.environment:checking '/home/svevqx/delta_bot/software/ros_ws_delta/install/delta_ros' for CMake module files
[3.406s] DEBUG:colcon.colcon_core.event_handler.log_command:Invoked command in '/home/svevqx/delta_bot/software/ros_ws_delta/src/delta_ros' returned '0': DEBUGINFOD_URLS=https://debuginfod.ubuntu.com PYTHONPATH=/home/svevqx/delta_bot/software/ros_ws_delta/build/delta_ros/prefix_override:/usr/lib/python3/dist-packages/colcon_core/task/python/colcon_distutils_commands:/home/svevqx/delta_bot/software/ros_ws_delta/install/delta_ros/lib/python3.12/site-packages:${PYTHONPATH} /usr/bin/python3 -W ignore:setup.py install is deprecated -W ignore:easy_install command is deprecated setup.py egg_info --egg-base ../../build/delta_ros build --build-base /home/svevqx/delta_bot/software/ros_ws_delta/build/delta_ros/build install --record /home/svevqx/delta_bot/software/ros_ws_delta/build/delta_ros/install.log --single-version-externally-managed install_data
[3.406s] Level 1:colcon.colcon_core.environment:checking '/home/svevqx/delta_bot/software/ros_ws_delta/install/delta_ros' for CMake config files
[3.407s] Level 1:colcon.colcon_core.environment:checking '/home/svevqx/delta_bot/software/ros_ws_delta/install/delta_ros/lib'
[3.408s] Level 1:colcon.colcon_core.environment:checking '/home/svevqx/delta_bot/software/ros_ws_delta/install/delta_ros/bin'
[3.408s] Level 1:colcon.colcon_core.environment:checking '/home/svevqx/delta_bot/software/ros_ws_delta/install/delta_ros/lib/pkgconfig/delta_ros.pc'
[3.408s] Level 1:colcon.colcon_core.environment:checking '/home/svevqx/delta_bot/software/ros_ws_delta/install/delta_ros/lib/python3.12/site-packages'
[3.408s] Level 1:colcon.colcon_core.shell:create_environment_hook('delta_ros', 'pythonpath')
[3.409s] INFO:colcon.colcon_core.shell:Creating environment hook '/home/svevqx/delta_bot/software/ros_ws_delta/install/delta_ros/share/delta_ros/hook/pythonpath.ps1'
[3.409s] INFO:colcon.colcon_core.shell:Creating environment descriptor '/home/svevqx/delta_bot/software/ros_ws_delta/install/delta_ros/share/delta_ros/hook/pythonpath.dsv'
[3.410s] INFO:colcon.colcon_core.shell:Creating environment hook '/home/svevqx/delta_bot/software/ros_ws_delta/install/delta_ros/share/delta_ros/hook/pythonpath.sh'
[3.411s] Level 1:colcon.colcon_core.environment:checking '/home/svevqx/delta_bot/software/ros_ws_delta/install/delta_ros/bin'
[3.411s] Level 1:colcon.colcon_core.environment:create_environment_scripts_only(delta_ros)
[3.412s] INFO:colcon.colcon_core.shell:Creating package script '/home/svevqx/delta_bot/software/ros_ws_delta/install/delta_ros/share/delta_ros/package.ps1'
[3.412s] INFO:colcon.colcon_core.shell:Creating package descriptor '/home/svevqx/delta_bot/software/ros_ws_delta/install/delta_ros/share/delta_ros/package.dsv'
[3.413s] INFO:colcon.colcon_core.shell:Creating package script '/home/svevqx/delta_bot/software/ros_ws_delta/install/delta_ros/share/delta_ros/package.sh'
[3.414s] INFO:colcon.colcon_core.shell:Creating package script '/home/svevqx/delta_bot/software/ros_ws_delta/install/delta_ros/share/delta_ros/package.bash'
[3.414s] INFO:colcon.colcon_core.shell:Creating package script '/home/svevqx/delta_bot/software/ros_ws_delta/install/delta_ros/share/delta_ros/package.zsh'
[3.415s] Level 1:colcon.colcon_core.environment:create_file_with_runtime_dependencies(/home/svevqx/delta_bot/software/ros_ws_delta/install/delta_ros/share/colcon-core/packages/delta_ros)
[3.416s] DEBUG:colcon.colcon_parallel_executor.executor.parallel:closing loop
[3.416s] DEBUG:colcon.colcon_parallel_executor.executor.parallel:loop closed
[3.417s] DEBUG:colcon.colcon_parallel_executor.executor.parallel:run_until_complete finished with '0'
[3.417s] DEBUG:colcon.colcon_core.event_reactor:joining thread
[3.428s] INFO:colcon.colcon_core.plugin_system:Skipping extension 'colcon_notification.desktop_notification.terminal_notifier': Not used on non-Darwin systems
[3.428s] INFO:colcon.colcon_core.plugin_system:Skipping extension 'colcon_notification.desktop_notification.win32': Not used on non-Windows systems
[3.428s] INFO:colcon.colcon_notification.desktop_notification:Sending desktop notification using 'notify2'
[3.446s] DEBUG:colcon.colcon_core.event_reactor:joined thread
[3.446s] INFO:colcon.colcon_core.shell:Creating prefix script '/home/svevqx/delta_bot/software/ros_ws_delta/install/local_setup.ps1'
[3.447s] INFO:colcon.colcon_core.shell:Creating prefix util module '/home/svevqx/delta_bot/software/ros_ws_delta/install/_local_setup_util_ps1.py'
[3.450s] INFO:colcon.colcon_core.shell:Creating prefix chain script '/home/svevqx/delta_bot/software/ros_ws_delta/install/setup.ps1'
[3.456s] INFO:colcon.colcon_core.shell:Creating prefix script '/home/svevqx/delta_bot/software/ros_ws_delta/install/local_setup.sh'
[3.457s] INFO:colcon.colcon_core.shell:Creating prefix util module '/home/svevqx/delta_bot/software/ros_ws_delta/install/_local_setup_util_sh.py'
[3.458s] INFO:colcon.colcon_core.shell:Creating prefix chain script '/home/svevqx/delta_bot/software/ros_ws_delta/install/setup.sh'
[3.462s] INFO:colcon.colcon_core.shell:Creating prefix script '/home/svevqx/delta_bot/software/ros_ws_delta/install/local_setup.bash'
[3.462s] INFO:colcon.colcon_core.shell:Creating prefix chain script '/home/svevqx/delta_bot/software/ros_ws_delta/install/setup.bash'
[3.467s] INFO:colcon.colcon_core.shell:Creating prefix script '/home/svevqx/delta_bot/software/ros_ws_delta/install/local_setup.zsh'
[3.468s] INFO:colcon.colcon_core.shell:Creating prefix chain script '/home/svevqx/delta_bot/software/ros_ws_delta/install/setup.zsh'
