/usr/lib/python3/dist-packages/setuptools/dist.py:744: SetuptoolsDeprecationWarning: Invalid dash-separated options
!!

        ********************************************************************************
        Usage of dash-separated 'script-dir' will not be supported in future
        versions. Please use the underscore name 'script_dir' instead.

        This deprecation is overdue, please update your project and remove deprecated
        calls to avoid build errors in the future.

        See https://setuptools.pypa.io/en/latest/userguide/declarative_config.html for details.
        ********************************************************************************

!!
  opt = self.warn_dash_deprecation(opt, section)
running egg_info
writing ../../build/grbl_ros/grbl_ros.egg-info/PKG-INFO
writing dependency_links to ../../build/grbl_ros/grbl_ros.egg-info/dependency_links.txt
writing entry points to ../../build/grbl_ros/grbl_ros.egg-info/entry_points.txt
writing requirements to ../../build/grbl_ros/grbl_ros.egg-info/requires.txt
writing top-level names to ../../build/grbl_ros/grbl_ros.egg-info/top_level.txt
reading manifest file '../../build/grbl_ros/grbl_ros.egg-info/SOURCES.txt'
adding license file 'LICENSE'
writing manifest file '../../build/grbl_ros/grbl_ros.egg-info/SOURCES.txt'
running build
running build_py
running install
running install_lib
running install_data
running install_egg_info
removing '/home/svevqx/delta_bot/software/ros_ws_delta/install/grbl_ros/lib/python3.12/site-packages/grbl_ros-0.0.16-py3.12.egg-info' (and everything under it)
Copying ../../build/grbl_ros/grbl_ros.egg-info to /home/svevqx/delta_bot/software/ros_ws_delta/install/grbl_ros/lib/python3.12/site-packages/grbl_ros-0.0.16-py3.12.egg-info
running install_scripts
Installing grbl_manager script to /home/svevqx/delta_bot/software/ros_ws_delta/install/grbl_ros/lib/grbl_ros
Installing grbl_node script to /home/svevqx/delta_bot/software/ros_ws_delta/install/grbl_ros/lib/grbl_ros
Installing grbl_service script to /home/svevqx/delta_bot/software/ros_ws_delta/install/grbl_ros/lib/grbl_ros
writing list of installed files to '/home/svevqx/delta_bot/software/ros_ws_delta/build/grbl_ros/install.log'
