[3.141s] Invoking command in '/home/svevqx/delta_bot/software/ros_ws_delta/src/grbl_ros': DEBUGINFOD_URLS=https://debuginfod.ubuntu.com PYTHONPATH=/home/svevqx/delta_bot/software/ros_ws_delta/build/grbl_ros/prefix_override:/usr/lib/python3/dist-packages/colcon_core/task/python/colcon_distutils_commands:/home/svevqx/delta_bot/software/ros_ws_delta/install/grbl_ros/lib/python3.12/site-packages:${PYTHONPATH} /usr/bin/python3 -W ignore:setup.py install is deprecated -W ignore:easy_install command is deprecated setup.py egg_info --egg-base ../../build/grbl_ros build --build-base /home/svevqx/delta_bot/software/ros_ws_delta/build/grbl_ros/build install --record /home/svevqx/delta_bot/software/ros_ws_delta/build/grbl_ros/install.log --install-scripts $base/lib/grbl_ros --single-version-externally-managed install_data
[3.519s] /usr/lib/python3/dist-packages/setuptools/dist.py:744: SetuptoolsDeprecationWarning: Invalid dash-separated options
[3.520s] !!
[3.520s] 
[3.520s]         ********************************************************************************
[3.520s]         Usage of dash-separated 'script-dir' will not be supported in future
[3.521s]         versions. Please use the underscore name 'script_dir' instead.
[3.521s] 
[3.521s]         This deprecation is overdue, please update your project and remove deprecated
[3.522s]         calls to avoid build errors in the future.
[3.522s] 
[3.522s]         See https://setuptools.pypa.io/en/latest/userguide/declarative_config.html for details.
[3.522s]         ********************************************************************************
[3.523s] 
[3.523s] !!
[3.523s]   opt = self.warn_dash_deprecation(opt, section)
[3.994s] running egg_info
[4.043s] writing ../../build/grbl_ros/grbl_ros.egg-info/PKG-INFO
[4.048s] writing dependency_links to ../../build/grbl_ros/grbl_ros.egg-info/dependency_links.txt
[4.048s] writing entry points to ../../build/grbl_ros/grbl_ros.egg-info/entry_points.txt
[4.049s] writing requirements to ../../build/grbl_ros/grbl_ros.egg-info/requires.txt
[4.049s] writing top-level names to ../../build/grbl_ros/grbl_ros.egg-info/top_level.txt
[4.154s] reading manifest file '../../build/grbl_ros/grbl_ros.egg-info/SOURCES.txt'
[4.155s] adding license file 'LICENSE'
[4.156s] writing manifest file '../../build/grbl_ros/grbl_ros.egg-info/SOURCES.txt'
[4.157s] running build
[4.157s] running build_py
[4.158s] running install
[4.172s] running install_lib
[4.223s] running install_data
[4.225s] running install_egg_info
[4.278s] removing '/home/svevqx/delta_bot/software/ros_ws_delta/install/grbl_ros/lib/python3.12/site-packages/grbl_ros-0.0.16-py3.12.egg-info' (and everything under it)
[4.279s] Copying ../../build/grbl_ros/grbl_ros.egg-info to /home/svevqx/delta_bot/software/ros_ws_delta/install/grbl_ros/lib/python3.12/site-packages/grbl_ros-0.0.16-py3.12.egg-info
[4.281s] running install_scripts
[4.607s] Installing grbl_manager script to /home/svevqx/delta_bot/software/ros_ws_delta/install/grbl_ros/lib/grbl_ros
[4.607s] Installing grbl_node script to /home/svevqx/delta_bot/software/ros_ws_delta/install/grbl_ros/lib/grbl_ros
[4.608s] Installing grbl_service script to /home/svevqx/delta_bot/software/ros_ws_delta/install/grbl_ros/lib/grbl_ros
[4.609s] writing list of installed files to '/home/svevqx/delta_bot/software/ros_ws_delta/build/grbl_ros/install.log'
[4.665s] Invoked command in '/home/svevqx/delta_bot/software/ros_ws_delta/src/grbl_ros' returned '0': DEBUGINFOD_URLS=https://debuginfod.ubuntu.com PYTHONPATH=/home/svevqx/delta_bot/software/ros_ws_delta/build/grbl_ros/prefix_override:/usr/lib/python3/dist-packages/colcon_core/task/python/colcon_distutils_commands:/home/svevqx/delta_bot/software/ros_ws_delta/install/grbl_ros/lib/python3.12/site-packages:${PYTHONPATH} /usr/bin/python3 -W ignore:setup.py install is deprecated -W ignore:easy_install command is deprecated setup.py egg_info --egg-base ../../build/grbl_ros build --build-base /home/svevqx/delta_bot/software/ros_ws_delta/build/grbl_ros/build install --record /home/svevqx/delta_bot/software/ros_ws_delta/build/grbl_ros/install.log --install-scripts $base/lib/grbl_ros --single-version-externally-managed install_data
