[0.159s] DEBUG:colcon:Command line arguments: ['/usr/bin/colcon', 'build']
[0.159s] DEBUG:colcon:Parsed command line arguments: Namespace(log_base=None, log_level=None, verb_name='build', build_base='build', install_base='install', merge_install=False, symlink_install=False, test_result_base=None, continue_on_error=False, executor='parallel', parallel_workers=4, event_handlers=None, ignore_user_meta=False, metas=['./colcon.meta'], base_paths=['.'], packages_ignore=None, packages_ignore_regex=None, paths=None, packages_up_to=None, packages_up_to_regex=None, packages_above=None, packages_above_and_dependencies=None, packages_above_depth=None, packages_select_by_dep=None, packages_skip_by_dep=None, packages_skip_up_to=None, packages_select_build_failed=False, packages_skip_build_finished=False, packages_select_test_failures=False, packages_skip_test_passed=False, packages_select=None, packages_skip=None, packages_select_regex=None, packages_skip_regex=None, packages_start=None, packages_end=None, allow_overriding=[], cmake_args=None, cmake_target=None, cmake_target_skip_unavailable=False, cmake_clean_cache=False, cmake_clean_first=False, cmake_force_configure=False, ament_cmake_args=None, catkin_cmake_args=None, catkin_skip_building_tests=False, mixin_files=None, mixin=None, verb_parser=<colcon_mixin.mixin.mixin_argument.MixinArgumentDecorator object at 0x77e51b4b5c40>, verb_extension=<colcon_core.verb.build.BuildVerb object at 0x77e51b5da3c0>, main=<bound method BuildVerb.main of <colcon_core.verb.build.BuildVerb object at 0x77e51b5da3c0>>, mixin_verb=('build',))
[0.211s] Level 1:colcon.colcon_core.package_discovery:discover_packages(colcon_meta) check parameters
[0.212s] Level 1:colcon.colcon_core.package_discovery:discover_packages(recursive) check parameters
[0.212s] Level 1:colcon.colcon_core.package_discovery:discover_packages(ignore) check parameters
[0.212s] Level 1:colcon.colcon_core.package_discovery:discover_packages(path) check parameters
[0.212s] Level 1:colcon.colcon_core.package_discovery:discover_packages(colcon_meta) discover
[0.212s] Level 1:colcon.colcon_core.package_discovery:discover_packages(recursive) discover
[0.212s] INFO:colcon.colcon_core.package_discovery:Crawling recursively for packages in '/home/svevqx/delta_bot/software/ros_ws_delta'
[0.212s] Level 1:colcon.colcon_core.package_identification:_identify(.) by extensions ['ignore', 'ignore_ament_install']
[0.212s] Level 1:colcon.colcon_core.package_identification:_identify(.) by extension 'ignore'
[0.212s] Level 1:colcon.colcon_core.package_identification:_identify(.) by extension 'ignore_ament_install'
[0.212s] Level 1:colcon.colcon_core.package_identification:_identify(.) by extensions ['colcon_pkg']
[0.212s] Level 1:colcon.colcon_core.package_identification:_identify(.) by extension 'colcon_pkg'
[0.213s] Level 1:colcon.colcon_core.package_identification:_identify(.) by extensions ['colcon_meta']
[0.213s] Level 1:colcon.colcon_core.package_identification:_identify(.) by extension 'colcon_meta'
[0.213s] Level 1:colcon.colcon_core.package_identification:_identify(.) by extensions ['ros']
[0.213s] Level 1:colcon.colcon_core.package_identification:_identify(.) by extension 'ros'
[0.245s] Level 1:colcon.colcon_core.package_identification:_identify(.) by extensions ['cmake', 'python']
[0.245s] Level 1:colcon.colcon_core.package_identification:_identify(.) by extension 'cmake'
[0.246s] Level 1:colcon.colcon_core.package_identification:_identify(.) by extension 'python'
[0.246s] Level 1:colcon.colcon_core.package_identification:_identify(.) by extensions ['python_setup_py']
[0.246s] Level 1:colcon.colcon_core.package_identification:_identify(.) by extension 'python_setup_py'
[0.246s] Level 1:colcon.colcon_core.package_identification:_identify(build) by extensions ['ignore', 'ignore_ament_install']
[0.246s] Level 1:colcon.colcon_core.package_identification:_identify(build) by extension 'ignore'
[0.246s] Level 1:colcon.colcon_core.package_identification:_identify(build) ignored
[0.246s] Level 1:colcon.colcon_core.package_identification:_identify(install) by extensions ['ignore', 'ignore_ament_install']
[0.246s] Level 1:colcon.colcon_core.package_identification:_identify(install) by extension 'ignore'
[0.247s] Level 1:colcon.colcon_core.package_identification:_identify(install) ignored
[0.247s] Level 1:colcon.colcon_core.package_identification:_identify(log) by extensions ['ignore', 'ignore_ament_install']
[0.247s] Level 1:colcon.colcon_core.package_identification:_identify(log) by extension 'ignore'
[0.247s] Level 1:colcon.colcon_core.package_identification:_identify(log) ignored
[0.247s] Level 1:colcon.colcon_core.package_identification:_identify(src) by extensions ['ignore', 'ignore_ament_install']
[0.247s] Level 1:colcon.colcon_core.package_identification:_identify(src) by extension 'ignore'
[0.247s] Level 1:colcon.colcon_core.package_identification:_identify(src) by extension 'ignore_ament_install'
[0.247s] Level 1:colcon.colcon_core.package_identification:_identify(src) by extensions ['colcon_pkg']
[0.248s] Level 1:colcon.colcon_core.package_identification:_identify(src) by extension 'colcon_pkg'
[0.248s] Level 1:colcon.colcon_core.package_identification:_identify(src) by extensions ['colcon_meta']
[0.248s] Level 1:colcon.colcon_core.package_identification:_identify(src) by extension 'colcon_meta'
[0.248s] Level 1:colcon.colcon_core.package_identification:_identify(src) by extensions ['ros']
[0.248s] Level 1:colcon.colcon_core.package_identification:_identify(src) by extension 'ros'
[0.248s] Level 1:colcon.colcon_core.package_identification:_identify(src) by extensions ['cmake', 'python']
[0.248s] Level 1:colcon.colcon_core.package_identification:_identify(src) by extension 'cmake'
[0.248s] Level 1:colcon.colcon_core.package_identification:_identify(src) by extension 'python'
[0.248s] Level 1:colcon.colcon_core.package_identification:_identify(src) by extensions ['python_setup_py']
[0.248s] Level 1:colcon.colcon_core.package_identification:_identify(src) by extension 'python_setup_py'
[0.248s] Level 1:colcon.colcon_core.package_identification:_identify(src/build) by extensions ['ignore', 'ignore_ament_install']
[0.249s] Level 1:colcon.colcon_core.package_identification:_identify(src/build) by extension 'ignore'
[0.249s] Level 1:colcon.colcon_core.package_identification:_identify(src/build) ignored
[0.249s] Level 1:colcon.colcon_core.package_identification:_identify(src/delta_ros) by extensions ['ignore', 'ignore_ament_install']
[0.249s] Level 1:colcon.colcon_core.package_identification:_identify(src/delta_ros) by extension 'ignore'
[0.249s] Level 1:colcon.colcon_core.package_identification:_identify(src/delta_ros) by extension 'ignore_ament_install'
[0.249s] Level 1:colcon.colcon_core.package_identification:_identify(src/delta_ros) by extensions ['colcon_pkg']
[0.249s] Level 1:colcon.colcon_core.package_identification:_identify(src/delta_ros) by extension 'colcon_pkg'
[0.249s] Level 1:colcon.colcon_core.package_identification:_identify(src/delta_ros) by extensions ['colcon_meta']
[0.249s] Level 1:colcon.colcon_core.package_identification:_identify(src/delta_ros) by extension 'colcon_meta'
[0.249s] Level 1:colcon.colcon_core.package_identification:_identify(src/delta_ros) by extensions ['ros']
[0.250s] Level 1:colcon.colcon_core.package_identification:_identify(src/delta_ros) by extension 'ros'
[0.252s] DEBUG:colcon.colcon_core.package_identification:Package 'src/delta_ros' with type 'ros.ament_python' and name 'delta_ros'
[0.253s] Level 1:colcon.colcon_core.package_identification:_identify(src/grbl_ros) by extensions ['ignore', 'ignore_ament_install']
[0.253s] Level 1:colcon.colcon_core.package_identification:_identify(src/grbl_ros) by extension 'ignore'
[0.253s] Level 1:colcon.colcon_core.package_identification:_identify(src/grbl_ros) by extension 'ignore_ament_install'
[0.253s] Level 1:colcon.colcon_core.package_identification:_identify(src/grbl_ros) by extensions ['colcon_pkg']
[0.253s] Level 1:colcon.colcon_core.package_identification:_identify(src/grbl_ros) by extension 'colcon_pkg'
[0.253s] Level 1:colcon.colcon_core.package_identification:_identify(src/grbl_ros) by extensions ['colcon_meta']
[0.253s] Level 1:colcon.colcon_core.package_identification:_identify(src/grbl_ros) by extension 'colcon_meta'
[0.253s] Level 1:colcon.colcon_core.package_identification:_identify(src/grbl_ros) by extensions ['ros']
[0.253s] Level 1:colcon.colcon_core.package_identification:_identify(src/grbl_ros) by extension 'ros'
[0.254s] DEBUG:colcon.colcon_core.package_identification:Package 'src/grbl_ros' with type 'ros.ament_python' and name 'grbl_ros'
[0.254s] Level 1:colcon.colcon_core.package_identification:_identify(src/install) by extensions ['ignore', 'ignore_ament_install']
[0.255s] Level 1:colcon.colcon_core.package_identification:_identify(src/install) by extension 'ignore'
[0.255s] Level 1:colcon.colcon_core.package_identification:_identify(src/install) ignored
[0.255s] Level 1:colcon.colcon_core.package_identification:_identify(src/log) by extensions ['ignore', 'ignore_ament_install']
[0.255s] Level 1:colcon.colcon_core.package_identification:_identify(src/log) by extension 'ignore'
[0.255s] Level 1:colcon.colcon_core.package_identification:_identify(src/log) ignored
[0.255s] Level 1:colcon.colcon_core.package_discovery:discover_packages(recursive) using defaults
[0.255s] Level 1:colcon.colcon_core.package_discovery:discover_packages(ignore) discover
[0.255s] Level 1:colcon.colcon_core.package_discovery:discover_packages(ignore) using defaults
[0.255s] Level 1:colcon.colcon_core.package_discovery:discover_packages(path) discover
[0.255s] Level 1:colcon.colcon_core.package_discovery:discover_packages(path) using defaults
[0.285s] Level 1:colcon.colcon_core.package_discovery:discover_packages(prefix_path) check parameters
[0.285s] Level 1:colcon.colcon_core.package_discovery:discover_packages(prefix_path) discover
[0.294s] DEBUG:colcon.colcon_installed_package_information.package_discovery:Found 2 installed packages in /home/svevqx/delta_bot/software/ros_ws_delta/install
[0.295s] DEBUG:colcon.colcon_installed_package_information.package_discovery:Found 27 installed packages in /home/svevqx/ros2_ws/install
[0.296s] DEBUG:colcon.colcon_installed_package_information.package_discovery:Found 7 installed packages in /home/svevqx/ros2_tuto_ws/install
[0.298s] DEBUG:colcon.colcon_installed_package_information.package_discovery:Found 329 installed packages in /opt/ros/jazzy
[0.300s] Level 1:colcon.colcon_core.package_discovery:discover_packages(prefix_path) using defaults
[0.384s] Level 5:colcon.colcon_core.verb:set package 'delta_ros' build argument 'cmake_args' from command line to 'None'
[0.384s] Level 5:colcon.colcon_core.verb:set package 'delta_ros' build argument 'cmake_target' from command line to 'None'
[0.384s] Level 5:colcon.colcon_core.verb:set package 'delta_ros' build argument 'cmake_target_skip_unavailable' from command line to 'False'
[0.384s] Level 5:colcon.colcon_core.verb:set package 'delta_ros' build argument 'cmake_clean_cache' from command line to 'False'
[0.384s] Level 5:colcon.colcon_core.verb:set package 'delta_ros' build argument 'cmake_clean_first' from command line to 'False'
[0.385s] Level 5:colcon.colcon_core.verb:set package 'delta_ros' build argument 'cmake_force_configure' from command line to 'False'
[0.385s] Level 5:colcon.colcon_core.verb:set package 'delta_ros' build argument 'ament_cmake_args' from command line to 'None'
[0.385s] Level 5:colcon.colcon_core.verb:set package 'delta_ros' build argument 'catkin_cmake_args' from command line to 'None'
[0.385s] Level 5:colcon.colcon_core.verb:set package 'delta_ros' build argument 'catkin_skip_building_tests' from command line to 'False'
[0.385s] DEBUG:colcon.colcon_core.verb:Building package 'delta_ros' with the following arguments: {'ament_cmake_args': None, 'build_base': '/home/svevqx/delta_bot/software/ros_ws_delta/build/delta_ros', 'catkin_cmake_args': None, 'catkin_skip_building_tests': False, 'cmake_args': None, 'cmake_clean_cache': False, 'cmake_clean_first': False, 'cmake_force_configure': False, 'cmake_target': None, 'cmake_target_skip_unavailable': False, 'install_base': '/home/svevqx/delta_bot/software/ros_ws_delta/install/delta_ros', 'merge_install': False, 'path': '/home/svevqx/delta_bot/software/ros_ws_delta/src/delta_ros', 'symlink_install': False, 'test_result_base': None}
[0.385s] Level 5:colcon.colcon_core.verb:set package 'grbl_ros' build argument 'cmake_args' from command line to 'None'
[0.385s] Level 5:colcon.colcon_core.verb:set package 'grbl_ros' build argument 'cmake_target' from command line to 'None'
[0.386s] Level 5:colcon.colcon_core.verb:set package 'grbl_ros' build argument 'cmake_target_skip_unavailable' from command line to 'False'
[0.386s] Level 5:colcon.colcon_core.verb:set package 'grbl_ros' build argument 'cmake_clean_cache' from command line to 'False'
[0.386s] Level 5:colcon.colcon_core.verb:set package 'grbl_ros' build argument 'cmake_clean_first' from command line to 'False'
[0.386s] Level 5:colcon.colcon_core.verb:set package 'grbl_ros' build argument 'cmake_force_configure' from command line to 'False'
[0.386s] Level 5:colcon.colcon_core.verb:set package 'grbl_ros' build argument 'ament_cmake_args' from command line to 'None'
[0.386s] Level 5:colcon.colcon_core.verb:set package 'grbl_ros' build argument 'catkin_cmake_args' from command line to 'None'
[0.386s] Level 5:colcon.colcon_core.verb:set package 'grbl_ros' build argument 'catkin_skip_building_tests' from command line to 'False'
[0.386s] DEBUG:colcon.colcon_core.verb:Building package 'grbl_ros' with the following arguments: {'ament_cmake_args': None, 'build_base': '/home/svevqx/delta_bot/software/ros_ws_delta/build/grbl_ros', 'catkin_cmake_args': None, 'catkin_skip_building_tests': False, 'cmake_args': None, 'cmake_clean_cache': False, 'cmake_clean_first': False, 'cmake_force_configure': False, 'cmake_target': None, 'cmake_target_skip_unavailable': False, 'install_base': '/home/svevqx/delta_bot/software/ros_ws_delta/install/grbl_ros', 'merge_install': False, 'path': '/home/svevqx/delta_bot/software/ros_ws_delta/src/grbl_ros', 'symlink_install': False, 'test_result_base': None}
[0.386s] INFO:colcon.colcon_core.executor:Executing jobs using 'parallel' executor
[0.387s] DEBUG:colcon.colcon_parallel_executor.executor.parallel:run_until_complete
[0.388s] INFO:colcon.colcon_ros.task.ament_python.build:Building ROS package in '/home/svevqx/delta_bot/software/ros_ws_delta/src/delta_ros' with build type 'ament_python'
[0.388s] Level 1:colcon.colcon_core.shell:create_environment_hook('delta_ros', 'ament_prefix_path')
[0.395s] INFO:colcon.colcon_core.plugin_system:Skipping extension 'colcon_core.shell.bat': Not used on non-Windows systems
[0.396s] INFO:colcon.colcon_core.shell:Creating environment hook '/home/svevqx/delta_bot/software/ros_ws_delta/install/delta_ros/share/delta_ros/hook/ament_prefix_path.ps1'
[0.397s] INFO:colcon.colcon_core.shell:Creating environment descriptor '/home/svevqx/delta_bot/software/ros_ws_delta/install/delta_ros/share/delta_ros/hook/ament_prefix_path.dsv'
[0.399s] INFO:colcon.colcon_core.shell:Creating environment hook '/home/svevqx/delta_bot/software/ros_ws_delta/install/delta_ros/share/delta_ros/hook/ament_prefix_path.sh'
[0.400s] INFO:colcon.colcon_core.shell:Skip shell extension 'powershell' for command environment: Not usable outside of PowerShell
[0.400s] DEBUG:colcon.colcon_core.shell:Skip shell extension 'dsv' for command environment
[0.409s] INFO:colcon.colcon_ros.task.ament_python.build:Building ROS package in '/home/svevqx/delta_bot/software/ros_ws_delta/src/grbl_ros' with build type 'ament_python'
[0.410s] Level 1:colcon.colcon_core.shell:create_environment_hook('grbl_ros', 'ament_prefix_path')
[0.410s] INFO:colcon.colcon_core.shell:Creating environment hook '/home/svevqx/delta_bot/software/ros_ws_delta/install/grbl_ros/share/grbl_ros/hook/ament_prefix_path.ps1'
[0.411s] INFO:colcon.colcon_core.shell:Creating environment descriptor '/home/svevqx/delta_bot/software/ros_ws_delta/install/grbl_ros/share/grbl_ros/hook/ament_prefix_path.dsv'
[0.411s] INFO:colcon.colcon_core.shell:Creating environment hook '/home/svevqx/delta_bot/software/ros_ws_delta/install/grbl_ros/share/grbl_ros/hook/ament_prefix_path.sh'
[0.412s] INFO:colcon.colcon_core.shell:Skip shell extension 'powershell' for command environment: Not usable outside of PowerShell
[0.412s] DEBUG:colcon.colcon_core.shell:Skip shell extension 'dsv' for command environment
[0.777s] INFO:colcon.colcon_core.task.python.build:Building Python package in '/home/svevqx/delta_bot/software/ros_ws_delta/src/delta_ros'
[0.777s] INFO:colcon.colcon_core.shell:Skip shell extension 'powershell' for command environment: Not usable outside of PowerShell
[0.777s] DEBUG:colcon.colcon_core.shell:Skip shell extension 'dsv' for command environment
[1.212s] INFO:colcon.colcon_core.task.python.build:Building Python package in '/home/svevqx/delta_bot/software/ros_ws_delta/src/grbl_ros'
[1.212s] INFO:colcon.colcon_core.shell:Skip shell extension 'powershell' for command environment: Not usable outside of PowerShell
[1.212s] DEBUG:colcon.colcon_core.shell:Skip shell extension 'dsv' for command environment
[2.838s] DEBUG:colcon.colcon_core.event_handler.log_command:Invoking command in '/home/svevqx/delta_bot/software/ros_ws_delta/src/delta_ros': DEBUGINFOD_URLS=https://debuginfod.ubuntu.com PYTHONPATH=/home/svevqx/delta_bot/software/ros_ws_delta/build/delta_ros/prefix_override:/usr/lib/python3/dist-packages/colcon_core/task/python/colcon_distutils_commands:/home/svevqx/delta_bot/software/ros_ws_delta/install/delta_ros/lib/python3.12/site-packages:${PYTHONPATH} /usr/bin/python3 -W ignore:setup.py install is deprecated -W ignore:easy_install command is deprecated setup.py egg_info --egg-base ../../build/delta_ros build --build-base /home/svevqx/delta_bot/software/ros_ws_delta/build/delta_ros/build install --record /home/svevqx/delta_bot/software/ros_ws_delta/build/delta_ros/install.log --single-version-externally-managed install_data
[2.868s] DEBUG:colcon.colcon_core.event_handler.log_command:Invoking command in '/home/svevqx/delta_bot/software/ros_ws_delta/src/grbl_ros': DEBUGINFOD_URLS=https://debuginfod.ubuntu.com PYTHONPATH=/home/svevqx/delta_bot/software/ros_ws_delta/build/grbl_ros/prefix_override:/usr/lib/python3/dist-packages/colcon_core/task/python/colcon_distutils_commands:/home/svevqx/delta_bot/software/ros_ws_delta/install/grbl_ros/lib/python3.12/site-packages:${PYTHONPATH} /usr/bin/python3 -W ignore:setup.py install is deprecated -W ignore:easy_install command is deprecated setup.py egg_info --egg-base ../../build/grbl_ros build --build-base /home/svevqx/delta_bot/software/ros_ws_delta/build/grbl_ros/build install --record /home/svevqx/delta_bot/software/ros_ws_delta/build/grbl_ros/install.log --install-scripts $base/lib/grbl_ros --single-version-externally-managed install_data
[4.263s] DEBUG:colcon.colcon_core.event_handler.log_command:Invoked command in '/home/svevqx/delta_bot/software/ros_ws_delta/src/delta_ros' returned '0': DEBUGINFOD_URLS=https://debuginfod.ubuntu.com PYTHONPATH=/home/svevqx/delta_bot/software/ros_ws_delta/build/delta_ros/prefix_override:/usr/lib/python3/dist-packages/colcon_core/task/python/colcon_distutils_commands:/home/svevqx/delta_bot/software/ros_ws_delta/install/delta_ros/lib/python3.12/site-packages:${PYTHONPATH} /usr/bin/python3 -W ignore:setup.py install is deprecated -W ignore:easy_install command is deprecated setup.py egg_info --egg-base ../../build/delta_ros build --build-base /home/svevqx/delta_bot/software/ros_ws_delta/build/delta_ros/build install --record /home/svevqx/delta_bot/software/ros_ws_delta/build/delta_ros/install.log --single-version-externally-managed install_data
[4.271s] Level 1:colcon.colcon_core.environment:checking '/home/svevqx/delta_bot/software/ros_ws_delta/install/delta_ros' for CMake module files
[4.272s] Level 1:colcon.colcon_core.environment:checking '/home/svevqx/delta_bot/software/ros_ws_delta/install/delta_ros' for CMake config files
[4.273s] Level 1:colcon.colcon_core.environment:checking '/home/svevqx/delta_bot/software/ros_ws_delta/install/delta_ros/lib'
[4.273s] Level 1:colcon.colcon_core.environment:checking '/home/svevqx/delta_bot/software/ros_ws_delta/install/delta_ros/bin'
[4.273s] Level 1:colcon.colcon_core.environment:checking '/home/svevqx/delta_bot/software/ros_ws_delta/install/delta_ros/lib/pkgconfig/delta_ros.pc'
[4.274s] Level 1:colcon.colcon_core.environment:checking '/home/svevqx/delta_bot/software/ros_ws_delta/install/delta_ros/lib/python3.12/site-packages'
[4.274s] Level 1:colcon.colcon_core.shell:create_environment_hook('delta_ros', 'pythonpath')
[4.274s] INFO:colcon.colcon_core.shell:Creating environment hook '/home/svevqx/delta_bot/software/ros_ws_delta/install/delta_ros/share/delta_ros/hook/pythonpath.ps1'
[4.275s] INFO:colcon.colcon_core.shell:Creating environment descriptor '/home/svevqx/delta_bot/software/ros_ws_delta/install/delta_ros/share/delta_ros/hook/pythonpath.dsv'
[4.276s] INFO:colcon.colcon_core.shell:Creating environment hook '/home/svevqx/delta_bot/software/ros_ws_delta/install/delta_ros/share/delta_ros/hook/pythonpath.sh'
[4.277s] Level 1:colcon.colcon_core.environment:checking '/home/svevqx/delta_bot/software/ros_ws_delta/install/delta_ros/bin'
[4.277s] Level 1:colcon.colcon_core.environment:create_environment_scripts_only(delta_ros)
[4.278s] INFO:colcon.colcon_core.shell:Creating package script '/home/svevqx/delta_bot/software/ros_ws_delta/install/delta_ros/share/delta_ros/package.ps1'
[4.279s] INFO:colcon.colcon_core.shell:Creating package descriptor '/home/svevqx/delta_bot/software/ros_ws_delta/install/delta_ros/share/delta_ros/package.dsv'
[4.280s] INFO:colcon.colcon_core.shell:Creating package script '/home/svevqx/delta_bot/software/ros_ws_delta/install/delta_ros/share/delta_ros/package.sh'
[4.281s] INFO:colcon.colcon_core.shell:Creating package script '/home/svevqx/delta_bot/software/ros_ws_delta/install/delta_ros/share/delta_ros/package.bash'
[4.283s] INFO:colcon.colcon_core.shell:Creating package script '/home/svevqx/delta_bot/software/ros_ws_delta/install/delta_ros/share/delta_ros/package.zsh'
[4.284s] Level 1:colcon.colcon_core.environment:create_file_with_runtime_dependencies(/home/svevqx/delta_bot/software/ros_ws_delta/install/delta_ros/share/colcon-core/packages/delta_ros)
[4.287s] Level 1:colcon.colcon_core.environment:checking '/home/svevqx/delta_bot/software/ros_ws_delta/install/grbl_ros' for CMake module files
[4.288s] DEBUG:colcon.colcon_core.event_handler.log_command:Invoked command in '/home/svevqx/delta_bot/software/ros_ws_delta/src/grbl_ros' returned '0': DEBUGINFOD_URLS=https://debuginfod.ubuntu.com PYTHONPATH=/home/svevqx/delta_bot/software/ros_ws_delta/build/grbl_ros/prefix_override:/usr/lib/python3/dist-packages/colcon_core/task/python/colcon_distutils_commands:/home/svevqx/delta_bot/software/ros_ws_delta/install/grbl_ros/lib/python3.12/site-packages:${PYTHONPATH} /usr/bin/python3 -W ignore:setup.py install is deprecated -W ignore:easy_install command is deprecated setup.py egg_info --egg-base ../../build/grbl_ros build --build-base /home/svevqx/delta_bot/software/ros_ws_delta/build/grbl_ros/build install --record /home/svevqx/delta_bot/software/ros_ws_delta/build/grbl_ros/install.log --install-scripts $base/lib/grbl_ros --single-version-externally-managed install_data
[4.289s] Level 1:colcon.colcon_core.environment:checking '/home/svevqx/delta_bot/software/ros_ws_delta/install/grbl_ros' for CMake config files
[4.291s] Level 1:colcon.colcon_core.environment:checking '/home/svevqx/delta_bot/software/ros_ws_delta/install/grbl_ros/lib'
[4.291s] Level 1:colcon.colcon_core.environment:checking '/home/svevqx/delta_bot/software/ros_ws_delta/install/grbl_ros/bin'
[4.291s] Level 1:colcon.colcon_core.environment:checking '/home/svevqx/delta_bot/software/ros_ws_delta/install/grbl_ros/lib/pkgconfig/grbl_ros.pc'
[4.291s] Level 1:colcon.colcon_core.environment:checking '/home/svevqx/delta_bot/software/ros_ws_delta/install/grbl_ros/lib/python3.12/site-packages'
[4.292s] Level 1:colcon.colcon_core.shell:create_environment_hook('grbl_ros', 'pythonpath')
[4.292s] INFO:colcon.colcon_core.shell:Creating environment hook '/home/svevqx/delta_bot/software/ros_ws_delta/install/grbl_ros/share/grbl_ros/hook/pythonpath.ps1'
[4.294s] INFO:colcon.colcon_core.shell:Creating environment descriptor '/home/svevqx/delta_bot/software/ros_ws_delta/install/grbl_ros/share/grbl_ros/hook/pythonpath.dsv'
[4.295s] INFO:colcon.colcon_core.shell:Creating environment hook '/home/svevqx/delta_bot/software/ros_ws_delta/install/grbl_ros/share/grbl_ros/hook/pythonpath.sh'
[4.296s] Level 1:colcon.colcon_core.environment:checking '/home/svevqx/delta_bot/software/ros_ws_delta/install/grbl_ros/bin'
[4.296s] Level 1:colcon.colcon_core.environment:create_environment_scripts_only(grbl_ros)
[4.297s] INFO:colcon.colcon_core.shell:Creating package script '/home/svevqx/delta_bot/software/ros_ws_delta/install/grbl_ros/share/grbl_ros/package.ps1'
[4.298s] INFO:colcon.colcon_core.shell:Creating package descriptor '/home/svevqx/delta_bot/software/ros_ws_delta/install/grbl_ros/share/grbl_ros/package.dsv'
[4.298s] INFO:colcon.colcon_core.shell:Creating package script '/home/svevqx/delta_bot/software/ros_ws_delta/install/grbl_ros/share/grbl_ros/package.sh'
[4.299s] INFO:colcon.colcon_core.shell:Creating package script '/home/svevqx/delta_bot/software/ros_ws_delta/install/grbl_ros/share/grbl_ros/package.bash'
[4.300s] INFO:colcon.colcon_core.shell:Creating package script '/home/svevqx/delta_bot/software/ros_ws_delta/install/grbl_ros/share/grbl_ros/package.zsh'
[4.302s] Level 1:colcon.colcon_core.environment:create_file_with_runtime_dependencies(/home/svevqx/delta_bot/software/ros_ws_delta/install/grbl_ros/share/colcon-core/packages/grbl_ros)
[4.302s] DEBUG:colcon.colcon_parallel_executor.executor.parallel:closing loop
[4.303s] DEBUG:colcon.colcon_parallel_executor.executor.parallel:loop closed
[4.303s] DEBUG:colcon.colcon_parallel_executor.executor.parallel:run_until_complete finished with '0'
[4.303s] DEBUG:colcon.colcon_core.event_reactor:joining thread
[4.318s] INFO:colcon.colcon_core.plugin_system:Skipping extension 'colcon_notification.desktop_notification.terminal_notifier': Not used on non-Darwin systems
[4.318s] INFO:colcon.colcon_core.plugin_system:Skipping extension 'colcon_notification.desktop_notification.win32': Not used on non-Windows systems
[4.318s] INFO:colcon.colcon_notification.desktop_notification:Sending desktop notification using 'notify2'
[4.348s] DEBUG:colcon.colcon_core.event_reactor:joined thread
[4.349s] INFO:colcon.colcon_core.shell:Creating prefix script '/home/svevqx/delta_bot/software/ros_ws_delta/install/local_setup.ps1'
[4.351s] INFO:colcon.colcon_core.shell:Creating prefix util module '/home/svevqx/delta_bot/software/ros_ws_delta/install/_local_setup_util_ps1.py'
[4.355s] INFO:colcon.colcon_core.shell:Creating prefix chain script '/home/svevqx/delta_bot/software/ros_ws_delta/install/setup.ps1'
[4.361s] INFO:colcon.colcon_core.shell:Creating prefix script '/home/svevqx/delta_bot/software/ros_ws_delta/install/local_setup.sh'
[4.363s] INFO:colcon.colcon_core.shell:Creating prefix util module '/home/svevqx/delta_bot/software/ros_ws_delta/install/_local_setup_util_sh.py'
[4.364s] INFO:colcon.colcon_core.shell:Creating prefix chain script '/home/svevqx/delta_bot/software/ros_ws_delta/install/setup.sh'
[4.370s] INFO:colcon.colcon_core.shell:Creating prefix script '/home/svevqx/delta_bot/software/ros_ws_delta/install/local_setup.bash'
[4.371s] INFO:colcon.colcon_core.shell:Creating prefix chain script '/home/svevqx/delta_bot/software/ros_ws_delta/install/setup.bash'
[4.377s] INFO:colcon.colcon_core.shell:Creating prefix script '/home/svevqx/delta_bot/software/ros_ws_delta/install/local_setup.zsh'
[4.378s] INFO:colcon.colcon_core.shell:Creating prefix chain script '/home/svevqx/delta_bot/software/ros_ws_delta/install/setup.zsh'
