/home/svevqx/delta_bot/software/ros_ws_delta/src/install/grbl_ros/lib/python3.12/site-packages/grbl_ros/service.py
/home/svevqx/delta_bot/software/ros_ws_delta/src/install/grbl_ros/lib/python3.12/site-packages/grbl_ros/_control.py
/home/svevqx/delta_bot/software/ros_ws_delta/src/install/grbl_ros/lib/python3.12/site-packages/grbl_ros/_logging.py
/home/svevqx/delta_bot/software/ros_ws_delta/src/install/grbl_ros/lib/python3.12/site-packages/grbl_ros/_command.py
/home/svevqx/delta_bot/software/ros_ws_delta/src/install/grbl_ros/lib/python3.12/site-packages/grbl_ros/manager.py
/home/svevqx/delta_bot/software/ros_ws_delta/src/install/grbl_ros/lib/python3.12/site-packages/grbl_ros/_configure.py
/home/svevqx/delta_bot/software/ros_ws_delta/src/install/grbl_ros/lib/python3.12/site-packages/grbl_ros/device.py
/home/svevqx/delta_bot/software/ros_ws_delta/src/install/grbl_ros/lib/python3.12/site-packages/grbl_ros/__init__.py
/home/svevqx/delta_bot/software/ros_ws_delta/src/install/grbl_ros/lib/python3.12/site-packages/grbl_ros/__pycache__/service.cpython-312.pyc
/home/svevqx/delta_bot/software/ros_ws_delta/src/install/grbl_ros/lib/python3.12/site-packages/grbl_ros/__pycache__/_control.cpython-312.pyc
/home/svevqx/delta_bot/software/ros_ws_delta/src/install/grbl_ros/lib/python3.12/site-packages/grbl_ros/__pycache__/_logging.cpython-312.pyc
/home/svevqx/delta_bot/software/ros_ws_delta/src/install/grbl_ros/lib/python3.12/site-packages/grbl_ros/__pycache__/_command.cpython-312.pyc
/home/svevqx/delta_bot/software/ros_ws_delta/src/install/grbl_ros/lib/python3.12/site-packages/grbl_ros/__pycache__/manager.cpython-312.pyc
/home/svevqx/delta_bot/software/ros_ws_delta/src/install/grbl_ros/lib/python3.12/site-packages/grbl_ros/__pycache__/_configure.cpython-312.pyc
/home/svevqx/delta_bot/software/ros_ws_delta/src/install/grbl_ros/lib/python3.12/site-packages/grbl_ros/__pycache__/device.cpython-312.pyc
/home/svevqx/delta_bot/software/ros_ws_delta/src/install/grbl_ros/lib/python3.12/site-packages/grbl_ros/__pycache__/__init__.cpython-312.pyc
/home/svevqx/delta_bot/software/ros_ws_delta/src/install/grbl_ros/share/ament_index/resource_index/packages/grbl_ros
/home/svevqx/delta_bot/software/ros_ws_delta/src/install/grbl_ros/share/grbl_ros/package.xml
/home/svevqx/delta_bot/software/ros_ws_delta/src/install/grbl_ros/share/grbl_ros/launch/grbl_ros.launch.py
/home/svevqx/delta_bot/software/ros_ws_delta/src/install/grbl_ros/share/grbl_ros/config/cnc001.yaml
/home/svevqx/delta_bot/software/ros_ws_delta/src/install/grbl_ros/lib/python3.12/site-packages/grbl_ros-0.0.16-py3.12.egg-info/dependency_links.txt
/home/svevqx/delta_bot/software/ros_ws_delta/src/install/grbl_ros/lib/python3.12/site-packages/grbl_ros-0.0.16-py3.12.egg-info/zip-safe
/home/svevqx/delta_bot/software/ros_ws_delta/src/install/grbl_ros/lib/python3.12/site-packages/grbl_ros-0.0.16-py3.12.egg-info/requires.txt
/home/svevqx/delta_bot/software/ros_ws_delta/src/install/grbl_ros/lib/python3.12/site-packages/grbl_ros-0.0.16-py3.12.egg-info/top_level.txt
/home/svevqx/delta_bot/software/ros_ws_delta/src/install/grbl_ros/lib/python3.12/site-packages/grbl_ros-0.0.16-py3.12.egg-info/SOURCES.txt
/home/svevqx/delta_bot/software/ros_ws_delta/src/install/grbl_ros/lib/python3.12/site-packages/grbl_ros-0.0.16-py3.12.egg-info/entry_points.txt
/home/svevqx/delta_bot/software/ros_ws_delta/src/install/grbl_ros/lib/python3.12/site-packages/grbl_ros-0.0.16-py3.12.egg-info/PKG-INFO
/home/svevqx/delta_bot/software/ros_ws_delta/src/install/grbl_ros/lib/grbl_ros/grbl_manager
/home/svevqx/delta_bot/software/ros_ws_delta/src/install/grbl_ros/lib/grbl_ros/grbl_node
/home/svevqx/delta_bot/software/ros_ws_delta/src/install/grbl_ros/lib/grbl_ros/grbl_service
