[2.628s] Invoking command in '/home/svevqx/delta_bot/software/ros_ws_delta/src/delta_ros': DEBUGINFOD_URLS=https://debuginfod.ubuntu.com PYTHONPATH=/home/svevqx/delta_bot/software/ros_ws_delta/build/delta_ros/prefix_override:/usr/lib/python3/dist-packages/colcon_core/task/python/colcon_distutils_commands:/home/svevqx/delta_bot/software/ros_ws_delta/install/delta_ros/lib/python3.12/site-packages:${PYTHONPATH} /usr/bin/python3 -W ignore:setup.py install is deprecated -W ignore:easy_install command is deprecated setup.py egg_info --egg-base ../../build/delta_ros build --build-base /home/svevqx/delta_bot/software/ros_ws_delta/build/delta_ros/build install --record /home/svevqx/delta_bot/software/ros_ws_delta/build/delta_ros/install.log --single-version-externally-managed install_data
[3.456s] running egg_info
[3.533s] writing ../../build/delta_ros/delta_ros.egg-info/PKG-INFO
[3.534s] writing dependency_links to ../../build/delta_ros/delta_ros.egg-info/dependency_links.txt
[3.534s] writing entry points to ../../build/delta_ros/delta_ros.egg-info/entry_points.txt
[3.534s] writing requirements to ../../build/delta_ros/delta_ros.egg-info/requires.txt
[3.535s] writing top-level names to ../../build/delta_ros/delta_ros.egg-info/top_level.txt
[3.687s] reading manifest file '../../build/delta_ros/delta_ros.egg-info/SOURCES.txt'
[3.689s] adding license file 'LICENSE'
[3.691s] writing manifest file '../../build/delta_ros/delta_ros.egg-info/SOURCES.txt'
[3.691s] running build
[3.693s] running build_py
[3.694s] running install
[3.716s] running install_lib
[3.796s] running install_data
[3.797s] copying launch/depth_processing_launch.py -> /home/svevqx/delta_bot/software/ros_ws_delta/install/delta_ros/share/delta_ros/launch
[3.800s] running install_egg_info
[3.882s] removing '/home/svevqx/delta_bot/software/ros_ws_delta/install/delta_ros/lib/python3.12/site-packages/delta_ros-0.0.0-py3.12.egg-info' (and everything under it)
[3.883s] Copying ../../build/delta_ros/delta_ros.egg-info to /home/svevqx/delta_bot/software/ros_ws_delta/install/delta_ros/lib/python3.12/site-packages/delta_ros-0.0.0-py3.12.egg-info
[3.886s] running install_scripts
[4.290s] Installing effector_to_closest script to /home/svevqx/delta_bot/software/ros_ws_delta/install/delta_ros/lib/delta_ros
[4.293s] writing list of installed files to '/home/svevqx/delta_bot/software/ros_ws_delta/build/delta_ros/install.log'
[4.347s] Invoked command in '/home/svevqx/delta_bot/software/ros_ws_delta/src/delta_ros' returned '0': DEBUGINFOD_URLS=https://debuginfod.ubuntu.com PYTHONPATH=/home/svevqx/delta_bot/software/ros_ws_delta/build/delta_ros/prefix_override:/usr/lib/python3/dist-packages/colcon_core/task/python/colcon_distutils_commands:/home/svevqx/delta_bot/software/ros_ws_delta/install/delta_ros/lib/python3.12/site-packages:${PYTHONPATH} /usr/bin/python3 -W ignore:setup.py install is deprecated -W ignore:easy_install command is deprecated setup.py egg_info --egg-base ../../build/delta_ros build --build-base /home/svevqx/delta_bot/software/ros_ws_delta/build/delta_ros/build install --record /home/svevqx/delta_bot/software/ros_ws_delta/build/delta_ros/install.log --single-version-externally-managed install_data
