running egg_info
creating ../../build/delta_ros/depth_processing_launch.egg-info
writing ../../build/delta_ros/depth_processing_launch.egg-info/PKG-INFO
writing dependency_links to ../../build/delta_ros/depth_processing_launch.egg-info/dependency_links.txt
writing entry points to ../../build/delta_ros/depth_processing_launch.egg-info/entry_points.txt
writing requirements to ../../build/delta_ros/depth_processing_launch.egg-info/requires.txt
writing top-level names to ../../build/delta_ros/depth_processing_launch.egg-info/top_level.txt
writing manifest file '../../build/delta_ros/depth_processing_launch.egg-info/SOURCES.txt'
reading manifest file '../../build/delta_ros/depth_processing_launch.egg-info/SOURCES.txt'
adding license file 'LICENSE'
writing manifest file '../../build/delta_ros/depth_processing_launch.egg-info/SOURCES.txt'
running build
running build_py
copying delta_ros/effector_to_closest.py -> /home/svevqx/delta_bot/software/ros_ws_delta/build/delta_ros/build/lib/delta_ros
running install
running install_lib
copying /home/svevqx/delta_bot/software/ros_ws_delta/build/delta_ros/build/lib/delta_ros/effector_to_closest.py -> /home/svevqx/delta_bot/software/ros_ws_delta/install/delta_ros/lib/python3.12/site-packages/delta_ros
byte-compiling /home/svevqx/delta_bot/software/ros_ws_delta/install/delta_ros/lib/python3.12/site-packages/delta_ros/effector_to_closest.py to effector_to_closest.cpython-312.pyc
running install_data
error: can't copy 'resource/depth_processing_launch': doesn't exist or not a regular file
