[2.450s] Invoking command in '/home/svevqx/delta_bot/software/ros_ws_delta/src/delta_ros': DEBUGINFOD_URLS=https://debuginfod.ubuntu.com PYTHONPATH=/home/svevqx/delta_bot/software/ros_ws_delta/build/delta_ros/prefix_override:/usr/lib/python3/dist-packages/colcon_core/task/python/colcon_distutils_commands:/home/svevqx/delta_bot/software/ros_ws_delta/install/delta_ros/lib/python3.12/site-packages:${PYTHONPATH} /usr/bin/python3 -W ignore:setup.py install is deprecated -W ignore:easy_install command is deprecated setup.py egg_info --egg-base ../../build/delta_ros build --build-base /home/svevqx/delta_bot/software/ros_ws_delta/build/delta_ros/build install --record /home/svevqx/delta_bot/software/ros_ws_delta/build/delta_ros/install.log --single-version-externally-managed install_data
[3.158s] running egg_info
[3.207s] writing ../../build/delta_ros/delta_ros.egg-info/PKG-INFO
[3.208s] writing dependency_links to ../../build/delta_ros/delta_ros.egg-info/dependency_links.txt
[3.208s] writing entry points to ../../build/delta_ros/delta_ros.egg-info/entry_points.txt
[3.209s] writing requirements to ../../build/delta_ros/delta_ros.egg-info/requires.txt
[3.209s] writing top-level names to ../../build/delta_ros/delta_ros.egg-info/top_level.txt
[3.324s] reading manifest file '../../build/delta_ros/delta_ros.egg-info/SOURCES.txt'
[3.324s] adding license file 'LICENSE'
[3.326s] writing manifest file '../../build/delta_ros/delta_ros.egg-info/SOURCES.txt'
[3.327s] running build
[3.327s] running build_py
[3.327s] copying delta_ros/effector_to_closest.py -> /home/svevqx/delta_bot/software/ros_ws_delta/build/delta_ros/build/lib/delta_ros
[3.328s] running install
[3.344s] running install_lib
[3.397s] copying /home/svevqx/delta_bot/software/ros_ws_delta/build/delta_ros/build/lib/delta_ros/effector_to_closest.py -> /home/svevqx/delta_bot/software/ros_ws_delta/install/delta_ros/lib/python3.12/site-packages/delta_ros
[3.399s] byte-compiling /home/svevqx/delta_bot/software/ros_ws_delta/install/delta_ros/lib/python3.12/site-packages/delta_ros/effector_to_closest.py to effector_to_closest.cpython-312.pyc
[3.402s] running install_data
[3.402s] copying package.xml -> /home/svevqx/delta_bot/software/ros_ws_delta/install/delta_ros/share/delta_ros
[3.403s] running install_egg_info
[3.461s] removing '/home/svevqx/delta_bot/software/ros_ws_delta/install/delta_ros/lib/python3.12/site-packages/delta_ros-0.0.0-py3.12.egg-info' (and everything under it)
[3.463s] Copying ../../build/delta_ros/delta_ros.egg-info to /home/svevqx/delta_bot/software/ros_ws_delta/install/delta_ros/lib/python3.12/site-packages/delta_ros-0.0.0-py3.12.egg-info
[3.464s] running install_scripts
[3.819s] Installing effector_to_closest script to /home/svevqx/delta_bot/software/ros_ws_delta/install/delta_ros/lib/delta_ros
[3.820s] writing list of installed files to '/home/svevqx/delta_bot/software/ros_ws_delta/build/delta_ros/install.log'
[3.875s] Invoked command in '/home/svevqx/delta_bot/software/ros_ws_delta/src/delta_ros' returned '0': DEBUGINFOD_URLS=https://debuginfod.ubuntu.com PYTHONPATH=/home/svevqx/delta_bot/software/ros_ws_delta/build/delta_ros/prefix_override:/usr/lib/python3/dist-packages/colcon_core/task/python/colcon_distutils_commands:/home/svevqx/delta_bot/software/ros_ws_delta/install/delta_ros/lib/python3.12/site-packages:${PYTHONPATH} /usr/bin/python3 -W ignore:setup.py install is deprecated -W ignore:easy_install command is deprecated setup.py egg_info --egg-base ../../build/delta_ros build --build-base /home/svevqx/delta_bot/software/ros_ws_delta/build/delta_ros/build install --record /home/svevqx/delta_bot/software/ros_ws_delta/build/delta_ros/install.log --single-version-externally-managed install_data
