running egg_info
creating ../../build/arducam_rclpy_tof_pointcloud/arducam_rclpy_tof_pointcloud.egg-info
writing ../../build/arducam_rclpy_tof_pointcloud/arducam_rclpy_tof_pointcloud.egg-info/PKG-INFO
writing dependency_links to ../../build/arducam_rclpy_tof_pointcloud/arducam_rclpy_tof_pointcloud.egg-info/dependency_links.txt
writing entry points to ../../build/arducam_rclpy_tof_pointcloud/arducam_rclpy_tof_pointcloud.egg-info/entry_points.txt
writing requirements to ../../build/arducam_rclpy_tof_pointcloud/arducam_rclpy_tof_pointcloud.egg-info/requires.txt
writing top-level names to ../../build/arducam_rclpy_tof_pointcloud/arducam_rclpy_tof_pointcloud.egg-info/top_level.txt
writing manifest file '../../build/arducam_rclpy_tof_pointcloud/arducam_rclpy_tof_pointcloud.egg-info/SOURCES.txt'
reading manifest file '../../build/arducam_rclpy_tof_pointcloud/arducam_rclpy_tof_pointcloud.egg-info/SOURCES.txt'
writing manifest file '../../build/arducam_rclpy_tof_pointcloud/arducam_rclpy_tof_pointcloud.egg-info/SOURCES.txt'
running build
running build_py
creating /home/svevqx/delta_bot/software/ros_ws_delta/build/arducam_rclpy_tof_pointcloud/build
creating /home/svevqx/delta_bot/software/ros_ws_delta/build/arducam_rclpy_tof_pointcloud/build/lib
creating /home/svevqx/delta_bot/software/ros_ws_delta/build/arducam_rclpy_tof_pointcloud/build/lib/arducam_rclpy_tof_pointcloud
copying arducam_rclpy_tof_pointcloud/tof_pointcloud.py -> /home/svevqx/delta_bot/software/ros_ws_delta/build/arducam_rclpy_tof_pointcloud/build/lib/arducam_rclpy_tof_pointcloud
copying arducam_rclpy_tof_pointcloud/__init__.py -> /home/svevqx/delta_bot/software/ros_ws_delta/build/arducam_rclpy_tof_pointcloud/build/lib/arducam_rclpy_tof_pointcloud
running install
running install_lib
creating /home/svevqx/delta_bot/software/ros_ws_delta/install/arducam_rclpy_tof_pointcloud/lib/python3.12/site-packages/arducam_rclpy_tof_pointcloud
copying /home/svevqx/delta_bot/software/ros_ws_delta/build/arducam_rclpy_tof_pointcloud/build/lib/arducam_rclpy_tof_pointcloud/tof_pointcloud.py -> /home/svevqx/delta_bot/software/ros_ws_delta/install/arducam_rclpy_tof_pointcloud/lib/python3.12/site-packages/arducam_rclpy_tof_pointcloud
copying /home/svevqx/delta_bot/software/ros_ws_delta/build/arducam_rclpy_tof_pointcloud/build/lib/arducam_rclpy_tof_pointcloud/__init__.py -> /home/svevqx/delta_bot/software/ros_ws_delta/install/arducam_rclpy_tof_pointcloud/lib/python3.12/site-packages/arducam_rclpy_tof_pointcloud
byte-compiling /home/svevqx/delta_bot/software/ros_ws_delta/install/arducam_rclpy_tof_pointcloud/lib/python3.12/site-packages/arducam_rclpy_tof_pointcloud/tof_pointcloud.py to tof_pointcloud.cpython-312.pyc
byte-compiling /home/svevqx/delta_bot/software/ros_ws_delta/install/arducam_rclpy_tof_pointcloud/lib/python3.12/site-packages/arducam_rclpy_tof_pointcloud/__init__.py to __init__.cpython-312.pyc
running install_data
creating /home/svevqx/delta_bot/software/ros_ws_delta/install/arducam_rclpy_tof_pointcloud/share/ament_index
creating /home/svevqx/delta_bot/software/ros_ws_delta/install/arducam_rclpy_tof_pointcloud/share/ament_index/resource_index
creating /home/svevqx/delta_bot/software/ros_ws_delta/install/arducam_rclpy_tof_pointcloud/share/ament_index/resource_index/packages
copying resource/arducam_rclpy_tof_pointcloud -> /home/svevqx/delta_bot/software/ros_ws_delta/install/arducam_rclpy_tof_pointcloud/share/ament_index/resource_index/packages
copying package.xml -> /home/svevqx/delta_bot/software/ros_ws_delta/install/arducam_rclpy_tof_pointcloud/share/arducam_rclpy_tof_pointcloud
running install_egg_info
Copying ../../build/arducam_rclpy_tof_pointcloud/arducam_rclpy_tof_pointcloud.egg-info to /home/svevqx/delta_bot/software/ros_ws_delta/install/arducam_rclpy_tof_pointcloud/lib/python3.12/site-packages/arducam_rclpy_tof_pointcloud-0.0.1-py3.12.egg-info
running install_scripts
Installing tof_pointcloud script to /home/svevqx/delta_bot/software/ros_ws_delta/install/arducam_rclpy_tof_pointcloud/lib/arducam_rclpy_tof_pointcloud
writing list of installed files to '/home/svevqx/delta_bot/software/ros_ws_delta/build/arducam_rclpy_tof_pointcloud/install.log'
